Symbol: _DATE.DAYMON (gbasic.s19) = 0005
Symbol: _DATE.DAYMONBCD (gbasic.s19) = 000F
Symbol: _DATE.DAYYR (gbasic.s19) = 0002
Symbol: _DATE.DAYYRBCD (gbasic.s19) = 000C
Symbol: _DATE.HOUR (gbasic.s19) = 0006
Symbol: _DATE.HOURBCD (gbasic.s19) = 0010
Symbol: _DATE.HUND (gbasic.s19) = 0009
Symbol: _DATE.HUNDBCD (gbasic.s19) = 0013
Symbol: _DATE.MIN (gbasic.s19) = 0007
Symbol: _DATE.MINBCD (gbasic.s19) = 0011
Symbol: _DATE.MON (gbasic.s19) = 0004
Symbol: _DATE.MONBCD (gbasic.s19) = 000E
Symbol: _DATE.SEC (gbasic.s19) = 0008
Symbol: _DATE.SECBCD (gbasic.s19) = 0012
Symbol: _DATE.YEAR (gbasic.s19) = 0000
Symbol: _DATE.YEARBCD (gbasic.s19) = 000A
Symbol: ABS (gbasic.s19) = 23F7
Symbol: ACIA_BASE (gbasic.s19) = FFE8
Symbol: AD30 (gbasic.s19) = 10D7
Symbol: AD3OLD (gbasic.s19) = 10E1
Symbol: ARYDIS (gbasic.s19) = 4008
Symbol: ARYEND (gbasic.s19) = 401F
Symbol: ARYTAB (gbasic.s19) = 401D
Symbol: ASC (gbasic.s19) = 1E3F
Symbol: ASCIIOK (gbasic.s19) = 10AA
Symbol: ATN (gbasic.s19) = 2788
Symbol: BACDST (gbasic.s19) = 101B
Symbol: BANK_BASE (gbasic.s19) = FFEC
Symbol: BASIC_CODE (gbasic.s19) = 1000
Symbol: BASIC_STATE (gbasic.s19) = 4000
Symbol: BAWMST (gbasic.s19) = 10E8
Symbol: BF_RTC_GETTIX (gbasic.s19) = FEC1
Symbol: BF_RTC_SETTIX (gbasic.s19) = FECA
Symbol: BF_S_CPY (gbasic.s19) = FEBE
Symbol: BF_S_EOL (gbasic.s19) = FEB8
Symbol: BF_S_HEXA (gbasic.s19) = FEB5
Symbol: BF_S_INTD (gbasic.s19) = FEC7
Symbol: BF_S_LEN (gbasic.s19) = FEBB
Symbol: BF_S_TOUPPER (gbasic.s19) = FEC4
Symbol: BF_UT_CLRSCR (gbasic.s19) = FEB2
Symbol: BF_UT_GETC (gbasic.s19) = FEA3
Symbol: BF_UT_GETS (gbasic.s19) = FEA6
Symbol: BF_UT_PUTC (gbasic.s19) = FEA9
Symbol: BF_UT_PUTS (gbasic.s19) = FEAC
Symbol: BF_UT_WAITTX (gbasic.s19) = FEAF
Symbol: BF_V_RESET (gbasic.s19) = FEA0
Symbol: BINVAL (gbasic.s19) = 402B
Symbol: BOTSTK (gbasic.s19) = 4017
Symbol: BROMHK (gbasic.s19) = 11DA
Symbol: BS (gbasic.s19) = 0008
Symbol: CHARAC (gbasic.s19) = 4001
Symbol: CHARAD (gbasic.s19) = 4083
Symbol: CHR (gbasic.s19) = 1E2B
Symbol: CLEAR (gbasic.s19) = 160F
Symbol: CMD_TAB (gbasic.s19) = 1345
Symbol: COEFCT (gbasic.s19) = 4055
Symbol: COEFPT (gbasic.s19) = 4064
Symbol: COMPARISON (gbasic.s19) = 1AE3
Symbol: COMVEC (gbasic.s19) = 1109
Symbol: CONT (gbasic.s19) = 15FE
Symbol: COS (gbasic.s19) = 2750
Symbol: CR (gbasic.s19) = 000D
Symbol: CURLIN (gbasic.s19) = 4068
Symbol: DATA (gbasic.s19) = 16A8
Symbol: DATPTR (gbasic.s19) = 4033
Symbol: DATTMP (gbasic.s19) = 4035
Symbol: DATTXT (gbasic.s19) = 4031
Symbol: DEF (gbasic.s19) = 2C3F
Symbol: DEL (gbasic.s19) = 2CFB
Symbol: DEVCFW (gbasic.s19) = 406A
Symbol: DEVLCF (gbasic.s19) = 406B
Symbol: DEVPOS (gbasic.s19) = 406C
Symbol: DEVWID (gbasic.s19) = 406D
Symbol: DIM (gbasic.s19) = 1AED
Symbol: DIMFLG (gbasic.s19) = 4005
Symbol: DONEASCII (gbasic.s19) = 10AC
Symbol: DUMP_ADRS (gbasic.s19) = 4205
Symbol: EDIT (gbasic.s19) = 290B
Symbol: ELSE (gbasic.s19) = 16AB
Symbol: END (gbasic.s19) = 15D5
Symbol: ENDCHR (gbasic.s19) = 4002
Symbol: ENDFLG (gbasic.s19) = 4000
Symbol: ESC (gbasic.s19) = 001B
Symbol: EXEC (gbasic.s19) = 11A8
Symbol: EXECJP (gbasic.s19) = 407A
Symbol: EXP (gbasic.s19) = 28CA
Symbol: FIX (gbasic.s19) = 28FC
Symbol: FOR (gbasic.s19) = 1503
Symbol: FP0EXP (gbasic.s19) = 404F
Symbol: FP0SGN (gbasic.s19) = 4054
Symbol: FP1EXP (gbasic.s19) = 405C
Symbol: FP1SGN (gbasic.s19) = 4061
Symbol: FPA0 (gbasic.s19) = 4050
Symbol: FPA1 (gbasic.s19) = 405D
Symbol: FPA2 (gbasic.s19) = 4013
Symbol: FPCARY (gbasic.s19) = 405B
Symbol: FPSBYT (gbasic.s19) = 4063
Symbol: FRESPC (gbasic.s19) = 4025
Symbol: FRETOP (gbasic.s19) = 4021
Symbol: FUNC_BASE (gbasic.s19) = FEA0
Symbol: FUNC_TAB (gbasic.s19) = 11E9
Symbol: GARBFL (gbasic.s19) = 4007
Symbol: GBASIC_KEYIN (gbasic.s19) = 3427
Symbol: GBASIC_KEYWAIT (gbasic.s19) = 3453
Symbol: GBASIC_PUTCHR (gbasic.s19) = 3435
Symbol: GBASIC_PUTCHR_CR (gbasic.s19) = 3441
Symbol: GBASIC_PUTCHR_SEND (gbasic.s19) = 3443
Symbol: GETCCH (gbasic.s19) = 4082
Symbol: GETNCH (gbasic.s19) = 407C
Symbol: GIVABF (gbasic.s19) = 1C93
Symbol: GO (gbasic.s19) = 164E
Symbol: HEXBYTE (gbasic.s19) = 10CB
Symbol: HEXDOL (gbasic.s19) = 2F56
Symbol: HEXDUMP (gbasic.s19) = 106E
Symbol: HEXLOOP (gbasic.s19) = 1096
Symbol: IF (gbasic.s19) = 16DC
Symbol: IFCTR (gbasic.s19) = 4004
Symbol: IKEYIM (gbasic.s19) = 4073
Symbol: INKEY (gbasic.s19) = 11B6
Symbol: INPFLG (gbasic.s19) = 4009
Symbol: INPUT (gbasic.s19) = 17B7
Symbol: INSTR (gbasic.s19) = 2B4C
Symbol: INT (gbasic.s19) = 2452
Symbol: INTCNV (gbasic.s19) = 1B8C
Symbol: KEYIN (gbasic.s19) = 3427
Symbol: KEYWAIT (gbasic.s19) = 3453
Symbol: L8031 (gbasic.s19) = 1057
Symbol: L837E (gbasic.s19) = 2756
Symbol: L83A3 (gbasic.s19) = 277B
Symbol: L83A6 (gbasic.s19) = 277E
Symbol: L83AB (gbasic.s19) = 2783
Symbol: L83B8 (gbasic.s19) = 2790
Symbol: L83C5 (gbasic.s19) = 279D
Symbol: L83D7 (gbasic.s19) = 27AF
Symbol: L83DC (gbasic.s19) = 27B4
Symbol: L83DF (gbasic.s19) = 27B7
Symbol: L83E0 (gbasic.s19) = 27B8
Symbol: L83E1 (gbasic.s19) = 27B9
Symbol: L83E6 (gbasic.s19) = 27BE
Symbol: L83EB (gbasic.s19) = 27C3
Symbol: L83F0 (gbasic.s19) = 27C8
Symbol: L83F5 (gbasic.s19) = 27CD
Symbol: L83FA (gbasic.s19) = 27D2
Symbol: L83FF (gbasic.s19) = 27D7
Symbol: L8404 (gbasic.s19) = 27DC
Symbol: L8409 (gbasic.s19) = 27E1
Symbol: L840E (gbasic.s19) = 27E6
Symbol: L8413 (gbasic.s19) = 27EB
Symbol: L8418 (gbasic.s19) = 27F0
Symbol: L841D (gbasic.s19) = 27F5
Symbol: L841E (gbasic.s19) = 27F6
Symbol: L8423 (gbasic.s19) = 27FB
Symbol: L8428 (gbasic.s19) = 2800
Symbol: L842D (gbasic.s19) = 2805
Symbol: L8432 (gbasic.s19) = 280A
Symbol: L8437 (gbasic.s19) = 280F
Symbol: L843C (gbasic.s19) = 2814
Symbol: L8441 (gbasic.s19) = 2819
Symbol: L8489 (gbasic.s19) = 2861
Symbol: L8491 (gbasic.s19) = 2869
Symbol: L84AC (gbasic.s19) = 2884
Symbol: L84C4 (gbasic.s19) = 289C
Symbol: L84C9 (gbasic.s19) = 28A1
Symbol: L84CA (gbasic.s19) = 28A2
Symbol: L84CF (gbasic.s19) = 28A7
Symbol: L84D4 (gbasic.s19) = 28AC
Symbol: L84D9 (gbasic.s19) = 28B1
Symbol: L84DE (gbasic.s19) = 28B6
Symbol: L84E3 (gbasic.s19) = 28BB
Symbol: L84E8 (gbasic.s19) = 28C0
Symbol: L84ED (gbasic.s19) = 28C5
Symbol: L8501 (gbasic.s19) = 28D9
Symbol: L8504 (gbasic.s19) = 28DC
Symbol: L8529 (gbasic.s19) = 2901
Symbol: L852C (gbasic.s19) = 2904
Symbol: L8538 (gbasic.s19) = 2910
Symbol: L854D (gbasic.s19) = 2925
Symbol: L855C (gbasic.s19) = 2934
Symbol: L855D (gbasic.s19) = 2935
Symbol: L8570 (gbasic.s19) = 2948
Symbol: L857D (gbasic.s19) = 2955
Symbol: L8581 (gbasic.s19) = 2959
Symbol: L858A (gbasic.s19) = 2962
Symbol: L858C (gbasic.s19) = 2964
Symbol: L8592 (gbasic.s19) = 296A
Symbol: L859D (gbasic.s19) = 2975
Symbol: L85AB (gbasic.s19) = 2983
Symbol: L85AF (gbasic.s19) = 2987
Symbol: L85B3 (gbasic.s19) = 298B
Symbol: L85B4 (gbasic.s19) = 298C
Symbol: L85B6 (gbasic.s19) = 298E
Symbol: L85C2 (gbasic.s19) = 299A
Symbol: L85C3 (gbasic.s19) = 299B
Symbol: L85C7 (gbasic.s19) = 299F
Symbol: L85D1 (gbasic.s19) = 29A9
Symbol: L85D5 (gbasic.s19) = 29AD
Symbol: L85DE (gbasic.s19) = 29B6
Symbol: L85F3 (gbasic.s19) = 29CB
Symbol: L85F5 (gbasic.s19) = 29CD
Symbol: L860F (gbasic.s19) = 29E7
Symbol: L8613 (gbasic.s19) = 29EB
Symbol: L861E (gbasic.s19) = 29F6
Symbol: L8625 (gbasic.s19) = 29FD
Symbol: L8626 (gbasic.s19) = 29FE
Symbol: L862E (gbasic.s19) = 2A06
Symbol: L8630 (gbasic.s19) = 2A08
Symbol: L8634 (gbasic.s19) = 2A0C
Symbol: L8646 (gbasic.s19) = 2A1E
Symbol: L864A (gbasic.s19) = 2A22
Symbol: L8650 (gbasic.s19) = 2A28
Symbol: L8659 (gbasic.s19) = 2A31
Symbol: L865C (gbasic.s19) = 2A34
Symbol: L8665 (gbasic.s19) = 2A3D
Symbol: L866B (gbasic.s19) = 2A43
Symbol: L8679 (gbasic.s19) = 2A51
Symbol: L867C (gbasic.s19) = 2A54
Symbol: L8685 (gbasic.s19) = 2A5D
Symbol: L8687 (gbasic.s19) = 2A5F
Symbol: L8694 (gbasic.s19) = 2A6C
Symbol: L86A6 (gbasic.s19) = 2A7E
Symbol: L86D6 (gbasic.s19) = 2AA4
Symbol: L86EB (gbasic.s19) = 2AB9
Symbol: L86FD (gbasic.s19) = 2ACB
Symbol: L870E (gbasic.s19) = 2ADC
Symbol: L8724 (gbasic.s19) = 2AF2
Symbol: L8727 (gbasic.s19) = 2AF5
Symbol: L872E (gbasic.s19) = 2AFC
Symbol: L873F (gbasic.s19) = 2B0D
Symbol: L8746 (gbasic.s19) = 2B14
Symbol: L8748 (gbasic.s19) = 2B16
Symbol: L8768 (gbasic.s19) = 2B36
Symbol: L876B (gbasic.s19) = 2B39
Symbol: L8776 (gbasic.s19) = 2B44
Symbol: L877B (gbasic.s19) = 2B49
Symbol: L879C (gbasic.s19) = 2B6A
Symbol: L87BE (gbasic.s19) = 2B8C
Symbol: L87CD (gbasic.s19) = 2B9B
Symbol: L87D6 (gbasic.s19) = 2BA4
Symbol: L87D8 (gbasic.s19) = 2BA6
Symbol: L87D9 (gbasic.s19) = 2BA7
Symbol: L87DF (gbasic.s19) = 2BAD
Symbol: L87EB (gbasic.s19) = 2BB9
Symbol: L8800 (gbasic.s19) = 2BCE
Symbol: L880A (gbasic.s19) = 2BD8
Symbol: L880C (gbasic.s19) = 2BDA
Symbol: L880E (gbasic.s19) = 2BDC
Symbol: L881F (gbasic.s19) = 2BED
Symbol: L882E (gbasic.s19) = 2BFC
Symbol: L8834 (gbasic.s19) = 2C02
Symbol: L8845 (gbasic.s19) = 2C13
Symbol: L8862 (gbasic.s19) = 2C30
Symbol: L8866 (gbasic.s19) = 2C34
Symbol: L886E (gbasic.s19) = 2C3C
Symbol: L88A1 (gbasic.s19) = 2C6F
Symbol: L88B1 (gbasic.s19) = 2C7F
Symbol: L88B4 (gbasic.s19) = 2C82
Symbol: L88D9 (gbasic.s19) = 2CA7
Symbol: L88EF (gbasic.s19) = 2CBD
Symbol: L890B (gbasic.s19) = 13B5
Symbol: L890D (gbasic.s19) = 13B7
Symbol: L890F (gbasic.s19) = 2CBE
Symbol: L891C (gbasic.s19) = 2CCB
Symbol: L8927 (gbasic.s19) = 2CD6
Symbol: L892C (gbasic.s19) = 2CDB
Symbol: L8943 (gbasic.s19) = 2CF2
Symbol: L8944 (gbasic.s19) = 2CF3
Symbol: L898C (gbasic.s19) = 2D17
Symbol: L8990 (gbasic.s19) = 2D1B
Symbol: L8992 (gbasic.s19) = 2D1D
Symbol: L8993 (gbasic.s19) = 2D1E
Symbol: L899F (gbasic.s19) = 2D2A
Symbol: L89AE (gbasic.s19) = 2D39
Symbol: L89B4 (gbasic.s19) = 2D3F
Symbol: L89B8 (gbasic.s19) = 2D43
Symbol: L89BF (gbasic.s19) = 2D4A
Symbol: L89C0 (gbasic.s19) = 2D4B
Symbol: L89D2 (gbasic.s19) = 2D50
Symbol: L89E1 (gbasic.s19) = 2D5F
Symbol: L89FC (gbasic.s19) = 2D78
Symbol: L8A02 (gbasic.s19) = 2D7E
Symbol: L8A04 (gbasic.s19) = 2D80
Symbol: L8A20 (gbasic.s19) = 2D9C
Symbol: L8A2D (gbasic.s19) = 2DA9
Symbol: L8A3A (gbasic.s19) = 2DB6
Symbol: L8A3D (gbasic.s19) = 2DB9
Symbol: L8A67 (gbasic.s19) = 2DE3
Symbol: L8A68 (gbasic.s19) = 2DE4
Symbol: L8A71 (gbasic.s19) = 2DED
Symbol: L8A77 (gbasic.s19) = 2DF3
Symbol: L8A83 (gbasic.s19) = 2DFF
Symbol: L8A86 (gbasic.s19) = 2E02
Symbol: L8A90 (gbasic.s19) = 2E0C
Symbol: L8A91 (gbasic.s19) = 2E0D
Symbol: L8A95 (gbasic.s19) = 2E11
Symbol: L8A99 (gbasic.s19) = 2E15
Symbol: L8A9B (gbasic.s19) = 2E17
Symbol: L8AAC (gbasic.s19) = 2E28
Symbol: L8AB2 (gbasic.s19) = 2E2E
Symbol: L8AB9 (gbasic.s19) = 2E35
Symbol: L8AC0 (gbasic.s19) = 2E3C
Symbol: L8AC7 (gbasic.s19) = 2E43
Symbol: L8AD3 (gbasic.s19) = 2E4F
Symbol: L8ADD (gbasic.s19) = 2E59
Symbol: L8AE1 (gbasic.s19) = 2E5D
Symbol: L8AE5 (gbasic.s19) = 2E61
Symbol: L8AE9 (gbasic.s19) = 2E65
Symbol: L8AEB (gbasic.s19) = 2E67
Symbol: L8AED (gbasic.s19) = 2E69
Symbol: L8AEF (gbasic.s19) = 2E6B
Symbol: L8B13 (gbasic.s19) = 2E8C
Symbol: L8B17 (gbasic.s19) = 2E90
Symbol: L8B1B (gbasic.s19) = 2E94
Symbol: L8B24 (gbasic.s19) = 2E9D
Symbol: L8B41 (gbasic.s19) = 2EBA
Symbol: L8B55 (gbasic.s19) = 2ECE
Symbol: L8B67 (gbasic.s19) = 2EE0
Symbol: L8B71 (gbasic.s19) = 2EEA
Symbol: L8B7B (gbasic.s19) = 2EF4
Symbol: L8B7F (gbasic.s19) = 2EF8
Symbol: L8B8A (gbasic.s19) = 2F03
Symbol: L8B8C (gbasic.s19) = 2F05
Symbol: L8BAE (gbasic.s19) = 2F27
Symbol: L8BBE (gbasic.s19) = 2F37
Symbol: L8BC9 (gbasic.s19) = 2F42
Symbol: L8BD9 (gbasic.s19) = 2F52
Symbol: L8BE5 (gbasic.s19) = 2F5E
Symbol: L8BEA (gbasic.s19) = 2F63
Symbol: L8BFF (gbasic.s19) = 2F78
Symbol: L8C07 (gbasic.s19) = 2F80
Symbol: L8C0B (gbasic.s19) = 2F84
Symbol: L8E37 (gbasic.s19) = 2F91
Symbol: L8E3B (gbasic.s19) = 2F95
Symbol: L8E5F (gbasic.s19) = 2FB9
Symbol: L8E69 (gbasic.s19) = 2FC3
Symbol: L8E71 (gbasic.s19) = 2FCB
Symbol: L8E82 (gbasic.s19) = 2FDC
Symbol: L8E88 (gbasic.s19) = 2FE2
Symbol: L8E95 (gbasic.s19) = 2FEF
Symbol: L8EA8 (gbasic.s19) = 3002
Symbol: L8EAE (gbasic.s19) = 3008
Symbol: L8EB4 (gbasic.s19) = 300E
Symbol: L8EB7 (gbasic.s19) = 3011
Symbol: L8EB9 (gbasic.s19) = 3013
Symbol: L8EBB (gbasic.s19) = 3015
Symbol: L8ED2 (gbasic.s19) = 302C
Symbol: L8ED8 (gbasic.s19) = 3032
Symbol: L8EDD (gbasic.s19) = 3037
Symbol: L8EE2 (gbasic.s19) = 303C
Symbol: L8EEF (gbasic.s19) = 3049
Symbol: L8EFB (gbasic.s19) = 3055
Symbol: L8F1A (gbasic.s19) = 3074
Symbol: L8F20 (gbasic.s19) = 307A
Symbol: L8F24 (gbasic.s19) = 307E
Symbol: L8F26 (gbasic.s19) = 3080
Symbol: L8F41 (gbasic.s19) = 309B
Symbol: L8F4F (gbasic.s19) = 30A9
Symbol: L8F5A (gbasic.s19) = 30B4
Symbol: L8F74 (gbasic.s19) = 30CE
Symbol: L8F8F (gbasic.s19) = 30E9
Symbol: L8F96 (gbasic.s19) = 30F0
Symbol: L8FB3 (gbasic.s19) = 310D
Symbol: L8FC4 (gbasic.s19) = 311E
Symbol: L8FC6 (gbasic.s19) = 3120
Symbol: L8FD8 (gbasic.s19) = 3132
Symbol: L8FE3 (gbasic.s19) = 313D
Symbol: L8FE5 (gbasic.s19) = 313F
Symbol: L8FF2 (gbasic.s19) = 314C
Symbol: L8FFA (gbasic.s19) = 3154
Symbol: L9011 (gbasic.s19) = 316B
Symbol: L9015 (gbasic.s19) = 316F
Symbol: L9023 (gbasic.s19) = 317D
Symbol: L902C (gbasic.s19) = 3186
Symbol: L9050 (gbasic.s19) = 31AA
Symbol: L9054 (gbasic.s19) = 31AE
Symbol: L9060 (gbasic.s19) = 31BA
Symbol: L9065 (gbasic.s19) = 31BF
Symbol: L907C (gbasic.s19) = 31D6
Symbol: L9096 (gbasic.s19) = 31F0
Symbol: L909E (gbasic.s19) = 31F8
Symbol: L90A9 (gbasic.s19) = 3203
Symbol: L90AA (gbasic.s19) = 3204
Symbol: L90B2 (gbasic.s19) = 320C
Symbol: L90B3 (gbasic.s19) = 320D
Symbol: L90B8 (gbasic.s19) = 3212
Symbol: L90BD (gbasic.s19) = 3217
Symbol: L90BF (gbasic.s19) = 3219
Symbol: L90CB (gbasic.s19) = 3225
Symbol: L90E2 (gbasic.s19) = 323C
Symbol: L90EA (gbasic.s19) = 3244
Symbol: L90EE (gbasic.s19) = 3248
Symbol: L90FF (gbasic.s19) = 3259
Symbol: L9108 (gbasic.s19) = 3262
Symbol: L910D (gbasic.s19) = 3267
Symbol: L9116 (gbasic.s19) = 3270
Symbol: L911B (gbasic.s19) = 3275
Symbol: L9129 (gbasic.s19) = 3283
Symbol: L9130 (gbasic.s19) = 328A
Symbol: L913C (gbasic.s19) = 3296
Symbol: L9141 (gbasic.s19) = 329B
Symbol: L915A (gbasic.s19) = 32B4
Symbol: L9167 (gbasic.s19) = 32C1
Symbol: L916F (gbasic.s19) = 32C9
Symbol: L9177 (gbasic.s19) = 32D1
Symbol: L9185 (gbasic.s19) = 32DF
Symbol: L919E (gbasic.s19) = 32F8
Symbol: L91A0 (gbasic.s19) = 32FA
Symbol: L91B6 (gbasic.s19) = 3310
Symbol: L91BA (gbasic.s19) = 3314
Symbol: L91C4 (gbasic.s19) = 331E
Symbol: L91CC (gbasic.s19) = 3326
Symbol: L91CD (gbasic.s19) = 3327
Symbol: L91D0 (gbasic.s19) = 332A
Symbol: L91E4 (gbasic.s19) = 333E
Symbol: L91E9 (gbasic.s19) = 3343
Symbol: L91F1 (gbasic.s19) = 334B
Symbol: L9200 (gbasic.s19) = 335A
Symbol: L9202 (gbasic.s19) = 335C
Symbol: L9211 (gbasic.s19) = 336B
Symbol: L9213 (gbasic.s19) = 336D
Symbol: L9235 (gbasic.s19) = 338F
Symbol: L9249 (gbasic.s19) = 33A3
Symbol: L924D (gbasic.s19) = 33A7
Symbol: L9256 (gbasic.s19) = 33B0
Symbol: L9262 (gbasic.s19) = 33BC
Symbol: L9263 (gbasic.s19) = 33BD
Symbol: L926A (gbasic.s19) = 33C4
Symbol: L927A (gbasic.s19) = 33D4
Symbol: L927B (gbasic.s19) = 33D5
Symbol: L9281 (gbasic.s19) = 33DB
Symbol: L928E (gbasic.s19) = 33E8
Symbol: LA00E (gbasic.s19) = 1000
Symbol: LA077 (gbasic.s19) = 101E
Symbol: LA093 (gbasic.s19) = 102C
Symbol: LA0F3 (gbasic.s19) = 10EC
Symbol: LA10D (gbasic.s19) = 10EF
Symbol: LA123 (gbasic.s19) = 10FB
Symbol: LA147 (gbasic.s19) = 111F
Symbol: LA156 (gbasic.s19) = 1149
Symbol: LA165 (gbasic.s19) = 114B
Symbol: LA35F (gbasic.s19) = 114C
Symbol: LA37C (gbasic.s19) = 1152
Symbol: LA38D (gbasic.s19) = 115A
Symbol: LA390 (gbasic.s19) = 115A
Symbol: LA39A (gbasic.s19) = 1161
Symbol: LA3B4 (gbasic.s19) = 116F
Symbol: LA3B8 (gbasic.s19) = 1173
Symbol: LA3C2 (gbasic.s19) = 117D
Symbol: LA3C8 (gbasic.s19) = 1183
Symbol: LA3CC (gbasic.s19) = 1187
Symbol: LA3CD (gbasic.s19) = 1188
Symbol: LA3D9 (gbasic.s19) = 1194
Symbol: LA3E8 (gbasic.s19) = 11A3
Symbol: LA545 (gbasic.s19) = 11AF
Symbol: LA549 (gbasic.s19) = 11B3
Symbol: LA56B (gbasic.s19) = 11BD
Symbol: LA59A (gbasic.s19) = 11CA
Symbol: LA5A1 (gbasic.s19) = 11D1
Symbol: LA5C4 (gbasic.s19) = 11D2
Symbol: LA5C7 (gbasic.s19) = 11D3
Symbol: LA5C9 (gbasic.s19) = 11D5
Symbol: LA5E8 (gbasic.s19) = 2A88
Symbol: LAA24 (gbasic.s19) = 11E4
Symbol: LAA28 (gbasic.s19) = 11E8
Symbol: LAA29 (gbasic.s19) = 11E9
Symbol: LAA51 (gbasic.s19) = 1223
Symbol: LAA66 (gbasic.s19) = 1238
Symbol: LAB1A (gbasic.s19) = 12D8
Symbol: LAB67 (gbasic.s19) = 1345
Symbol: LABAF (gbasic.s19) = 1383
Symbol: LABE1 (gbasic.s19) = 13B9
Symbol: LABE8 (gbasic.s19) = 13C0
Symbol: LABED (gbasic.s19) = 13C5
Symbol: LABEE (gbasic.s19) = 13C6
Symbol: LABF2 (gbasic.s19) = 13CA
Symbol: LABF9 (gbasic.s19) = 13D1
Symbol: LABFB (gbasic.s19) = 13D3
Symbol: LAC16 (gbasic.s19) = 13EE
Symbol: LAC1A (gbasic.s19) = 13F2
Symbol: LAC1E (gbasic.s19) = 13F6
Symbol: LAC20 (gbasic.s19) = 13F8
Symbol: LAC28 (gbasic.s19) = 1400
Symbol: LAC32 (gbasic.s19) = 140A
Symbol: LAC33 (gbasic.s19) = 140B
Symbol: LAC37 (gbasic.s19) = 140F
Symbol: LAC44 (gbasic.s19) = 141C
Symbol: LAC46 (gbasic.s19) = 141E
Symbol: LAC60 (gbasic.s19) = 142A
Symbol: LAC68 (gbasic.s19) = 1432
Symbol: LAC73 (gbasic.s19) = 143D
Symbol: LAC7C (gbasic.s19) = 1446
Symbol: LACA0 (gbasic.s19) = 145E
Symbol: LACA5 (gbasic.s19) = 1463
Symbol: LACA8 (gbasic.s19) = 1466
Symbol: LACC0 (gbasic.s19) = 147D
Symbol: LACC8 (gbasic.s19) = 1485
Symbol: LACDD (gbasic.s19) = 1499
Symbol: LACE9 (gbasic.s19) = 14A5
Symbol: LACEF (gbasic.s19) = 14AB
Symbol: LACF1 (gbasic.s19) = 14AD
Symbol: LACF7 (gbasic.s19) = 14B3
Symbol: LAD01 (gbasic.s19) = 14BD
Symbol: LAD05 (gbasic.s19) = 14C1
Symbol: LAD12 (gbasic.s19) = 14CE
Symbol: LAD14 (gbasic.s19) = 14D0
Symbol: LAD16 (gbasic.s19) = 14D2
Symbol: LAD19 (gbasic.s19) = 14D5
Symbol: LAD21 (gbasic.s19) = 14DD
Symbol: LAD26 (gbasic.s19) = 14E2
Symbol: LAD33 (gbasic.s19) = 14EF
Symbol: LAD59 (gbasic.s19) = 1515
Symbol: LAD7F (gbasic.s19) = 153B
Symbol: LAD90 (gbasic.s19) = 154C
Symbol: LAD9E (gbasic.s19) = 155A
Symbol: LADB1 (gbasic.s19) = 156A
Symbol: LADB4 (gbasic.s19) = 156D
Symbol: LADC0 (gbasic.s19) = 158C
Symbol: LADC6 (gbasic.s19) = 1592
Symbol: LADD4 (gbasic.s19) = 15A4
Symbol: LADE8 (gbasic.s19) = 15BB
Symbol: LADEA (gbasic.s19) = 15BD
Symbol: LADEB (gbasic.s19) = 15BE
Symbol: LADF0 (gbasic.s19) = 15C3
Symbol: LADFA (gbasic.s19) = 15CD
Symbol: LADFB (gbasic.s19) = 15CE
Symbol: LAE0B (gbasic.s19) = 15DB
Symbol: LAE11 (gbasic.s19) = 15E1
Symbol: LAE15 (gbasic.s19) = 15E5
Symbol: LAE22 (gbasic.s19) = 15F2
Symbol: LAE40 (gbasic.s19) = 160E
Symbol: LAE5A (gbasic.s19) = 1628
Symbol: LAE6F (gbasic.s19) = 163D
Symbol: LAE72 (gbasic.s19) = 1640
Symbol: LAE88 (gbasic.s19) = 1650
Symbol: LAE9F (gbasic.s19) = 1667
Symbol: LAEA4 (gbasic.s19) = 166C
Symbol: LAEB6 (gbasic.s19) = 167E
Symbol: LAEBB (gbasic.s19) = 1683
Symbol: LAEBF (gbasic.s19) = 1687
Symbol: LAED2 (gbasic.s19) = 169A
Symbol: LAED7 (gbasic.s19) = 169F
Symbol: LAEDA (gbasic.s19) = 16A2
Symbol: LAEE7 (gbasic.s19) = 16AF
Symbol: LAEE8 (gbasic.s19) = 16B0
Symbol: LAEEA (gbasic.s19) = 16B2
Symbol: LAEEB (gbasic.s19) = 16B3
Symbol: LAEF1 (gbasic.s19) = 16B9
Symbol: LAEF7 (gbasic.s19) = 16BF
Symbol: LAF0C (gbasic.s19) = 16D4
Symbol: LAF22 (gbasic.s19) = 16EA
Symbol: LAF28 (gbasic.s19) = 16F0
Symbol: LAF39 (gbasic.s19) = 1701
Symbol: LAF52 (gbasic.s19) = 171A
Symbol: LAF54 (gbasic.s19) = 171C
Symbol: LAF5D (gbasic.s19) = 1725
Symbol: LAF67 (gbasic.s19) = 172F
Symbol: LAF6B (gbasic.s19) = 1733
Symbol: LAFA4 (gbasic.s19) = 176C
Symbol: LAFB1 (gbasic.s19) = 1779
Symbol: LAFBE (gbasic.s19) = 1786
Symbol: LAFCE (gbasic.s19) = 1796
Symbol: LAFCF (gbasic.s19) = 1797
Symbol: LAFD6 (gbasic.s19) = 179E
Symbol: LAFDC (gbasic.s19) = 179E
Symbol: LAFDF (gbasic.s19) = 17A1
Symbol: LAFEA (gbasic.s19) = 17AC
Symbol: LASTPT (gbasic.s19) = 400D
Symbol: LB00F (gbasic.s19) = 17C2
Symbol: LB01E (gbasic.s19) = 17D1
Symbol: LB02F (gbasic.s19) = 17DE
Symbol: LB035 (gbasic.s19) = 17E4
Symbol: LB03F (gbasic.s19) = 17EE
Symbol: LB049 (gbasic.s19) = 17F4
Symbol: LB04E (gbasic.s19) = 17F9
Symbol: LB069 (gbasic.s19) = 1811
Symbol: LB08B (gbasic.s19) = 182F
Symbol: LB098 (gbasic.s19) = 183C
Symbol: LB09E (gbasic.s19) = 1842
Symbol: LB0A8 (gbasic.s19) = 184C
Symbol: LB0B9 (gbasic.s19) = 185D
Symbol: LB0CD (gbasic.s19) = 1871
Symbol: LB0D5 (gbasic.s19) = 1879
Symbol: LB0E7 (gbasic.s19) = 188B
Symbol: LB0E8 (gbasic.s19) = 188C
Symbol: LB0FE (gbasic.s19) = 18A2
Symbol: LB101 (gbasic.s19) = 18A5
Symbol: LB10A (gbasic.s19) = 18AE
Symbol: LB10C (gbasic.s19) = 18B0
Symbol: LB131 (gbasic.s19) = 18D5
Symbol: LB134 (gbasic.s19) = 18D8
Symbol: LB141 (gbasic.s19) = 18E5
Symbol: LB143 (gbasic.s19) = 18E7
Symbol: LB145 (gbasic.s19) = 18E9
Symbol: LB146 (gbasic.s19) = 18EA
Symbol: LB148 (gbasic.s19) = 18EC
Symbol: LB14F (gbasic.s19) = 18F3
Symbol: LB153 (gbasic.s19) = 18F7
Symbol: LB156 (gbasic.s19) = 18FA
Symbol: LB158 (gbasic.s19) = 18FC
Symbol: LB15A (gbasic.s19) = 18FE
Symbol: LB168 (gbasic.s19) = 190C
Symbol: LB16A (gbasic.s19) = 190E
Symbol: LB181 (gbasic.s19) = 1925
Symbol: LB19F (gbasic.s19) = 1943
Symbol: LB1A7 (gbasic.s19) = 194B
Symbol: LB1B8 (gbasic.s19) = 195C
Symbol: LB1C6 (gbasic.s19) = 196A
Symbol: LB1CB (gbasic.s19) = 196F
Symbol: LB1CC (gbasic.s19) = 1970
Symbol: LB1CE (gbasic.s19) = 1972
Symbol: LB1D4 (gbasic.s19) = 1978
Symbol: LB1DF (gbasic.s19) = 1983
Symbol: LB1E2 (gbasic.s19) = 1986
Symbol: LB1E6 (gbasic.s19) = 198A
Symbol: LB1EA (gbasic.s19) = 198E
Symbol: LB1F4 (gbasic.s19) = 1998
Symbol: LB1FA (gbasic.s19) = 199E
Symbol: LB201 (gbasic.s19) = 19A5
Symbol: LB203 (gbasic.s19) = 19A7
Symbol: LB220 (gbasic.s19) = 19C4
Symbol: LB222 (gbasic.s19) = 19C6
Symbol: LB223 (gbasic.s19) = 19C7
Symbol: LB22C (gbasic.s19) = 19D0
Symbol: LB22F (gbasic.s19) = 19D3
Symbol: LB244 (gbasic.s19) = 19E8
Symbol: LB249 (gbasic.s19) = 19ED
Symbol: LB24E (gbasic.s19) = 19F2
Symbol: LB25F (gbasic.s19) = 1A03
Symbol: LB262 (gbasic.s19) = 1A06
Symbol: LB267 (gbasic.s19) = 1A0B
Symbol: LB26A (gbasic.s19) = 1A0E
Symbol: LB26D (gbasic.s19) = 1A11
Symbol: LB26F (gbasic.s19) = 1A13
Symbol: LB277 (gbasic.s19) = 1A1B
Symbol: LB27C (gbasic.s19) = 1A20
Symbol: LB284 (gbasic.s19) = 1A28
Symbol: LB287 (gbasic.s19) = 1A2B
Symbol: LB290 (gbasic.s19) = 1A34
Symbol: LB29F (gbasic.s19) = 1A42
Symbol: LB2C7 (gbasic.s19) = 1A66
Symbol: LB2C9 (gbasic.s19) = 1A68
Symbol: LB2CE (gbasic.s19) = 1A6D
Symbol: LB2D4 (gbasic.s19) = 1A73
Symbol: LB2D5 (gbasic.s19) = 1A74
Symbol: LB2ED (gbasic.s19) = 1A8C
Symbol: LB2F1 (gbasic.s19) = 1A90
Symbol: LB2F4 (gbasic.s19) = 1A93
Symbol: LB309 (gbasic.s19) = 1AA8
Symbol: LB328 (gbasic.s19) = 1AC7
Symbol: LB32D (gbasic.s19) = 1ACC
Symbol: LB334 (gbasic.s19) = 1AD3
Symbol: LB33F (gbasic.s19) = 1ADE
Symbol: LB348 (gbasic.s19) = 1AE7
Symbol: LB34B (gbasic.s19) = 1AEA
Symbol: LB357 (gbasic.s19) = 1AF6
Symbol: LB35A (gbasic.s19) = 1AF9
Symbol: LB35C (gbasic.s19) = 1AFB
Symbol: LB371 (gbasic.s19) = 1B10
Symbol: LB373 (gbasic.s19) = 1B12
Symbol: LB37B (gbasic.s19) = 1B1A
Symbol: LB385 (gbasic.s19) = 1B24
Symbol: LB395 (gbasic.s19) = 1B34
Symbol: LB3A2 (gbasic.s19) = 1B41
Symbol: LB3AA (gbasic.s19) = 1B49
Symbol: LB3AB (gbasic.s19) = 1B4A
Symbol: LB3DC (gbasic.s19) = 1B7B
Symbol: LB3DE (gbasic.s19) = 1B7D
Symbol: LB3DF (gbasic.s19) = 1B7E
Symbol: LB3E4 (gbasic.s19) = 1B83
Symbol: LB3E6 (gbasic.s19) = 1B85
Symbol: LB3E9 (gbasic.s19) = 1B88
Symbol: LB3FE (gbasic.s19) = 1B9D
Symbol: LB404 (gbasic.s19) = 1BA3
Symbol: LB40A (gbasic.s19) = 1BA9
Symbol: LB42A (gbasic.s19) = 1BC9
Symbol: LB43B (gbasic.s19) = 1BDA
Symbol: LB447 (gbasic.s19) = 1BE6
Symbol: LB44A (gbasic.s19) = 1BE9
Symbol: LB44C (gbasic.s19) = 1BEB
Symbol: LB44F (gbasic.s19) = 1BEE
Symbol: LB461 (gbasic.s19) = 1C00
Symbol: LB46D (gbasic.s19) = 1C0C
Symbol: LB48C (gbasic.s19) = 1C2B
Symbol: LB4A0 (gbasic.s19) = 1C3F
Symbol: LB4A6 (gbasic.s19) = 1C45
Symbol: LB4B9 (gbasic.s19) = 1C58
Symbol: LB4CD (gbasic.s19) = 1C6C
Symbol: LB4CE (gbasic.s19) = 1C6D
Symbol: LB4D8 (gbasic.s19) = 1C77
Symbol: LB4E6 (gbasic.s19) = 1C85
Symbol: LB4EB (gbasic.s19) = 1C8A
Symbol: LB4F3 (gbasic.s19) = 1C92
Symbol: LB50D (gbasic.s19) = 1CAC
Symbol: LB50F (gbasic.s19) = 1CAE
Symbol: LB511 (gbasic.s19) = 1CB0
Symbol: LB516 (gbasic.s19) = 1CB5
Symbol: LB518 (gbasic.s19) = 1CB7
Symbol: LB51A (gbasic.s19) = 1CBB
Symbol: LB51E (gbasic.s19) = 1CBD
Symbol: LB526 (gbasic.s19) = 1CC5
Symbol: LB533 (gbasic.s19) = 1CD2
Symbol: LB537 (gbasic.s19) = 1CD6
Symbol: LB539 (gbasic.s19) = 1CD8
Symbol: LB543 (gbasic.s19) = 1CE2
Symbol: LB54C (gbasic.s19) = 1CEB
Symbol: LB555 (gbasic.s19) = 1CF4
Symbol: LB558 (gbasic.s19) = 1CF7
Symbol: LB56D (gbasic.s19) = 1D0C
Symbol: LB56F (gbasic.s19) = 1D0E
Symbol: LB585 (gbasic.s19) = 1D24
Symbol: LB591 (gbasic.s19) = 1D30
Symbol: LB593 (gbasic.s19) = 1D32
Symbol: LB5A0 (gbasic.s19) = 1D3F
Symbol: LB5A8 (gbasic.s19) = 1D47
Symbol: LB5AA (gbasic.s19) = 1D49
Symbol: LB5B2 (gbasic.s19) = 1D51
Symbol: LB5B4 (gbasic.s19) = 1D53
Symbol: LB5B6 (gbasic.s19) = 1D55
Symbol: LB5CA (gbasic.s19) = 1D69
Symbol: LB5D2 (gbasic.s19) = 1D71
Symbol: LB5D8 (gbasic.s19) = 1D77
Symbol: LB5EC (gbasic.s19) = 1D8B
Symbol: LB5EE (gbasic.s19) = 1D8D
Symbol: LB5EF (gbasic.s19) = 1D8E
Symbol: LB60F (gbasic.s19) = 1DAE
Symbol: LB62A (gbasic.s19) = 1DC9
Symbol: LB643 (gbasic.s19) = 1DE2
Symbol: LB645 (gbasic.s19) = 1DE4
Symbol: LB64A (gbasic.s19) = 1DE9
Symbol: LB64E (gbasic.s19) = 1DED
Symbol: LB654 (gbasic.s19) = 1DF3
Symbol: LB657 (gbasic.s19) = 1DF6
Symbol: LB659 (gbasic.s19) = 1DF8
Symbol: LB66F (gbasic.s19) = 1E0E
Symbol: LB672 (gbasic.s19) = 1E11
Symbol: LB675 (gbasic.s19) = 1E14
Symbol: LB680 (gbasic.s19) = 1E1F
Symbol: LB683 (gbasic.s19) = 1E22
Symbol: LB686 (gbasic.s19) = 1E25
Symbol: LB68F (gbasic.s19) = 1E2E
Symbol: LB69B (gbasic.s19) = 1E3A
Symbol: LB69D (gbasic.s19) = 1E3C
Symbol: LB6A4 (gbasic.s19) = 1E43
Symbol: LB6AD (gbasic.s19) = 1E4C
Symbol: LB6AE (gbasic.s19) = 1E4D
Symbol: LB6B5 (gbasic.s19) = 1E54
Symbol: LB6DE (gbasic.s19) = 1E7D
Symbol: LB6F5 (gbasic.s19) = 1E94
Symbol: LB706 (gbasic.s19) = 1EA5
Symbol: LB709 (gbasic.s19) = 1EA8
Symbol: LB70B (gbasic.s19) = 1EAA
Symbol: LB70E (gbasic.s19) = 1EAD
Symbol: LB734 (gbasic.s19) = 1ED3
Symbol: LB738 (gbasic.s19) = 1ED7
Symbol: LB73D (gbasic.s19) = 1EDC
Symbol: LB740 (gbasic.s19) = 1EDF
Symbol: LB783 (gbasic.s19) = 1F1C
Symbol: LB784 (gbasic.s19) = 1F1D
Symbol: LB789 (gbasic.s19) = 1F22
Symbol: LB78D (gbasic.s19) = 1F26
Symbol: LB797 (gbasic.s19) = 1F30
Symbol: LB79F (gbasic.s19) = 1F33
Symbol: LB7B9 (gbasic.s19) = 1F4D
Symbol: LB7C2 (gbasic.s19) = 1F56
Symbol: LB7CB (gbasic.s19) = 1F5C
Symbol: LB7E0 (gbasic.s19) = 1F71
Symbol: LB7E2 (gbasic.s19) = 1F73
Symbol: LB7E6 (gbasic.s19) = 1F77
Symbol: LB7F1 (gbasic.s19) = 1F82
Symbol: LB7F3 (gbasic.s19) = 1F84
Symbol: LB801 (gbasic.s19) = 1F92
Symbol: LB804 (gbasic.s19) = 1F95
Symbol: LB80A (gbasic.s19) = 1F9B
Symbol: LB814 (gbasic.s19) = 1FA5
Symbol: LB820 (gbasic.s19) = 1FB1
Symbol: LB821 (gbasic.s19) = 1FB2
Symbol: LB829 (gbasic.s19) = 1FB7
Symbol: LB82D (gbasic.s19) = 1FBB
Symbol: LB842 (gbasic.s19) = 1FD0
Symbol: LB844 (gbasic.s19) = 1FD2
Symbol: LB852 (gbasic.s19) = 1FE0
Symbol: LB85A (gbasic.s19) = 1FE8
Symbol: LB85C (gbasic.s19) = 1FEA
Symbol: LB86B (gbasic.s19) = 1FF9
Symbol: LB873 (gbasic.s19) = 2001
Symbol: LB87C (gbasic.s19) = 200A
Symbol: LB87E (gbasic.s19) = 200C
Symbol: LB886 (gbasic.s19) = 2014
Symbol: LB88A (gbasic.s19) = 2018
Symbol: LB892 (gbasic.s19) = 2020
Symbol: LB89B (gbasic.s19) = 2029
Symbol: LB89D (gbasic.s19) = 202B
Symbol: LB8A6 (gbasic.s19) = 2034
Symbol: LB8A8 (gbasic.s19) = 2036
Symbol: LB8C2 (gbasic.s19) = 2050
Symbol: LB8C6 (gbasic.s19) = 2054
Symbol: LB8CE (gbasic.s19) = 205C
Symbol: LB8D2 (gbasic.s19) = 2060
Symbol: LB8D4 (gbasic.s19) = 2062
Symbol: LB8EA (gbasic.s19) = 2078
Symbol: LB8F1 (gbasic.s19) = 207F
Symbol: LB8FE (gbasic.s19) = 208A
Symbol: LB918 (gbasic.s19) = 208A
Symbol: LB91B (gbasic.s19) = 208D
Symbol: LB91D (gbasic.s19) = 208F
Symbol: LB938 (gbasic.s19) = 20AA
Symbol: LB949 (gbasic.s19) = 20B1
Symbol: LB954 (gbasic.s19) = 20BC
Symbol: LB958 (gbasic.s19) = 20C0
Symbol: LB95C (gbasic.s19) = 20C4
Symbol: LB965 (gbasic.s19) = 20CD
Symbol: LB966 (gbasic.s19) = 20CE
Symbol: LB975 (gbasic.s19) = 20DD
Symbol: LB977 (gbasic.s19) = 20DF
Symbol: LB97E (gbasic.s19) = 20E6
Symbol: LB98E (gbasic.s19) = 20F6
Symbol: LB992 (gbasic.s19) = 20F6
Symbol: LB997 (gbasic.s19) = 20FB
Symbol: LB99C (gbasic.s19) = 2100
Symbol: LB99F (gbasic.s19) = 2103
Symbol: LB9A3 (gbasic.s19) = 2107
Symbol: LB9AC (gbasic.s19) = 2110
Symbol: LB9AF (gbasic.s19) = 2113
Symbol: LB9B1 (gbasic.s19) = 2115
Symbol: LB9B4 (gbasic.s19) = 2118
Symbol: LB9B9 (gbasic.s19) = 211D
Symbol: LB9BC (gbasic.s19) = 2120
Symbol: LB9C2 (gbasic.s19) = 2126
Symbol: LB9C5 (gbasic.s19) = 2129
Symbol: LB9CD (gbasic.s19) = 2131
Symbol: LB9E2 (gbasic.s19) = 2146
Symbol: LB9EC (gbasic.s19) = 2150
Symbol: LB9FB (gbasic.s19) = 215F
Symbol: LBA18 (gbasic.s19) = 217C
Symbol: LBA1C (gbasic.s19) = 2180
Symbol: LBA1D (gbasic.s19) = 2181
Symbol: LBA39 (gbasic.s19) = 219D
Symbol: LBA3A (gbasic.s19) = 219E
Symbol: LBA3E (gbasic.s19) = 21A2
Symbol: LBA3F (gbasic.s19) = 21A3
Symbol: LBA44 (gbasic.s19) = 21A8
Symbol: LBA4F (gbasic.s19) = 21B3
Symbol: LBA5C (gbasic.s19) = 21C0
Symbol: LBA66 (gbasic.s19) = 21CA
Symbol: LBA72 (gbasic.s19) = 21D6
Symbol: LBA78 (gbasic.s19) = 21DC
Symbol: LBA79 (gbasic.s19) = 21DD
Symbol: LBA7B (gbasic.s19) = 21DF
Symbol: LBA83 (gbasic.s19) = 21E7
Symbol: LBA91 (gbasic.s19) = 21F5
Symbol: LBA92 (gbasic.s19) = 21F6
Symbol: LBA97 (gbasic.s19) = 21FB
Symbol: LBA9A (gbasic.s19) = 21FE
Symbol: LBAAE (gbasic.s19) = 2212
Symbol: LBAB8 (gbasic.s19) = 221C
Symbol: LBABA (gbasic.s19) = 221E
Symbol: LBAC4 (gbasic.s19) = 2228
Symbol: LBAC5 (gbasic.s19) = 2229
Symbol: LBACA (gbasic.s19) = 222E
Symbol: LBACC (gbasic.s19) = 2230
Symbol: LBAD0 (gbasic.s19) = 2234
Symbol: LBB00 (gbasic.s19) = 2264
Symbol: LBB02 (gbasic.s19) = 2266
Symbol: LBB03 (gbasic.s19) = 2267
Symbol: LBB20 (gbasic.s19) = 2284
Symbol: LBB2E (gbasic.s19) = 2292
Symbol: LBB2F (gbasic.s19) = 2293
Symbol: LBB48 (gbasic.s19) = 22AC
Symbol: LBB5C (gbasic.s19) = 22C0
Symbol: LBB61 (gbasic.s19) = 22C5
Symbol: LBB63 (gbasic.s19) = 22C7
Symbol: LBB67 (gbasic.s19) = 22CB
Symbol: LBB6A (gbasic.s19) = 22CE
Symbol: LBB7C (gbasic.s19) = 22E0
Symbol: LBB7D (gbasic.s19) = 22E1
Symbol: LBB82 (gbasic.s19) = 22E6
Symbol: LBB89 (gbasic.s19) = 22ED
Symbol: LBB8F (gbasic.s19) = 22F3
Symbol: LBB91 (gbasic.s19) = 22F5
Symbol: LBBA4 (gbasic.s19) = 2308
Symbol: LBBBD (gbasic.s19) = 2321
Symbol: LBBCC (gbasic.s19) = 2330
Symbol: LBBD0 (gbasic.s19) = 2334
Symbol: LBBDE (gbasic.s19) = 2342
Symbol: LBBF8 (gbasic.s19) = 235C
Symbol: LBBFC (gbasic.s19) = 2360
Symbol: LBC06 (gbasic.s19) = 236A
Symbol: LBC0B (gbasic.s19) = 236F
Symbol: LBC14 (gbasic.s19) = 2378
Symbol: LBC2A (gbasic.s19) = 238E
Symbol: LBC2F (gbasic.s19) = 2393
Symbol: LBC33 (gbasic.s19) = 2397
Symbol: LBC35 (gbasic.s19) = 2399
Symbol: LBC4A (gbasic.s19) = 23AE
Symbol: LBC4C (gbasic.s19) = 23B0
Symbol: LBC5F (gbasic.s19) = 23C3
Symbol: LBC6D (gbasic.s19) = 23D1
Symbol: LBC71 (gbasic.s19) = 23D5
Symbol: LBC73 (gbasic.s19) = 23D7
Symbol: LBC79 (gbasic.s19) = 23DD
Symbol: LBC7C (gbasic.s19) = 23E0
Symbol: LBC82 (gbasic.s19) = 23E6
Symbol: LBC86 (gbasic.s19) = 23EA
Symbol: LBC96 (gbasic.s19) = 23FA
Symbol: LBCA0 (gbasic.s19) = 2404
Symbol: LBCC3 (gbasic.s19) = 2427
Symbol: LBCC8 (gbasic.s19) = 242C
Symbol: LBCD7 (gbasic.s19) = 243B
Symbol: LBCE4 (gbasic.s19) = 2448
Symbol: LBD09 (gbasic.s19) = 246D
Symbol: LBD11 (gbasic.s19) = 2475
Symbol: LBD12 (gbasic.s19) = 2476
Symbol: LBD25 (gbasic.s19) = 2489
Symbol: LBD2D (gbasic.s19) = 2491
Symbol: LBD31 (gbasic.s19) = 2495
Symbol: LBD35 (gbasic.s19) = 2499
Symbol: LBD53 (gbasic.s19) = 24B7
Symbol: LBD55 (gbasic.s19) = 24B9
Symbol: LBD59 (gbasic.s19) = 24BD
Symbol: LBD61 (gbasic.s19) = 24C5
Symbol: LBD65 (gbasic.s19) = 24C9
Symbol: LBD6F (gbasic.s19) = 24D3
Symbol: LBD78 (gbasic.s19) = 24DC
Symbol: LBD7F (gbasic.s19) = 24E3
Symbol: LBD86 (gbasic.s19) = 24EA
Symbol: LBD99 (gbasic.s19) = 24FD
Symbol: LBDA5 (gbasic.s19) = 2509
Symbol: LBDB6 (gbasic.s19) = 251A
Symbol: LBDBB (gbasic.s19) = 251F
Symbol: LBDC0 (gbasic.s19) = 2524
Symbol: LBDC5 (gbasic.s19) = 2529
Symbol: LBDCC (gbasic.s19) = 2530
Symbol: LBDD6 (gbasic.s19) = 253A
Symbol: LBDD9 (gbasic.s19) = 253D
Symbol: LBDDC (gbasic.s19) = 2540
Symbol: LBDE4 (gbasic.s19) = 2548
Symbol: LBDFF (gbasic.s19) = 2563
Symbol: LBE01 (gbasic.s19) = 2565
Symbol: LBE09 (gbasic.s19) = 256D
Symbol: LBE18 (gbasic.s19) = 257C
Symbol: LBE1F (gbasic.s19) = 2583
Symbol: LBE36 (gbasic.s19) = 259A
Symbol: LBE4B (gbasic.s19) = 25AF
Symbol: LBE50 (gbasic.s19) = 25B4
Symbol: LBE72 (gbasic.s19) = 25D6
Symbol: LBE84 (gbasic.s19) = 25E8
Symbol: LBE8C (gbasic.s19) = 25F0
Symbol: LBE98 (gbasic.s19) = 25FC
Symbol: LBEA3 (gbasic.s19) = 2607
Symbol: LBEAB (gbasic.s19) = 260F
Symbol: LBEB8 (gbasic.s19) = 261C
Symbol: LBEBA (gbasic.s19) = 261E
Symbol: LBEBC (gbasic.s19) = 2620
Symbol: LBEC0 (gbasic.s19) = 2624
Symbol: LBEC5 (gbasic.s19) = 2629
Symbol: LBEC9 (gbasic.s19) = 262D
Symbol: LBECD (gbasic.s19) = 2631
Symbol: LBED1 (gbasic.s19) = 2635
Symbol: LBED5 (gbasic.s19) = 2639
Symbol: LBED9 (gbasic.s19) = 263D
Symbol: LBEDD (gbasic.s19) = 2641
Symbol: LBEE1 (gbasic.s19) = 2645
Symbol: LBEE5 (gbasic.s19) = 2649
Symbol: LBEE9 (gbasic.s19) = 264D
Symbol: LBEEF (gbasic.s19) = 2653
Symbol: LBEF0 (gbasic.s19) = 2654
Symbol: LBEFC (gbasic.s19) = 2660
Symbol: LBEFF (gbasic.s19) = 2663
Symbol: LBF01 (gbasic.s19) = 2665
Symbol: LBF0C (gbasic.s19) = 2670
Symbol: LBF38 (gbasic.s19) = 269C
Symbol: LBF3B (gbasic.s19) = 269F
Symbol: LBF45 (gbasic.s19) = 26A7
Symbol: LBFA6 (gbasic.s19) = 2706
Symbol: LBFA9 (gbasic.s19) = 2709
Symbol: LBFB7 (gbasic.s19) = 2717
Symbol: LBFBD (gbasic.s19) = 271D
Symbol: LBFC2 (gbasic.s19) = 2722
Symbol: LBFC7 (gbasic.s19) = 2727
Symbol: LBFC8 (gbasic.s19) = 2728
Symbol: LBFCD (gbasic.s19) = 272D
Symbol: LBFD2 (gbasic.s19) = 2732
Symbol: LBFD7 (gbasic.s19) = 2737
Symbol: LBFDC (gbasic.s19) = 273C
Symbol: LBFE1 (gbasic.s19) = 2741
Symbol: LBUFMX (gbasic.s19) = 00FA
Symbol: LEFT (gbasic.s19) = 1E4A
Symbol: LEN (gbasic.s19) = 1E20
Symbol: LET (gbasic.s19) = 1751
Symbol: LF (gbasic.s19) = 000A
Symbol: LINBUF (gbasic.s19) = 40E1
Symbol: LINE (gbasic.s19) = 33E9
Symbol: LINHDR (gbasic.s19) = 40DF
Symbol: LIST (gbasic.s19) = 1EFD
Symbol: LOG (gbasic.s19) = 281E
Symbol: LPTCFW (gbasic.s19) = 4076
Symbol: LPTLCF (gbasic.s19) = 4077
Symbol: LPTPOS (gbasic.s19) = 4079
Symbol: LPTWID (gbasic.s19) = 4078
Symbol: LSTTXT (gbasic.s19) = 4066
Symbol: MAXLIN (gbasic.s19) = 00FA
Symbol: MBANK_0 (gbasic.s19) = FFEC
Symbol: MBANK_1 (gbasic.s19) = FFED
Symbol: MBANK_2 (gbasic.s19) = FFEE
Symbol: MBANK_3 (gbasic.s19) = FFEF
Symbol: MEM (gbasic.s19) = 1C8D
Symbol: MEMSIZ (gbasic.s19) = 4027
Symbol: MID (gbasic.s19) = 1E6E
Symbol: NEW (gbasic.s19) = 14D3
Symbol: NEXT (gbasic.s19) = 189C
Symbol: NOTQUOTE (gbasic.s19) = 10A1
Symbol: NUL (gbasic.s19) = 0000
Symbol: NUM_SEC_FNS (gbasic.s19) = 001D
Symbol: OLDPTR (gbasic.s19) = 402D
Symbol: OLDTXT (gbasic.s19) = 4029
Symbol: ON (gbasic.s19) = 170A
Symbol: OPL3_BASE (gbasic.s19) = FFE0
Symbol: PEEK (gbasic.s19) = 1EEF
Symbol: POKE (gbasic.s19) = 1EF6
Symbol: POS (gbasic.s19) = 2A84
Symbol: PRINT (gbasic.s19) = 2085
Symbol: PROGST (gbasic.s19) = 4207
Symbol: PUTCHR (gbasic.s19) = 3435
Symbol: RAM_TOP (gbasic.s19) = F000
Symbol: READ (gbasic.s19) = 17F1
Symbol: RELFLG (gbasic.s19) = 400A
Symbol: RELPTR (gbasic.s19) = 403D
Symbol: REM (gbasic.s19) = 16AB
Symbol: RENUM (gbasic.s19) = 2D85
Symbol: RESSGN (gbasic.s19) = 4062
Symbol: RESTOR (gbasic.s19) = 15B7
Symbol: RESVEC (gbasic.s19) = 1000
Symbol: RETURN (gbasic.s19) = 1688
Symbol: RIGHT (gbasic.s19) = 1E67
Symbol: RND (gbasic.s19) = 2683
Symbol: RSEED (gbasic.s19) = 26D4
Symbol: RSTFLG (gbasic.s19) = 406E
Symbol: RSTVEC (gbasic.s19) = 406F
Symbol: RUN (gbasic.s19) = 1643
Symbol: RVSEED (gbasic.s19) = 409E
Symbol: SECTOK (gbasic.s19) = 15AC
Symbol: SGN (gbasic.s19) = 23DE
Symbol: SIN (gbasic.s19) = 26D8
Symbol: sizeof{_DATE} (gbasic.s19) = 0014
Symbol: SKP1 (gbasic.s19) = 0021
Symbol: SKP1LD (gbasic.s19) = 0086
Symbol: SKP2 (gbasic.s19) = 008C
Symbol: SPACE (gbasic.s19) = 0020
Symbol: SQR (gbasic.s19) = 2858
Symbol: STKBUF (gbasic.s19) = 003A
Symbol: STOP (gbasic.s19) = 15D9
Symbol: STR (gbasic.s19) = 1C9C
Symbol: STRBUF (gbasic.s19) = 41DC
Symbol: STRDES (gbasic.s19) = 4056
Symbol: STRING (gbasic.s19) = 2B1C
Symbol: STRSTK (gbasic.s19) = 40B7
Symbol: STRTAB (gbasic.s19) = 4023
Symbol: TAN (gbasic.s19) = 2759
Symbol: TEMPPT (gbasic.s19) = 400B
Symbol: TEMPTR (gbasic.s19) = 400F
Symbol: TILDE (gbasic.s19) = 007E
Symbol: TINPTR (gbasic.s19) = 402F
Symbol: TMPLOC (gbasic.s19) = 4003
Symbol: TMPTR1 (gbasic.s19) = 4011
Symbol: TOK_DATA (gbasic.s19) = 0086
Symbol: TOK_ELSE (gbasic.s19) = 0084
Symbol: TOK_EQUALS (gbasic.s19) = 00AE
Symbol: TOK_FF_USR (gbasic.s19) = FF83
Symbol: TOK_FN (gbasic.s19) = 00B0
Symbol: TOK_GO (gbasic.s19) = 0081
Symbol: TOK_GREATER (gbasic.s19) = 00AD
Symbol: TOK_HIGH_EXEC (gbasic.s19) = 009E
Symbol: TOK_IF (gbasic.s19) = 0085
Symbol: TOK_INKEY (gbasic.s19) = 0098
Symbol: TOK_INPUT (gbasic.s19) = 0089
Symbol: TOK_LEFT (gbasic.s19) = 0095
Symbol: TOK_MID (gbasic.s19) = 0097
Symbol: TOK_MINUS (gbasic.s19) = 00A7
Symbol: TOK_NOT (gbasic.s19) = 00A3
Symbol: TOK_PLUS (gbasic.s19) = 00A6
Symbol: TOK_PRINT (gbasic.s19) = 0087
Symbol: TOK_REM (gbasic.s19) = 0082
Symbol: TOK_SNGL_Q (gbasic.s19) = 0083
Symbol: TOK_STEP (gbasic.s19) = 00A4
Symbol: TOK_SUB (gbasic.s19) = 00A1
Symbol: TOK_TAB (gbasic.s19) = 009F
Symbol: TOK_THEN (gbasic.s19) = 00A2
Symbol: TOK_TO (gbasic.s19) = 00A0
Symbol: TOK_USING (gbasic.s19) = 00B1
Symbol: TOK_USR (gbasic.s19) = 0083
Symbol: TOPRAM (gbasic.s19) = 4071
Symbol: TRCFLG (gbasic.s19) = 408C
Symbol: TRELFL (gbasic.s19) = 403F
Symbol: TROFF (gbasic.s19) = 2A80
Symbol: TRON (gbasic.s19) = 2A7F
Symbol: TXTTAB (gbasic.s19) = 4019
Symbol: USR0 (gbasic.s19) = 40A3
Symbol: USRADR (gbasic.s19) = 408D
Symbol: USRJMP (gbasic.s19) = 409B
Symbol: V40 (gbasic.s19) = 4040
Symbol: V41 (gbasic.s19) = 4041
Symbol: V42 (gbasic.s19) = 4042
Symbol: V43 (gbasic.s19) = 4043
Symbol: V44 (gbasic.s19) = 4044
Symbol: V45 (gbasic.s19) = 4045
Symbol: V46 (gbasic.s19) = 4046
Symbol: V47 (gbasic.s19) = 4047
Symbol: V48 (gbasic.s19) = 4048
Symbol: V4A (gbasic.s19) = 404A
Symbol: V4B (gbasic.s19) = 404B
Symbol: V4D (gbasic.s19) = 404D
Symbol: VAB (gbasic.s19) = 4088
Symbol: VAC (gbasic.s19) = 4089
Symbol: VAD (gbasic.s19) = 408A
Symbol: VAE (gbasic.s19) = 408B
Symbol: VAL (gbasic.s19) = 1EB5
Symbol: VALTYP (gbasic.s19) = 4006
Symbol: VARDES (gbasic.s19) = 403B
Symbol: VARNAM (gbasic.s19) = 4037
Symbol: VARPT (gbasic.s19) = 2A8C
Symbol: VARPTR (gbasic.s19) = 4039
Symbol: VARTAB (gbasic.s19) = 401B
Symbol: VCF (gbasic.s19) = 408F
Symbol: VD1 (gbasic.s19) = 4091
Symbol: VD3 (gbasic.s19) = 4093
Symbol: VD5 (gbasic.s19) = 4095
Symbol: VD7 (gbasic.s19) = 4097
Symbol: VD8 (gbasic.s19) = 4098
Symbol: VD9 (gbasic.s19) = 4099
Symbol: VDA (gbasic.s19) = 409A
Symbol: VDAT (gbasic.s19) = FFE4
Symbol: VDP_BASE (gbasic.s19) = FFE4
Symbol: VIA_BASE (gbasic.s19) = FFB0
Symbol: VIND (gbasic.s19) = FFE7
Symbol: VPAL (gbasic.s19) = FFE6
Symbol: VREG (gbasic.s19) = FFE5
Symbol: XVEC15 (gbasic.s19) = 2C14
Symbol: XVEC19 (gbasic.s19) = 2BB3
Symbol: XVEC9 (gbasic.s19) = 2FEA
Symbol: ZERO (gbasic.s19) = 4074
