Symbol: BANK0 (jingle_bisqwit.s19) = 1115
Symbol: BANK1 (jingle_bisqwit.s19) = 1104
Symbol: BF_RTC_GETTIX (jingle_bisqwit.s19) = FEC1
Symbol: BF_RTC_SETTIX (jingle_bisqwit.s19) = FECA
Symbol: BF_S_CPY (jingle_bisqwit.s19) = FEBE
Symbol: BF_S_EOL (jingle_bisqwit.s19) = FEB8
Symbol: BF_S_HEXA (jingle_bisqwit.s19) = FEB5
Symbol: BF_S_INTD (jingle_bisqwit.s19) = FEC7
Symbol: BF_S_LEN (jingle_bisqwit.s19) = FEBB
Symbol: BF_S_TOUPPER (jingle_bisqwit.s19) = FEC4
Symbol: BF_UT_CLRSCR (jingle_bisqwit.s19) = FEB2
Symbol: BF_UT_GETC (jingle_bisqwit.s19) = FEA3
Symbol: BF_UT_GETS (jingle_bisqwit.s19) = FEA6
Symbol: BF_UT_PUTC (jingle_bisqwit.s19) = FEA9
Symbol: BF_UT_PUTS (jingle_bisqwit.s19) = FEAC
Symbol: BF_UT_WAITTX (jingle_bisqwit.s19) = FEAF
Symbol: BF_V_RESET (jingle_bisqwit.s19) = FEA0
Symbol: DELAY (jingle_bisqwit.s19) = 1126
Symbol: DLOOP (jingle_bisqwit.s19) = 1128
Symbol: DLY_F0 (jingle_bisqwit.s19) = 1084
Symbol: DLY_F1 (jingle_bisqwit.s19) = 107A
Symbol: DLY_F2 (jingle_bisqwit.s19) = 1070
Symbol: DLY_VAR0 (jingle_bisqwit.s19) = 108E
Symbol: DLY_VAR1 (jingle_bisqwit.s19) = 1065
Symbol: ENDLOOP (jingle_bisqwit.s19) = 10C2
Symbol: ENDSONG (jingle_bisqwit.s19) = 16DF
Symbol: ENTRYPOINT (jingle_bisqwit.s19) = 1000
Symbol: FUNC_BASE (jingle_bisqwit.s19) = FEA0
Symbol: LOOPEND (jingle_bisqwit.s19) = 10B4
Symbol: OPL3_BASE (jingle_bisqwit.s19) = FFE0
Symbol: OPL_WRITE (jingle_bisqwit.s19) = 10FF
Symbol: SONG (jingle_bisqwit.s19) = 1130
Symbol: SONGLOOP (jingle_bisqwit.s19) = 103F
Symbol: WR_BANK0 (jingle_bisqwit.s19) = 10AA
Symbol: WR_BANK1 (jingle_bisqwit.s19) = 109D
