Symbol: _DATE.DAYMON (lily_highcolor_yjk.s19) = 0005
Symbol: _DATE.DAYMONBCD (lily_highcolor_yjk.s19) = 000F
Symbol: _DATE.DAYYR (lily_highcolor_yjk.s19) = 0002
Symbol: _DATE.DAYYRBCD (lily_highcolor_yjk.s19) = 000C
Symbol: _DATE.HOUR (lily_highcolor_yjk.s19) = 0006
Symbol: _DATE.HOURBCD (lily_highcolor_yjk.s19) = 0010
Symbol: _DATE.HUND (lily_highcolor_yjk.s19) = 0009
Symbol: _DATE.HUNDBCD (lily_highcolor_yjk.s19) = 0013
Symbol: _DATE.MIN (lily_highcolor_yjk.s19) = 0007
Symbol: _DATE.MINBCD (lily_highcolor_yjk.s19) = 0011
Symbol: _DATE.MON (lily_highcolor_yjk.s19) = 0004
Symbol: _DATE.MONBCD (lily_highcolor_yjk.s19) = 000E
Symbol: _DATE.SEC (lily_highcolor_yjk.s19) = 0008
Symbol: _DATE.SECBCD (lily_highcolor_yjk.s19) = 0012
Symbol: _DATE.YEAR (lily_highcolor_yjk.s19) = 0000
Symbol: _DATE.YEARBCD (lily_highcolor_yjk.s19) = 000A
Symbol: ACIA_BASE (lily_highcolor_yjk.s19) = FFE8
Symbol: BANK_BASE (lily_highcolor_yjk.s19) = FFEC
Symbol: BF_RTC_GETTIX (lily_highcolor_yjk.s19) = FEC1
Symbol: BF_RTC_SETTIX (lily_highcolor_yjk.s19) = FECA
Symbol: BF_S_CPY (lily_highcolor_yjk.s19) = FEBE
Symbol: BF_S_EOL (lily_highcolor_yjk.s19) = FEB8
Symbol: BF_S_HEXA (lily_highcolor_yjk.s19) = FEB5
Symbol: BF_S_INTD (lily_highcolor_yjk.s19) = FEC7
Symbol: BF_S_LEN (lily_highcolor_yjk.s19) = FEBB
Symbol: BF_S_TOUPPER (lily_highcolor_yjk.s19) = FEC4
Symbol: BF_UT_CLRSCR (lily_highcolor_yjk.s19) = FEB2
Symbol: BF_UT_GETC (lily_highcolor_yjk.s19) = FEA3
Symbol: BF_UT_GETS (lily_highcolor_yjk.s19) = FEA6
Symbol: BF_UT_PUTC (lily_highcolor_yjk.s19) = FEA9
Symbol: BF_UT_PUTS (lily_highcolor_yjk.s19) = FEAC
Symbol: BF_UT_WAITTX (lily_highcolor_yjk.s19) = FEAF
Symbol: BF_V_RESET (lily_highcolor_yjk.s19) = FEA0
Symbol: CODETAB (lily_highcolor_yjk.s19) = 1003
Symbol: COMPARE (lily_highcolor_yjk.s19) = 1240
Symbol: CR (lily_highcolor_yjk.s19) = 000D
Symbol: DEC_DONE (lily_highcolor_yjk.s19) = 1249
Symbol: DEC_LOOP (lily_highcolor_yjk.s19) = 1222
Symbol: DECODE (lily_highcolor_yjk.s19) = 1218
Symbol: DRAWLOOP (lily_highcolor_yjk.s19) = 11C5
Symbol: END_REPORT (lily_highcolor_yjk.s19) = 12C0
Symbol: ENDCODETAB (lily_highcolor_yjk.s19) = 1103
Symbol: ENTRYPOINT (lily_highcolor_yjk.s19) = 1000
Symbol: ESC (lily_highcolor_yjk.s19) = 001B
Symbol: FUNC_BASE (lily_highcolor_yjk.s19) = FEA0
Symbol: GB_GOTREM (lily_highcolor_yjk.s19) = 1275
Symbol: GB_LOOP (lily_highcolor_yjk.s19) = 1267
Symbol: GET_BITS (lily_highcolor_yjk.s19) = 1261
Symbol: GOTREM (lily_highcolor_yjk.s19) = 1235
Symbol: HUFFIMG (lily_highcolor_yjk.s19) = 12F2
Symbol: HUFFIMG_END (lily_highcolor_yjk.s19) = 6844
Symbol: INIT_YJK (lily_highcolor_yjk.s19) = 119E
Symbol: JHI (lily_highcolor_yjk.s19) = 110D
Symbol: JJ (lily_highcolor_yjk.s19) = 1108
Symbol: JLO (lily_highcolor_yjk.s19) = 110C
Symbol: KHI (lily_highcolor_yjk.s19) = 110B
Symbol: KK (lily_highcolor_yjk.s19) = 1109
Symbol: KLO (lily_highcolor_yjk.s19) = 110A
Symbol: LF (lily_highcolor_yjk.s19) = 000A
Symbol: MBANK_0 (lily_highcolor_yjk.s19) = FFEC
Symbol: MBANK_1 (lily_highcolor_yjk.s19) = FFED
Symbol: MBANK_2 (lily_highcolor_yjk.s19) = FFEE
Symbol: MBANK_3 (lily_highcolor_yjk.s19) = FFEF
Symbol: MSG_CR (lily_highcolor_yjk.s19) = 12BB
Symbol: MSG_END (lily_highcolor_yjk.s19) = 12B4
Symbol: MSG_TOOK (lily_highcolor_yjk.s19) = 12A1
Symbol: NUL (lily_highcolor_yjk.s19) = 0000
Symbol: OPL3_BASE (lily_highcolor_yjk.s19) = FFE0
Symbol: PIXLOOP (lily_highcolor_yjk.s19) = 11F9
Symbol: QCOUNT (lily_highcolor_yjk.s19) = 1105
Symbol: REM (lily_highcolor_yjk.s19) = 1103
Symbol: REMLEN (lily_highcolor_yjk.s19) = 1104
Symbol: SERBUF (lily_highcolor_yjk.s19) = 1121
Symbol: SEX6 (lily_highcolor_yjk.s19) = 1250
Symbol: SEXDONE (lily_highcolor_yjk.s19) = 125D
Symbol: SHLOOP (lily_highcolor_yjk.s19) = 1227
Symbol: sizeof{_DATE} (lily_highcolor_yjk.s19) = 0014
Symbol: SPACE (lily_highcolor_yjk.s19) = 0020
Symbol: START_DRAWING (lily_highcolor_yjk.s19) = 11C2
Symbol: SUB64_XU (lily_highcolor_yjk.s19) = 1285
Symbol: TBL_PARSE (lily_highcolor_yjk.s19) = 1179
Symbol: TCODELEN (lily_highcolor_yjk.s19) = 110E
Symbol: TEND (lily_highcolor_yjk.s19) = 1119
Symbol: TILDE (lily_highcolor_yjk.s19) = 007E
Symbol: TMP8 (lily_highcolor_yjk.s19) = 1110
Symbol: TNUMROWS (lily_highcolor_yjk.s19) = 110F
Symbol: TSTART (lily_highcolor_yjk.s19) = 1111
Symbol: VDAT (lily_highcolor_yjk.s19) = FFE4
Symbol: VDP_BASE (lily_highcolor_yjk.s19) = FFE4
Symbol: VDP_ILOOP (lily_highcolor_yjk.s19) = 1144
Symbol: VDP_INIT (lily_highcolor_yjk.s19) = 1141
Symbol: VDP_SEQ (lily_highcolor_yjk.s19) = 1129
Symbol: VIA_BASE (lily_highcolor_yjk.s19) = FFB0
Symbol: VIND (lily_highcolor_yjk.s19) = FFE7
Symbol: VPAL (lily_highcolor_yjk.s19) = FFE6
Symbol: VREG (lily_highcolor_yjk.s19) = FFE5
Symbol: YY (lily_highcolor_yjk.s19) = 1107
