Symbol: _FOUR (mandelbrot.s19) = 0004
Symbol: _I1 (mandelbrot.s19) = FFFFFFFF
Symbol: _I2 (mandelbrot.s19) = 0001
Symbol: _MAX_ITER (mandelbrot.s19) = 0020
Symbol: _R1 (mandelbrot.s19) = FFFFFFFE
Symbol: _R2 (mandelbrot.s19) = 0001
Symbol: _TWO (mandelbrot.s19) = 0002
Symbol: _TWOFIVESIX (mandelbrot.s19) = 0100
Symbol: _XSZ (mandelbrot.s19) = 00FF
Symbol: _YSZ (mandelbrot.s19) = 00D3
Symbol: AA (mandelbrot.s19) = 1037
Symbol: BB (mandelbrot.s19) = 103B
Symbol: BINDEC (mandelbrot.s19) = 001C
Symbol: DECBIN (mandelbrot.s19) = 0022
Symbol: DONEITER (mandelbrot.s19) = 125E
Symbol: ENTRYPOINT (mandelbrot.s19) = 1000
Symbol: F256 (mandelbrot.s19) = 104B
Symbol: FABS (mandelbrot.s19) = 001E
Symbol: FADD (mandelbrot.s19) = 0000
Symbol: FCMP (mandelbrot.s19) = 00BA
Symbol: FDIV (mandelbrot.s19) = 0006
Symbol: FFIXD (mandelbrot.s19) = 0018
Symbol: FFIXS (mandelbrot.s19) = 0016
Symbol: FFLTD (mandelbrot.s19) = 0026
Symbol: FFLTS (mandelbrot.s19) = 0024
Symbol: FFOUR (mandelbrot.s19) = 1043
Symbol: FINT (mandelbrot.s19) = 0014
Symbol: FLOAT_EXPERIMENT (mandelbrot.s19) = 1073
Symbol: FMOV (mandelbrot.s19) = 009A
Symbol: FMUL (mandelbrot.s19) = 0004
Symbol: FNEG (mandelbrot.s19) = 0020
Symbol: FP_ROM (mandelbrot.s19) = 12B6
Symbol: FPA (mandelbrot.s19) = 1053
Symbol: FPB (mandelbrot.s19) = 1055
Symbol: FPCB (mandelbrot.s19) = 1003
Symbol: FPCB0 (mandelbrot.s19) = 0009
Symbol: FPCB1 (mandelbrot.s19) = 0000
Symbol: FPCB2 (mandelbrot.s19) = 0000
Symbol: FPCB3 (mandelbrot.s19) = 0000
Symbol: FPCB4 (mandelbrot.s19) = 0000
Symbol: FPCB5 (mandelbrot.s19) = 0000
Symbol: FPCMP (mandelbrot.s19) = 00BE
Symbol: FPI2 (mandelbrot.s19) = 1059
Symbol: FPR2 (mandelbrot.s19) = 105B
Symbol: FPREG (mandelbrot.s19) = 12F3
Symbol: FPSTAK (mandelbrot.s19) = 12F5
Symbol: FPSUM (mandelbrot.s19) = 1057
Symbol: FPZ1 (mandelbrot.s19) = 104F
Symbol: FPZ2 (mandelbrot.s19) = 1051
Symbol: FREM (mandelbrot.s19) = 0008
Symbol: FSQRT (mandelbrot.s19) = 0012
Symbol: FSUB (mandelbrot.s19) = 0002
Symbol: FSUM (mandelbrot.s19) = 1047
Symbol: FTCMP (mandelbrot.s19) = 00CC
Symbol: FTPCMP (mandelbrot.s19) = 00D0
Symbol: FTWO (mandelbrot.s19) = 103F
Symbol: I1 (mandelbrot.s19) = 1017
Symbol: I2 (mandelbrot.s19) = 101B
Symbol: NLOOP (mandelbrot.s19) = 11FE
Symbol: NOESCAPE (mandelbrot.s19) = 1226
Symbol: PN (mandelbrot.s19) = 100D
Symbol: PX (mandelbrot.s19) = 1009
Symbol: PY (mandelbrot.s19) = 100B
Symbol: R1 (mandelbrot.s19) = 101F
Symbol: R2 (mandelbrot.s19) = 1023
Symbol: S1 (mandelbrot.s19) = 1027
Symbol: S2 (mandelbrot.s19) = 102B
Symbol: SHVAL (mandelbrot.s19) = 105D
Symbol: VDAT (mandelbrot.s19) = FFE4
Symbol: VDP_BASE (mandelbrot.s19) = FFE4
Symbol: VDP_G7_SEQ (mandelbrot.s19) = 105F
Symbol: VDP_GRAF7 (mandelbrot.s19) = 12A8
Symbol: VDP_GRAF7_SZ (mandelbrot.s19) = 0014
Symbol: VDP_ILOOP7 (mandelbrot.s19) = 12AB
Symbol: VIND (mandelbrot.s19) = FFE7
Symbol: VPAL (mandelbrot.s19) = FFE6
Symbol: VREG (mandelbrot.s19) = FFE5
Symbol: XLOOP (mandelbrot.s19) = 11CA
Symbol: XSZ (mandelbrot.s19) = 100F
Symbol: YLOOP (mandelbrot.s19) = 119A
Symbol: YSZ (mandelbrot.s19) = 1013
Symbol: Z1 (mandelbrot.s19) = 102F
Symbol: Z2 (mandelbrot.s19) = 1033
