Symbol: _DATE.DAYMON (smpug.s19) = 0005
Symbol: _DATE.DAYMONBCD (smpug.s19) = 000F
Symbol: _DATE.DAYYR (smpug.s19) = 0002
Symbol: _DATE.DAYYRBCD (smpug.s19) = 000C
Symbol: _DATE.HOUR (smpug.s19) = 0006
Symbol: _DATE.HOURBCD (smpug.s19) = 0010
Symbol: _DATE.HUND (smpug.s19) = 0009
Symbol: _DATE.HUNDBCD (smpug.s19) = 0013
Symbol: _DATE.MIN (smpug.s19) = 0007
Symbol: _DATE.MINBCD (smpug.s19) = 0011
Symbol: _DATE.MON (smpug.s19) = 0004
Symbol: _DATE.MONBCD (smpug.s19) = 000E
Symbol: _DATE.SEC (smpug.s19) = 0008
Symbol: _DATE.SECBCD (smpug.s19) = 0012
Symbol: _DATE.YEAR (smpug.s19) = 0000
Symbol: _DATE.YEARBCD (smpug.s19) = 000A
Symbol: ACIA_BASE (smpug.s19) = FFE8
Symbol: BACKGROUND1 (smpug.s19) = 0012
Symbol: BACKGROUND2 (smpug.s19) = 0001
Symbol: BANK0 (smpug.s19) = 11DA
Symbol: BANK1 (smpug.s19) = 11C9
Symbol: BANK_BASE (smpug.s19) = FFEC
Symbol: BF_RTC_GETTIX (smpug.s19) = FEC1
Symbol: BF_RTC_SETTIX (smpug.s19) = FECA
Symbol: BF_S_CPY (smpug.s19) = FEBE
Symbol: BF_S_EOL (smpug.s19) = FEB8
Symbol: BF_S_HEXA (smpug.s19) = FEB5
Symbol: BF_S_INTD (smpug.s19) = FEC7
Symbol: BF_S_LEN (smpug.s19) = FEBB
Symbol: BF_S_TOUPPER (smpug.s19) = FEC4
Symbol: BF_UT_CLRSCR (smpug.s19) = FEB2
Symbol: BF_UT_GETC (smpug.s19) = FEA3
Symbol: BF_UT_GETS (smpug.s19) = FEA6
Symbol: BF_UT_PUTC (smpug.s19) = FEA9
Symbol: BF_UT_PUTS (smpug.s19) = FEAC
Symbol: BF_UT_WAITTX (smpug.s19) = FEAF
Symbol: BF_V_RESET (smpug.s19) = FEA0
Symbol: CR (smpug.s19) = 000D
Symbol: DELAY (smpug.s19) = 11EB
Symbol: DISPMODE (smpug.s19) = 0080
Symbol: DLOOP (smpug.s19) = 11ED
Symbol: DLY_F0 (smpug.s19) = 1149
Symbol: DLY_F1 (smpug.s19) = 113F
Symbol: DLY_F2 (smpug.s19) = 1135
Symbol: DLY_VAR0 (smpug.s19) = 1153
Symbol: DLY_VAR1 (smpug.s19) = 112A
Symbol: DM_NTSC (smpug.s19) = 0080
Symbol: DM_PAL (smpug.s19) = 0082
Symbol: DRAWIMG (smpug.s19) = 1007
Symbol: DRAWLOOP (smpug.s19) = 1047
Symbol: DRAWPIXELS (smpug.s19) = 1096
Symbol: DRAWPIXELS8 (smpug.s19) = 1058
Symbol: ELOOP (smpug.s19) = 10B2
Symbol: ELOOP8 (smpug.s19) = 1074
Symbol: ENDIMG (smpug.s19) = 13DF
Symbol: ENDLOOP (smpug.s19) = 1187
Symbol: ENDSONG (smpug.s19) = 198E
Symbol: ENTRYPOINT (smpug.s19) = 1000
Symbol: ESC (smpug.s19) = 001B
Symbol: FOREGROUND1 (smpug.s19) = 0057
Symbol: FOREGROUND2 (smpug.s19) = 0005
Symbol: FUNC_BASE (smpug.s19) = FEA0
Symbol: IMG (smpug.s19) = 1252
Symbol: LF (smpug.s19) = 000A
Symbol: LINELENGTH (smpug.s19) = 0050
Symbol: LOOPEND (smpug.s19) = 1179
Symbol: LOOPPIXELS16 (smpug.s19) = 1099
Symbol: LOOPPIXELS8 (smpug.s19) = 105B
Symbol: MBANK_0 (smpug.s19) = FFEC
Symbol: MBANK_1 (smpug.s19) = FFED
Symbol: MBANK_2 (smpug.s19) = FFEE
Symbol: MBANK_3 (smpug.s19) = FFEF
Symbol: NUL (smpug.s19) = 0000
Symbol: OPL3_BASE (smpug.s19) = FFE0
Symbol: OPL_WRITE (smpug.s19) = 11C4
Symbol: OUTBUF (smpug.s19) = 1205
Symbol: OUTBYTE (smpug.s19) = 1248
Symbol: OUTELEMS (smpug.s19) = 1249
Symbol: PALETTE (smpug.s19) = 124A
Symbol: PIXCNT (smpug.s19) = 1246
Symbol: PIXCOLR (smpug.s19) = 1245
Symbol: PLAYSOUND (smpug.s19) = 10C5
Symbol: SET_PAL (smpug.s19) = 102E
Symbol: sizeof{_DATE} (smpug.s19) = 0014
Symbol: SKIPPLOT (smpug.s19) = 10AF
Symbol: SKIPPLOT8 (smpug.s19) = 1071
Symbol: SONG (smpug.s19) = 13DF
Symbol: SONGLOOP (smpug.s19) = 1104
Symbol: SPACE (smpug.s19) = 0020
Symbol: TILDE (smpug.s19) = 007E
Symbol: U16ELEM (smpug.s19) = 1080
Symbol: U8ELEM (smpug.s19) = 104B
Symbol: VDAT (smpug.s19) = FFE4
Symbol: VDP_BASE (smpug.s19) = FFE4
Symbol: VDP_G4_SEQ (smpug.s19) = 11F5
Symbol: VDP_G4_SZ (smpug.s19) = 0010
Symbol: VDP_INIT (smpug.s19) = 1014
Symbol: VDP_REG2_PAGE0 (smpug.s19) = 0003
Symbol: VDP_REG2_PAGE1 (smpug.s19) = 000B
Symbol: VIA_BASE (smpug.s19) = FFB0
Symbol: VIND (smpug.s19) = FFE7
Symbol: VPAL (smpug.s19) = FFE6
Symbol: VREG (smpug.s19) = FFE5
Symbol: WR_BANK0 (smpug.s19) = 116F
Symbol: WR_BANK1 (smpug.s19) = 1162
