Symbol: _DATE.DAYMON (time_test.s19) = 0005
Symbol: _DATE.DAYMONBCD (time_test.s19) = 000F
Symbol: _DATE.DAYYR (time_test.s19) = 0002
Symbol: _DATE.DAYYRBCD (time_test.s19) = 000C
Symbol: _DATE.HOUR (time_test.s19) = 0006
Symbol: _DATE.HOURBCD (time_test.s19) = 0010
Symbol: _DATE.HUND (time_test.s19) = 0009
Symbol: _DATE.HUNDBCD (time_test.s19) = 0013
Symbol: _DATE.MIN (time_test.s19) = 0007
Symbol: _DATE.MINBCD (time_test.s19) = 0011
Symbol: _DATE.MON (time_test.s19) = 0004
Symbol: _DATE.MONBCD (time_test.s19) = 000E
Symbol: _DATE.SEC (time_test.s19) = 0008
Symbol: _DATE.SECBCD (time_test.s19) = 0012
Symbol: _DATE.YEAR (time_test.s19) = 0000
Symbol: _DATE.YEARBCD (time_test.s19) = 000A
Symbol: ACIA_BASE (time_test.s19) = FFE8
Symbol: AD30 (time_test.s19) = 1102
Symbol: AD3OLD (time_test.s19) = 110C
Symbol: BANK_BASE (time_test.s19) = FFEC
Symbol: BF_RTC_GETTIX (time_test.s19) = FEC1
Symbol: BF_RTC_SETTIX (time_test.s19) = FECA
Symbol: BF_S_CPY (time_test.s19) = FEBE
Symbol: BF_S_EOL (time_test.s19) = FEB8
Symbol: BF_S_HEXA (time_test.s19) = FEB5
Symbol: BF_S_INTD (time_test.s19) = FEC7
Symbol: BF_S_LEN (time_test.s19) = FEBB
Symbol: BF_S_TOUPPER (time_test.s19) = FEC4
Symbol: BF_UT_CLRSCR (time_test.s19) = FEB2
Symbol: BF_UT_GETC (time_test.s19) = FEA3
Symbol: BF_UT_GETS (time_test.s19) = FEA6
Symbol: BF_UT_PUTC (time_test.s19) = FEA9
Symbol: BF_UT_PUTS (time_test.s19) = FEAC
Symbol: BF_UT_WAITTX (time_test.s19) = FEAF
Symbol: BF_V_RESET (time_test.s19) = FEA0
Symbol: BN2BCD (time_test.s19) = 1113
Symbol: CR (time_test.s19) = 000D
Symbol: D10LP (time_test.s19) = 1115
Symbol: D40L (time_test.s19) = 118B
Symbol: D4L (time_test.s19) = 1172
Symbol: DATE_STR_Y (time_test.s19) = 10AA
Symbol: DAYMONBCD (time_test.s19) = 1071
Symbol: DAYS_IN_MONTHS (time_test.s19) = 11C2
Symbol: DAYS_IN_MONTHS_LEAP (time_test.s19) = 11CE
Symbol: DAYSLOOP (time_test.s19) = 122E
Symbol: DY_LEAP (time_test.s19) = 11B2
Symbol: DY_NOTLEAP (time_test.s19) = 11B6
Symbol: END_LEAP (time_test.s19) = 11A4
Symbol: ENDLOOP (time_test.s19) = 10A9
Symbol: ENTRYPOINT (time_test.s19) = 1000
Symbol: ESC (time_test.s19) = 001B
Symbol: FRACS (time_test.s19) = 11DA
Symbol: FUNC_BASE (time_test.s19) = FEA0
Symbol: GOTDAYSM (time_test.s19) = 1288
Symbol: GOTDAYYR (time_test.s19) = 1243
Symbol: GOTHOUR (time_test.s19) = 1253
Symbol: GOTMINUTE (time_test.s19) = 1265
Symbol: GOTMONTH (time_test.s19) = 12AC
Symbol: GOTSECOND (time_test.s19) = 1272
Symbol: HOURBCD (time_test.s19) = 1072
Symbol: HOURSLOOP (time_test.s19) = 1243
Symbol: HUNDBCD (time_test.s19) = 1075
Symbol: I64Y_SUBI32X (time_test.s19) = 114A
Symbol: IS_LEAP (time_test.s19) = 116F
Symbol: LEAP (time_test.s19) = 119F
Symbol: LF (time_test.s19) = 000A
Symbol: MAYBE (time_test.s19) = 117F
Symbol: MBANK_0 (time_test.s19) = FFEC
Symbol: MBANK_1 (time_test.s19) = FFED
Symbol: MBANK_2 (time_test.s19) = FFEE
Symbol: MBANK_3 (time_test.s19) = FFEF
Symbol: MINBCD (time_test.s19) = 1073
Symbol: MONBCD (time_test.s19) = 1070
Symbol: MONLEAP (time_test.s19) = 1285
Symbol: MONTHSLOOP (time_test.s19) = 128B
Symbol: MYBUF (time_test.s19) = 100E
Symbol: NOT_LEAP (time_test.s19) = 1198
Symbol: NUL (time_test.s19) = 0000
Symbol: OPL3_BASE (time_test.s19) = FFE0
Symbol: S_HEXA (time_test.s19) = 10F6
Symbol: SECBCD (time_test.s19) = 1074
Symbol: sizeof{_DATE} (time_test.s19) = 0014
Symbol: SPACE (time_test.s19) = 0020
Symbol: TESTLOOP (time_test.s19) = 1076
Symbol: THISTICKS (time_test.s19) = 104E
Symbol: TICKS_IN_YEAR (time_test.s19) = 11AD
Symbol: TICKS_PER_DAY (time_test.s19) = 11BA
Symbol: TICKS_PER_HOUR (time_test.s19) = 11BE
Symbol: TICKS_PER_LEAP_YEAR (time_test.s19) = 11A5
Symbol: TICKS_PER_MINUTE (time_test.s19) = 03C0
Symbol: TICKS_PER_SECOND (time_test.s19) = 0010
Symbol: TICKS_PER_YEAR (time_test.s19) = 11A9
Symbol: TILDE (time_test.s19) = 007E
Symbol: TIMESET (time_test.s19) = 1006
Symbol: TMP16_0 (time_test.s19) = 105E
Symbol: TMP16_1 (time_test.s19) = 1060
Symbol: TMP64 (time_test.s19) = 1056
Symbol: TMP8_0 (time_test.s19) = 1062
Symbol: TMP8_1 (time_test.s19) = 1063
Symbol: TMPDAYMON (time_test.s19) = 1069
Symbol: TMPDAYYR (time_test.s19) = 1066
Symbol: TMPHOUR (time_test.s19) = 106A
Symbol: TMPMIN (time_test.s19) = 106B
Symbol: TMPMON (time_test.s19) = 1068
Symbol: TMPSEC (time_test.s19) = 106C
Symbol: TMPTICKS (time_test.s19) = 106D
Symbol: TMPYEAR (time_test.s19) = 1064
Symbol: TS_TO_DATE (time_test.s19) = 11EA
Symbol: VDAT (time_test.s19) = FFE4
Symbol: VDP_BASE (time_test.s19) = FFE4
Symbol: VIA_BASE (time_test.s19) = FFB0
Symbol: VIND (time_test.s19) = FFE7
Symbol: VPAL (time_test.s19) = FFE6
Symbol: VREG (time_test.s19) = FFE5
Symbol: Y64_CMPX32 (time_test.s19) = 1125
Symbol: Y64_CMPX32_DONE (time_test.s19) = 1149
Symbol: YEARSLOOP (time_test.s19) = 1219
Symbol: YRHIBCD (time_test.s19) = 106E
Symbol: YRLOWBCD (time_test.s19) = 106F
