Symbol: _DATE.DAYMON (newbasic.s19) = 0005
Symbol: _DATE.DAYMONBCD (newbasic.s19) = 000F
Symbol: _DATE.DAYYR (newbasic.s19) = 0002
Symbol: _DATE.DAYYRBCD (newbasic.s19) = 000C
Symbol: _DATE.HOUR (newbasic.s19) = 0006
Symbol: _DATE.HOURBCD (newbasic.s19) = 0010
Symbol: _DATE.HUND (newbasic.s19) = 0009
Symbol: _DATE.HUNDBCD (newbasic.s19) = 0013
Symbol: _DATE.MIN (newbasic.s19) = 0007
Symbol: _DATE.MINBCD (newbasic.s19) = 0011
Symbol: _DATE.MON (newbasic.s19) = 0004
Symbol: _DATE.MONBCD (newbasic.s19) = 000E
Symbol: _DATE.SEC (newbasic.s19) = 0008
Symbol: _DATE.SECBCD (newbasic.s19) = 0012
Symbol: _DATE.YEAR (newbasic.s19) = 0000
Symbol: _DATE.YEARBCD (newbasic.s19) = 000A
Symbol: ABS (newbasic.s19) = E7DE
Symbol: ACIA_BASE (newbasic.s19) = FFE8
Symbol: ARYDIS (newbasic.s19) = 100B
Symbol: ARYEND (newbasic.s19) = 1022
Symbol: ARYTAB (newbasic.s19) = 1020
Symbol: ASC (newbasic.s19) = 9FD0
Symbol: ATN (newbasic.s19) = EBE2
Symbol: BACDST (newbasic.s19) = 904A
Symbol: BANK_BASE (newbasic.s19) = FFEC
Symbol: BAWMST (newbasic.s19) = 90DE
Symbol: BF_RTC_GETTIX (newbasic.s19) = FEC1
Symbol: BF_RTC_SETTIX (newbasic.s19) = FECA
Symbol: BF_S_CPY (newbasic.s19) = FEBE
Symbol: BF_S_EOL (newbasic.s19) = FEB8
Symbol: BF_S_HEXA (newbasic.s19) = FEB5
Symbol: BF_S_INTD (newbasic.s19) = FEC7
Symbol: BF_S_LEN (newbasic.s19) = FEBB
Symbol: BF_S_TOUPPER (newbasic.s19) = FEC4
Symbol: BF_UT_CLRSCR (newbasic.s19) = FEB2
Symbol: BF_UT_GETC (newbasic.s19) = FEA3
Symbol: BF_UT_GETS (newbasic.s19) = FEA6
Symbol: BF_UT_PUTC (newbasic.s19) = FEA9
Symbol: BF_UT_PUTS (newbasic.s19) = FEAC
Symbol: BF_UT_WAITTX (newbasic.s19) = FEAF
Symbol: BF_V_RESET (newbasic.s19) = FEA0
Symbol: BFRQSV (newbasic.s19) = 90E5
Symbol: BINVAL (newbasic.s19) = 102E
Symbol: BIRQSV (newbasic.s19) = 91E5
Symbol: BOTSTK (newbasic.s19) = 101A
Symbol: BROMHK (newbasic.s19) = 91E6
Symbol: BS (newbasic.s19) = 0008
Symbol: CHARAC (newbasic.s19) = 1004
Symbol: CHARAD (newbasic.s19) = 1086
Symbol: CHR (newbasic.s19) = 9FBB
Symbol: CLEAR (newbasic.s19) = 9674
Symbol: CMD_TAB (newbasic.s19) = 9352
Symbol: COEFCT (newbasic.s19) = 1058
Symbol: COEFPT (newbasic.s19) = 1067
Symbol: COMPARISON (newbasic.s19) = 9BE3
Symbol: COMVEC (newbasic.s19) = 9108
Symbol: CONT (newbasic.s19) = 965F
Symbol: COS (newbasic.s19) = EBA6
Symbol: CR (newbasic.s19) = 000D
Symbol: CURLIN (newbasic.s19) = 106B
Symbol: DATA (newbasic.s19) = 9721
Symbol: DATPTR (newbasic.s19) = 1036
Symbol: DATTMP (newbasic.s19) = 1038
Symbol: DATTXT (newbasic.s19) = 1034
Symbol: DEF (newbasic.s19) = F0CA
Symbol: DEL (newbasic.s19) = F197
Symbol: DEVCFW (newbasic.s19) = 106D
Symbol: DEVLCF (newbasic.s19) = 106E
Symbol: DEVPOS (newbasic.s19) = 106F
Symbol: DEVWID (newbasic.s19) = 1070
Symbol: DIM (newbasic.s19) = 9BED
Symbol: DIMFLG (newbasic.s19) = 1008
Symbol: EDIT (newbasic.s19) = ED70
Symbol: ELSE (newbasic.s19) = 9724
Symbol: END (newbasic.s19) = 962D
Symbol: ENDCHR (newbasic.s19) = 1005
Symbol: ENDFLG (newbasic.s19) = 1003
Symbol: ENTRYPOINT (newbasic.s19) = 1000
Symbol: ESC (newbasic.s19) = 001B
Symbol: EXEC (newbasic.s19) = 91AD
Symbol: EXECJP (newbasic.s19) = 107D
Symbol: EXP (newbasic.s19) = ED2B
Symbol: FIX (newbasic.s19) = ED60
Symbol: FOR (newbasic.s19) = 9543
Symbol: FP0EXP (newbasic.s19) = 1052
Symbol: FP0SGN (newbasic.s19) = 1057
Symbol: FP1EXP (newbasic.s19) = 105F
Symbol: FP1SGN (newbasic.s19) = 1064
Symbol: FPA0 (newbasic.s19) = 1053
Symbol: FPA1 (newbasic.s19) = 1060
Symbol: FPA2 (newbasic.s19) = 1016
Symbol: FPCARY (newbasic.s19) = 105E
Symbol: FPSBYT (newbasic.s19) = 1066
Symbol: FRESPC (newbasic.s19) = 1028
Symbol: FRETOP (newbasic.s19) = 1024
Symbol: FRQVEC (newbasic.s19) = 10AD
Symbol: FUNC_BASE (newbasic.s19) = FEA0
Symbol: FUNC_TAB (newbasic.s19) = 91F6
Symbol: GARBFL (newbasic.s19) = 100A
Symbol: GETCCH (newbasic.s19) = 1085
Symbol: GETNCH (newbasic.s19) = 107F
Symbol: GIVABF (newbasic.s19) = 9DDC
Symbol: GO (newbasic.s19) = 96BA
Symbol: HEXDOL (newbasic.s19) = F430
Symbol: IF (newbasic.s19) = 975B
Symbol: IFCTR (newbasic.s19) = 1007
Symbol: IKEYIM (newbasic.s19) = 1076
Symbol: INKEY (newbasic.s19) = 91BC
Symbol: INPFLG (newbasic.s19) = 100C
Symbol: INPUT (newbasic.s19) = 9857
Symbol: INSTR (newbasic.s19) = EFC3
Symbol: INT (newbasic.s19) = E848
Symbol: INTCNV (newbasic.s19) = 9CAA
Symbol: IRQVEC (newbasic.s19) = 10AA
Symbol: KEYIN (newbasic.s19) = 9005
Symbol: KEYWAIT (newbasic.s19) = 9000
Symbol: L8031 (newbasic.s19) = 90B1
Symbol: L8032 (newbasic.s19) = 90BF
Symbol: L8033 (newbasic.s19) = 90BF
Symbol: L837E (newbasic.s19) = EBAC
Symbol: L83A3 (newbasic.s19) = EBD5
Symbol: L83A6 (newbasic.s19) = EBD8
Symbol: L83AB (newbasic.s19) = EBDD
Symbol: L83B8 (newbasic.s19) = EBEB
Symbol: L83C5 (newbasic.s19) = EBF9
Symbol: L83D7 (newbasic.s19) = EC0B
Symbol: L83DC (newbasic.s19) = EC10
Symbol: L83DF (newbasic.s19) = EC13
Symbol: L83E0 (newbasic.s19) = EC14
Symbol: L83E1 (newbasic.s19) = EC15
Symbol: L83E6 (newbasic.s19) = EC1A
Symbol: L83EB (newbasic.s19) = EC1F
Symbol: L83F0 (newbasic.s19) = EC24
Symbol: L83F5 (newbasic.s19) = EC29
Symbol: L83FA (newbasic.s19) = EC2E
Symbol: L83FF (newbasic.s19) = EC33
Symbol: L8404 (newbasic.s19) = EC38
Symbol: L8409 (newbasic.s19) = EC3D
Symbol: L840E (newbasic.s19) = EC42
Symbol: L8413 (newbasic.s19) = EC47
Symbol: L8418 (newbasic.s19) = EC4C
Symbol: L841D (newbasic.s19) = EC51
Symbol: L841E (newbasic.s19) = EC52
Symbol: L8423 (newbasic.s19) = EC57
Symbol: L8428 (newbasic.s19) = EC5C
Symbol: L842D (newbasic.s19) = EC61
Symbol: L8432 (newbasic.s19) = EC66
Symbol: L8437 (newbasic.s19) = EC6B
Symbol: L843C (newbasic.s19) = EC70
Symbol: L8441 (newbasic.s19) = EC75
Symbol: L8489 (newbasic.s19) = ECBF
Symbol: L8491 (newbasic.s19) = ECC7
Symbol: L84AC (newbasic.s19) = ECE5
Symbol: L84C4 (newbasic.s19) = ECFD
Symbol: L84C9 (newbasic.s19) = ED02
Symbol: L84CA (newbasic.s19) = ED03
Symbol: L84CF (newbasic.s19) = ED08
Symbol: L84D4 (newbasic.s19) = ED0D
Symbol: L84D9 (newbasic.s19) = ED12
Symbol: L84DE (newbasic.s19) = ED17
Symbol: L84E3 (newbasic.s19) = ED1C
Symbol: L84E8 (newbasic.s19) = ED21
Symbol: L84ED (newbasic.s19) = ED26
Symbol: L8501 (newbasic.s19) = ED3B
Symbol: L8504 (newbasic.s19) = ED3E
Symbol: L8529 (newbasic.s19) = ED65
Symbol: L852C (newbasic.s19) = ED68
Symbol: L8538 (newbasic.s19) = ED75
Symbol: L854D (newbasic.s19) = ED8C
Symbol: L855C (newbasic.s19) = ED9D
Symbol: L855D (newbasic.s19) = ED9E
Symbol: L8570 (newbasic.s19) = EDB1
Symbol: L857D (newbasic.s19) = EDBE
Symbol: L8581 (newbasic.s19) = EDC2
Symbol: L858A (newbasic.s19) = EDCC
Symbol: L858C (newbasic.s19) = EDCE
Symbol: L8592 (newbasic.s19) = EDD4
Symbol: L859D (newbasic.s19) = EDE0
Symbol: L85AB (newbasic.s19) = EDEE
Symbol: L85AF (newbasic.s19) = EDF2
Symbol: L85B3 (newbasic.s19) = EDF6
Symbol: L85B4 (newbasic.s19) = EDF7
Symbol: L85B6 (newbasic.s19) = EDF9
Symbol: L85C2 (newbasic.s19) = EE05
Symbol: L85C3 (newbasic.s19) = EE06
Symbol: L85C7 (newbasic.s19) = EE0A
Symbol: L85D1 (newbasic.s19) = EE14
Symbol: L85D5 (newbasic.s19) = EE19
Symbol: L85DE (newbasic.s19) = EE22
Symbol: L85F3 (newbasic.s19) = EE38
Symbol: L85F5 (newbasic.s19) = EE3A
Symbol: L860F (newbasic.s19) = EE54
Symbol: L8613 (newbasic.s19) = EE58
Symbol: L861E (newbasic.s19) = EE63
Symbol: L8625 (newbasic.s19) = EE6A
Symbol: L8626 (newbasic.s19) = EE6B
Symbol: L862E (newbasic.s19) = EE74
Symbol: L8630 (newbasic.s19) = EE76
Symbol: L8634 (newbasic.s19) = EE7A
Symbol: L8646 (newbasic.s19) = EE8D
Symbol: L864A (newbasic.s19) = EE91
Symbol: L8650 (newbasic.s19) = EE97
Symbol: L8659 (newbasic.s19) = EEA0
Symbol: L865C (newbasic.s19) = EEA3
Symbol: L8665 (newbasic.s19) = EEAC
Symbol: L866B (newbasic.s19) = EEB2
Symbol: L8679 (newbasic.s19) = EEC0
Symbol: L867C (newbasic.s19) = EEC3
Symbol: L8685 (newbasic.s19) = EECC
Symbol: L8687 (newbasic.s19) = EECE
Symbol: L8694 (newbasic.s19) = EEDB
Symbol: L86A6 (newbasic.s19) = EEED
Symbol: L86D6 (newbasic.s19) = EF17
Symbol: L86EB (newbasic.s19) = EF2F
Symbol: L86FD (newbasic.s19) = EF41
Symbol: L870E (newbasic.s19) = EF52
Symbol: L8724 (newbasic.s19) = EF68
Symbol: L8727 (newbasic.s19) = EF6B
Symbol: L872E (newbasic.s19) = EF72
Symbol: L873F (newbasic.s19) = EF83
Symbol: L8746 (newbasic.s19) = EF8A
Symbol: L8748 (newbasic.s19) = EF8C
Symbol: L8768 (newbasic.s19) = EFAD
Symbol: L876B (newbasic.s19) = EFB0
Symbol: L8776 (newbasic.s19) = EFBB
Symbol: L877B (newbasic.s19) = EFC0
Symbol: L879C (newbasic.s19) = EFE2
Symbol: L87BE (newbasic.s19) = F005
Symbol: L87CD (newbasic.s19) = F014
Symbol: L87D6 (newbasic.s19) = F01D
Symbol: L87D8 (newbasic.s19) = F01F
Symbol: L87D9 (newbasic.s19) = F020
Symbol: L87DF (newbasic.s19) = F026
Symbol: L87EB (newbasic.s19) = F032
Symbol: L8800 (newbasic.s19) = F04B
Symbol: L880A (newbasic.s19) = F055
Symbol: L880C (newbasic.s19) = F058
Symbol: L880E (newbasic.s19) = F05A
Symbol: L881F (newbasic.s19) = F071
Symbol: L882E (newbasic.s19) = F081
Symbol: L8834 (newbasic.s19) = F087
Symbol: L8845 (newbasic.s19) = F098
Symbol: L8862 (newbasic.s19) = F0B9
Symbol: L8866 (newbasic.s19) = F0BE
Symbol: L886E (newbasic.s19) = F0C7
Symbol: L88A1 (newbasic.s19) = F0FE
Symbol: L88B1 (newbasic.s19) = F110
Symbol: L88B4 (newbasic.s19) = F113
Symbol: L88D9 (newbasic.s19) = F13A
Symbol: L88EF (newbasic.s19) = F152
Symbol: L890B (newbasic.s19) = 93C2
Symbol: L890D (newbasic.s19) = 93C4
Symbol: L890F (newbasic.s19) = F153
Symbol: L891C (newbasic.s19) = F161
Symbol: L8927 (newbasic.s19) = F16E
Symbol: L892C (newbasic.s19) = F174
Symbol: L8943 (newbasic.s19) = F18E
Symbol: L8944 (newbasic.s19) = F18F
Symbol: L898C (newbasic.s19) = F1B6
Symbol: L8990 (newbasic.s19) = F1BB
Symbol: L8992 (newbasic.s19) = F1BE
Symbol: L8993 (newbasic.s19) = F1BF
Symbol: L899F (newbasic.s19) = F1CC
Symbol: L89AE (newbasic.s19) = F1DD
Symbol: L89B4 (newbasic.s19) = F1E3
Symbol: L89B8 (newbasic.s19) = F1E7
Symbol: L89BF (newbasic.s19) = F1F0
Symbol: L89C0 (newbasic.s19) = F1F1
Symbol: L89D2 (newbasic.s19) = F1F7
Symbol: L89E1 (newbasic.s19) = F206
Symbol: L89FC (newbasic.s19) = F220
Symbol: L8A02 (newbasic.s19) = F227
Symbol: L8A04 (newbasic.s19) = F22A
Symbol: L8A20 (newbasic.s19) = F24D
Symbol: L8A2D (newbasic.s19) = F25C
Symbol: L8A3A (newbasic.s19) = F26A
Symbol: L8A3D (newbasic.s19) = F26D
Symbol: L8A67 (newbasic.s19) = F29B
Symbol: L8A68 (newbasic.s19) = F29C
Symbol: L8A71 (newbasic.s19) = F2A8
Symbol: L8A77 (newbasic.s19) = F2AF
Symbol: L8A83 (newbasic.s19) = F2BC
Symbol: L8A86 (newbasic.s19) = F2BF
Symbol: L8A90 (newbasic.s19) = F2C9
Symbol: L8A91 (newbasic.s19) = F2CA
Symbol: L8A95 (newbasic.s19) = F2CF
Symbol: L8A99 (newbasic.s19) = F2D3
Symbol: L8A9B (newbasic.s19) = F2D5
Symbol: L8AAC (newbasic.s19) = F2E7
Symbol: L8AB2 (newbasic.s19) = F2ED
Symbol: L8AB9 (newbasic.s19) = F2F4
Symbol: L8AC0 (newbasic.s19) = F2FB
Symbol: L8AC7 (newbasic.s19) = F303
Symbol: L8AD3 (newbasic.s19) = F311
Symbol: L8ADD (newbasic.s19) = F31C
Symbol: L8AE1 (newbasic.s19) = F321
Symbol: L8AE5 (newbasic.s19) = F326
Symbol: L8AE9 (newbasic.s19) = F32A
Symbol: L8AEB (newbasic.s19) = F32C
Symbol: L8AED (newbasic.s19) = F32F
Symbol: L8AEF (newbasic.s19) = F332
Symbol: L8B13 (newbasic.s19) = F355
Symbol: L8B17 (newbasic.s19) = F35A
Symbol: L8B1B (newbasic.s19) = F35F
Symbol: L8B24 (newbasic.s19) = F36A
Symbol: L8B41 (newbasic.s19) = F387
Symbol: L8B55 (newbasic.s19) = F3A2
Symbol: L8B67 (newbasic.s19) = F3B5
Symbol: L8B71 (newbasic.s19) = F3C0
Symbol: L8B7B (newbasic.s19) = F3CB
Symbol: L8B7F (newbasic.s19) = F3D0
Symbol: L8B8A (newbasic.s19) = F3DC
Symbol: L8B8C (newbasic.s19) = F3DE
Symbol: L8BAE (newbasic.s19) = F400
Symbol: L8BBE (newbasic.s19) = F411
Symbol: L8BC9 (newbasic.s19) = F41C
Symbol: L8BD9 (newbasic.s19) = F42C
Symbol: L8BE5 (newbasic.s19) = F438
Symbol: L8BEA (newbasic.s19) = F43D
Symbol: L8BFF (newbasic.s19) = F454
Symbol: L8C07 (newbasic.s19) = F45C
Symbol: L8C0B (newbasic.s19) = F460
Symbol: L8E37 (newbasic.s19) = F46D
Symbol: L8E3B (newbasic.s19) = F472
Symbol: L8E5F (newbasic.s19) = F49D
Symbol: L8E69 (newbasic.s19) = F4A7
Symbol: L8E71 (newbasic.s19) = F4B2
Symbol: L8E82 (newbasic.s19) = F4C4
Symbol: L8E88 (newbasic.s19) = F4CC
Symbol: L8E95 (newbasic.s19) = F4D9
Symbol: L8EA8 (newbasic.s19) = F4EE
Symbol: L8EAE (newbasic.s19) = F4F6
Symbol: L8EB4 (newbasic.s19) = F4FD
Symbol: L8EB7 (newbasic.s19) = F500
Symbol: L8EB9 (newbasic.s19) = F502
Symbol: L8EBB (newbasic.s19) = F505
Symbol: L8ED2 (newbasic.s19) = F51D
Symbol: L8ED8 (newbasic.s19) = F525
Symbol: L8EDD (newbasic.s19) = F52A
Symbol: L8EE2 (newbasic.s19) = F530
Symbol: L8EEF (newbasic.s19) = F53E
Symbol: L8EFB (newbasic.s19) = F54A
Symbol: L8F1A (newbasic.s19) = F56C
Symbol: L8F20 (newbasic.s19) = F574
Symbol: L8F24 (newbasic.s19) = F579
Symbol: L8F26 (newbasic.s19) = F57C
Symbol: L8F41 (newbasic.s19) = F59A
Symbol: L8F4F (newbasic.s19) = F5A9
Symbol: L8F5A (newbasic.s19) = F5B5
Symbol: L8F74 (newbasic.s19) = F5D0
Symbol: L8F8F (newbasic.s19) = F5EE
Symbol: L8F96 (newbasic.s19) = F5F7
Symbol: L8FB3 (newbasic.s19) = F618
Symbol: L8FC4 (newbasic.s19) = F62C
Symbol: L8FC6 (newbasic.s19) = F62F
Symbol: L8FD8 (newbasic.s19) = F644
Symbol: L8FE3 (newbasic.s19) = F650
Symbol: L8FE5 (newbasic.s19) = F652
Symbol: L8FF2 (newbasic.s19) = F660
Symbol: L8FFA (newbasic.s19) = F66A
Symbol: L9011 (newbasic.s19) = F681
Symbol: L9015 (newbasic.s19) = F685
Symbol: L9023 (newbasic.s19) = F693
Symbol: L902C (newbasic.s19) = F69E
Symbol: L9050 (newbasic.s19) = F6C7
Symbol: L9054 (newbasic.s19) = F6CB
Symbol: L9060 (newbasic.s19) = F6D7
Symbol: L9065 (newbasic.s19) = F6DC
Symbol: L907C (newbasic.s19) = F6F7
Symbol: L9096 (newbasic.s19) = F711
Symbol: L909E (newbasic.s19) = F719
Symbol: L90A9 (newbasic.s19) = F725
Symbol: L90AA (newbasic.s19) = F726
Symbol: L90B2 (newbasic.s19) = F72E
Symbol: L90B3 (newbasic.s19) = F72F
Symbol: L90B8 (newbasic.s19) = F735
Symbol: L90BD (newbasic.s19) = F73B
Symbol: L90BF (newbasic.s19) = F73D
Symbol: L90CB (newbasic.s19) = F749
Symbol: L90E2 (newbasic.s19) = F764
Symbol: L90EA (newbasic.s19) = F76C
Symbol: L90EE (newbasic.s19) = F770
Symbol: L90FF (newbasic.s19) = F785
Symbol: L9108 (newbasic.s19) = F790
Symbol: L910D (newbasic.s19) = F796
Symbol: L9116 (newbasic.s19) = F7A0
Symbol: L911B (newbasic.s19) = F7A6
Symbol: L9129 (newbasic.s19) = F7B6
Symbol: L9130 (newbasic.s19) = F7BD
Symbol: L913C (newbasic.s19) = F7C9
Symbol: L9141 (newbasic.s19) = F7CE
Symbol: L915A (newbasic.s19) = F7EB
Symbol: L9167 (newbasic.s19) = F7FA
Symbol: L916F (newbasic.s19) = F802
Symbol: L9177 (newbasic.s19) = F80A
Symbol: L9185 (newbasic.s19) = F818
Symbol: L919E (newbasic.s19) = F832
Symbol: L91A0 (newbasic.s19) = F834
Symbol: L91B6 (newbasic.s19) = F84A
Symbol: L91BA (newbasic.s19) = F84E
Symbol: L91C4 (newbasic.s19) = F859
Symbol: L91CC (newbasic.s19) = F861
Symbol: L91CD (newbasic.s19) = F862
Symbol: L91D0 (newbasic.s19) = F865
Symbol: L91E4 (newbasic.s19) = F87C
Symbol: L91E9 (newbasic.s19) = F882
Symbol: L91F1 (newbasic.s19) = F88A
Symbol: L9200 (newbasic.s19) = F89A
Symbol: L9202 (newbasic.s19) = F89C
Symbol: L9211 (newbasic.s19) = F8AB
Symbol: L9213 (newbasic.s19) = F8AD
Symbol: L9235 (newbasic.s19) = F8D7
Symbol: L9249 (newbasic.s19) = F8EB
Symbol: L924D (newbasic.s19) = F8F0
Symbol: L9256 (newbasic.s19) = F8FB
Symbol: L9262 (newbasic.s19) = F909
Symbol: L9263 (newbasic.s19) = F90A
Symbol: L926A (newbasic.s19) = F913
Symbol: L927A (newbasic.s19) = F926
Symbol: L927B (newbasic.s19) = F927
Symbol: L9281 (newbasic.s19) = F92D
Symbol: L928E (newbasic.s19) = F93A
Symbol: LA00E (newbasic.s19) = 9038
Symbol: LA077 (newbasic.s19) = 904D
Symbol: LA084 (newbasic.s19) = 905C
Symbol: LA093 (newbasic.s19) = 905F
Symbol: LA0F3 (newbasic.s19) = 90E2
Symbol: LA10D (newbasic.s19) = 90E6
Symbol: LA123 (newbasic.s19) = 90F4
Symbol: LA147 (newbasic.s19) = 911E
Symbol: LA156 (newbasic.s19) = 9148
Symbol: LA165 (newbasic.s19) = 914A
Symbol: LA35F (newbasic.s19) = 914B
Symbol: LA37C (newbasic.s19) = 9153
Symbol: LA38D (newbasic.s19) = 915E
Symbol: LA390 (newbasic.s19) = 915E
Symbol: LA39A (newbasic.s19) = 9166
Symbol: LA3B4 (newbasic.s19) = 9174
Symbol: LA3B8 (newbasic.s19) = 9178
Symbol: LA3C2 (newbasic.s19) = 9182
Symbol: LA3C8 (newbasic.s19) = 9188
Symbol: LA3CC (newbasic.s19) = 918C
Symbol: LA3CD (newbasic.s19) = 918D
Symbol: LA3D9 (newbasic.s19) = 9199
Symbol: LA3E8 (newbasic.s19) = 91A8
Symbol: LA545 (newbasic.s19) = 91B5
Symbol: LA549 (newbasic.s19) = 91B9
Symbol: LA56B (newbasic.s19) = 91C4
Symbol: LA59A (newbasic.s19) = 91D4
Symbol: LA5A1 (newbasic.s19) = 91DB
Symbol: LA5C4 (newbasic.s19) = 91DC
Symbol: LA5C7 (newbasic.s19) = 91DD
Symbol: LA5C9 (newbasic.s19) = 91E0
Symbol: LA5E8 (newbasic.s19) = EEF9
Symbol: LA9C5 (newbasic.s19) = 91E5
Symbol: LAA24 (newbasic.s19) = 91F1
Symbol: LAA28 (newbasic.s19) = 91F5
Symbol: LAA29 (newbasic.s19) = 91F6
Symbol: LAA51 (newbasic.s19) = 9230
Symbol: LAA66 (newbasic.s19) = 9245
Symbol: LAB1A (newbasic.s19) = 92E5
Symbol: LAB67 (newbasic.s19) = 9352
Symbol: LABAF (newbasic.s19) = 9390
Symbol: LABE1 (newbasic.s19) = 93C6
Symbol: LABE8 (newbasic.s19) = 93CD
Symbol: LABED (newbasic.s19) = 93D2
Symbol: LABEE (newbasic.s19) = 93D3
Symbol: LABF2 (newbasic.s19) = 93D7
Symbol: LABF9 (newbasic.s19) = 93DE
Symbol: LABFB (newbasic.s19) = 93E0
Symbol: LAC16 (newbasic.s19) = 9400
Symbol: LAC1A (newbasic.s19) = 9406
Symbol: LAC1E (newbasic.s19) = 940B
Symbol: LAC20 (newbasic.s19) = 940D
Symbol: LAC28 (newbasic.s19) = 9417
Symbol: LAC32 (newbasic.s19) = 9423
Symbol: LAC33 (newbasic.s19) = 9424
Symbol: LAC37 (newbasic.s19) = 9429
Symbol: LAC44 (newbasic.s19) = 9438
Symbol: LAC46 (newbasic.s19) = 943A
Symbol: LAC60 (newbasic.s19) = 9446
Symbol: LAC68 (newbasic.s19) = 944E
Symbol: LAC73 (newbasic.s19) = 945A
Symbol: LAC7C (newbasic.s19) = 9463
Symbol: LACA0 (newbasic.s19) = 947E
Symbol: LACA5 (newbasic.s19) = 9483
Symbol: LACA8 (newbasic.s19) = 9486
Symbol: LACC0 (newbasic.s19) = 94A3
Symbol: LACC8 (newbasic.s19) = 94AC
Symbol: LACDD (newbasic.s19) = 94C5
Symbol: LACE9 (newbasic.s19) = 94D4
Symbol: LACEF (newbasic.s19) = 94DA
Symbol: LACF1 (newbasic.s19) = 94DD
Symbol: LACF7 (newbasic.s19) = 94E3
Symbol: LAD01 (newbasic.s19) = 94ED
Symbol: LAD05 (newbasic.s19) = 94F3
Symbol: LAD12 (newbasic.s19) = 9500
Symbol: LAD14 (newbasic.s19) = 9502
Symbol: LAD16 (newbasic.s19) = 9505
Symbol: LAD19 (newbasic.s19) = 9508
Symbol: LAD21 (newbasic.s19) = 9512
Symbol: LAD26 (newbasic.s19) = 9518
Symbol: LAD33 (newbasic.s19) = 952A
Symbol: LAD59 (newbasic.s19) = 9557
Symbol: LAD7F (newbasic.s19) = 9581
Symbol: LAD90 (newbasic.s19) = 9594
Symbol: LAD9E (newbasic.s19) = 95A3
Symbol: LADB1 (newbasic.s19) = 95B5
Symbol: LADB4 (newbasic.s19) = 95B8
Symbol: LADC0 (newbasic.s19) = 95DE
Symbol: LADC6 (newbasic.s19) = 95E5
Symbol: LADD4 (newbasic.s19) = 95F7
Symbol: LADE8 (newbasic.s19) = 9611
Symbol: LADEA (newbasic.s19) = 9614
Symbol: LADEB (newbasic.s19) = 9615
Symbol: LADF0 (newbasic.s19) = 961A
Symbol: LADFA (newbasic.s19) = 9625
Symbol: LADFB (newbasic.s19) = 9626
Symbol: LAE0B (newbasic.s19) = 9634
Symbol: LAE11 (newbasic.s19) = 963C
Symbol: LAE15 (newbasic.s19) = 9641
Symbol: LAE22 (newbasic.s19) = 9652
Symbol: LAE40 (newbasic.s19) = 9673
Symbol: LAE5A (newbasic.s19) = 9690
Symbol: LAE6F (newbasic.s19) = 96A8
Symbol: LAE72 (newbasic.s19) = 96AB
Symbol: LAE88 (newbasic.s19) = 96BC
Symbol: LAE9F (newbasic.s19) = 96D8
Symbol: LAEA4 (newbasic.s19) = 96DD
Symbol: LAEB6 (newbasic.s19) = 96F3
Symbol: LAEBB (newbasic.s19) = 96F8
Symbol: LAEBF (newbasic.s19) = 96FD
Symbol: LAED2 (newbasic.s19) = 9711
Symbol: LAED7 (newbasic.s19) = 9716
Symbol: LAEDA (newbasic.s19) = 9719
Symbol: LAEE7 (newbasic.s19) = 9729
Symbol: LAEE8 (newbasic.s19) = 972A
Symbol: LAEEA (newbasic.s19) = 972C
Symbol: LAEEB (newbasic.s19) = 972D
Symbol: LAEF1 (newbasic.s19) = 9735
Symbol: LAEF7 (newbasic.s19) = 973D
Symbol: LAF0C (newbasic.s19) = 9752
Symbol: LAF22 (newbasic.s19) = 976A
Symbol: LAF28 (newbasic.s19) = 9772
Symbol: LAF39 (newbasic.s19) = 9786
Symbol: LAF52 (newbasic.s19) = 97A0
Symbol: LAF54 (newbasic.s19) = 97A4
Symbol: LAF5D (newbasic.s19) = 97AE
Symbol: LAF67 (newbasic.s19) = 97B9
Symbol: LAF6B (newbasic.s19) = 97BF
Symbol: LAFA4 (newbasic.s19) = 9800
Symbol: LAFB1 (newbasic.s19) = 9810
Symbol: LAFBE (newbasic.s19) = 981E
Symbol: LAFCE (newbasic.s19) = 9831
Symbol: LAFCF (newbasic.s19) = 9832
Symbol: LAFD6 (newbasic.s19) = 9839
Symbol: LAFDC (newbasic.s19) = 9839
Symbol: LAFDF (newbasic.s19) = 983C
Symbol: LAFEA (newbasic.s19) = 984A
Symbol: LASTPT (newbasic.s19) = 1010
Symbol: LB00F (newbasic.s19) = 9863
Symbol: LB01E (newbasic.s19) = 9872
Symbol: LB02F (newbasic.s19) = 987F
Symbol: LB035 (newbasic.s19) = 9885
Symbol: LB03F (newbasic.s19) = 988F
Symbol: LB049 (newbasic.s19) = 9896
Symbol: LB04E (newbasic.s19) = 989D
Symbol: LB069 (newbasic.s19) = 98BA
Symbol: LB08B (newbasic.s19) = 98DF
Symbol: LB098 (newbasic.s19) = 98ED
Symbol: LB09E (newbasic.s19) = 98F3
Symbol: LB0A8 (newbasic.s19) = 98FE
Symbol: LB0B9 (newbasic.s19) = 9914
Symbol: LB0CD (newbasic.s19) = 992A
Symbol: LB0D5 (newbasic.s19) = 9932
Symbol: LB0E7 (newbasic.s19) = 9946
Symbol: LB0E8 (newbasic.s19) = 9947
Symbol: LB0FE (newbasic.s19) = 995E
Symbol: LB101 (newbasic.s19) = 9961
Symbol: LB10A (newbasic.s19) = 996B
Symbol: LB10C (newbasic.s19) = 996D
Symbol: LB131 (newbasic.s19) = 9996
Symbol: LB134 (newbasic.s19) = 9999
Symbol: LB141 (newbasic.s19) = 99A8
Symbol: LB143 (newbasic.s19) = 99AA
Symbol: LB145 (newbasic.s19) = 99AC
Symbol: LB146 (newbasic.s19) = 99AD
Symbol: LB148 (newbasic.s19) = 99AF
Symbol: LB14F (newbasic.s19) = 99B7
Symbol: LB153 (newbasic.s19) = 99BB
Symbol: LB156 (newbasic.s19) = 99BE
Symbol: LB158 (newbasic.s19) = 99C0
Symbol: LB15A (newbasic.s19) = 99C2
Symbol: LB168 (newbasic.s19) = 99D1
Symbol: LB16A (newbasic.s19) = 99D4
Symbol: LB181 (newbasic.s19) = 99EF
Symbol: LB19F (newbasic.s19) = 9A0F
Symbol: LB1A7 (newbasic.s19) = 9A17
Symbol: LB1B8 (newbasic.s19) = 9A29
Symbol: LB1C6 (newbasic.s19) = 9A3A
Symbol: LB1CB (newbasic.s19) = 9A40
Symbol: LB1CC (newbasic.s19) = 9A41
Symbol: LB1CE (newbasic.s19) = 9A43
Symbol: LB1D4 (newbasic.s19) = 9A49
Symbol: LB1DF (newbasic.s19) = 9A55
Symbol: LB1E2 (newbasic.s19) = 9A58
Symbol: LB1E6 (newbasic.s19) = 9A5D
Symbol: LB1EA (newbasic.s19) = 9A61
Symbol: LB1F4 (newbasic.s19) = 9A6E
Symbol: LB1FA (newbasic.s19) = 9A75
Symbol: LB201 (newbasic.s19) = 9A7C
Symbol: LB203 (newbasic.s19) = 9A7F
Symbol: LB220 (newbasic.s19) = 9AA3
Symbol: LB222 (newbasic.s19) = 9AA6
Symbol: LB223 (newbasic.s19) = 9AA7
Symbol: LB22C (newbasic.s19) = 9AB2
Symbol: LB22F (newbasic.s19) = 9AB5
Symbol: LB244 (newbasic.s19) = 9ACA
Symbol: LB249 (newbasic.s19) = 9AD0
Symbol: LB24E (newbasic.s19) = 9AD7
Symbol: LB25F (newbasic.s19) = 9AE8
Symbol: LB262 (newbasic.s19) = 9AEB
Symbol: LB267 (newbasic.s19) = 9AF0
Symbol: LB26A (newbasic.s19) = 9AF3
Symbol: LB26D (newbasic.s19) = 9AF6
Symbol: LB26F (newbasic.s19) = 9AF8
Symbol: LB277 (newbasic.s19) = 9B01
Symbol: LB27C (newbasic.s19) = 9B06
Symbol: LB284 (newbasic.s19) = 9B0E
Symbol: LB287 (newbasic.s19) = 9B11
Symbol: LB290 (newbasic.s19) = 9B1C
Symbol: LB29F (newbasic.s19) = 9B2C
Symbol: LB2C7 (newbasic.s19) = 9B51
Symbol: LB2C9 (newbasic.s19) = 9B53
Symbol: LB2CE (newbasic.s19) = 9B58
Symbol: LB2D4 (newbasic.s19) = 9B5E
Symbol: LB2D5 (newbasic.s19) = 9B5F
Symbol: LB2ED (newbasic.s19) = 9B7C
Symbol: LB2F1 (newbasic.s19) = 9B82
Symbol: LB2F4 (newbasic.s19) = 9B85
Symbol: LB309 (newbasic.s19) = 9B9D
Symbol: LB328 (newbasic.s19) = 9BC3
Symbol: LB32D (newbasic.s19) = 9BCA
Symbol: LB334 (newbasic.s19) = 9BD2
Symbol: LB33F (newbasic.s19) = 9BDD
Symbol: LB348 (newbasic.s19) = 9BE7
Symbol: LB34B (newbasic.s19) = 9BEA
Symbol: LB357 (newbasic.s19) = 9BF7
Symbol: LB35A (newbasic.s19) = 9BFB
Symbol: LB35C (newbasic.s19) = 9BFE
Symbol: LB371 (newbasic.s19) = 9C17
Symbol: LB373 (newbasic.s19) = 9C19
Symbol: LB37B (newbasic.s19) = 9C22
Symbol: LB385 (newbasic.s19) = 9C2E
Symbol: LB395 (newbasic.s19) = 9C43
Symbol: LB3A2 (newbasic.s19) = 9C51
Symbol: LB3AA (newbasic.s19) = 9C59
Symbol: LB3AB (newbasic.s19) = 9C5A
Symbol: LB3DC (newbasic.s19) = 9C96
Symbol: LB3DE (newbasic.s19) = 9C99
Symbol: LB3DF (newbasic.s19) = 9C9A
Symbol: LB3E4 (newbasic.s19) = 9C9F
Symbol: LB3E6 (newbasic.s19) = 9CA2
Symbol: LB3E9 (newbasic.s19) = 9CA5
Symbol: LB3FE (newbasic.s19) = 9CBC
Symbol: LB404 (newbasic.s19) = 9CC3
Symbol: LB40A (newbasic.s19) = 9CCA
Symbol: LB42A (newbasic.s19) = 9CF1
Symbol: LB43B (newbasic.s19) = 9D04
Symbol: LB447 (newbasic.s19) = 9D12
Symbol: LB44A (newbasic.s19) = 9D15
Symbol: LB44C (newbasic.s19) = 9D17
Symbol: LB44F (newbasic.s19) = 9D1A
Symbol: LB461 (newbasic.s19) = 9D30
Symbol: LB46D (newbasic.s19) = 9D3D
Symbol: LB48C (newbasic.s19) = 9D61
Symbol: LB4A0 (newbasic.s19) = 9D7A
Symbol: LB4A6 (newbasic.s19) = 9D81
Symbol: LB4B9 (newbasic.s19) = 9D98
Symbol: LB4CD (newbasic.s19) = 9DAE
Symbol: LB4CE (newbasic.s19) = 9DAF
Symbol: LB4D8 (newbasic.s19) = 9DBB
Symbol: LB4E6 (newbasic.s19) = 9DCC
Symbol: LB4EB (newbasic.s19) = 9DD2
Symbol: LB4F3 (newbasic.s19) = 9DDB
Symbol: LB50D (newbasic.s19) = 9DF7
Symbol: LB50F (newbasic.s19) = 9DFA
Symbol: LB511 (newbasic.s19) = 9DFC
Symbol: LB516 (newbasic.s19) = 9E03
Symbol: LB518 (newbasic.s19) = 9E05
Symbol: LB51A (newbasic.s19) = 9E0A
Symbol: LB51E (newbasic.s19) = 9E0D
Symbol: LB526 (newbasic.s19) = 9E17
Symbol: LB533 (newbasic.s19) = 9E26
Symbol: LB537 (newbasic.s19) = 9E2A
Symbol: LB539 (newbasic.s19) = 9E2C
Symbol: LB543 (newbasic.s19) = 9E39
Symbol: LB54C (newbasic.s19) = 9E43
Symbol: LB555 (newbasic.s19) = 9E4D
Symbol: LB558 (newbasic.s19) = 9E50
Symbol: LB56D (newbasic.s19) = 9E6B
Symbol: LB56F (newbasic.s19) = 9E6E
Symbol: LB585 (newbasic.s19) = 9E89
Symbol: LB591 (newbasic.s19) = 9E96
Symbol: LB593 (newbasic.s19) = 9E99
Symbol: LB5A0 (newbasic.s19) = 9EAA
Symbol: LB5A8 (newbasic.s19) = 9EB3
Symbol: LB5AA (newbasic.s19) = 9EB6
Symbol: LB5B2 (newbasic.s19) = 9EBF
Symbol: LB5B4 (newbasic.s19) = 9EC2
Symbol: LB5B6 (newbasic.s19) = 9EC5
Symbol: LB5CA (newbasic.s19) = 9EDC
Symbol: LB5D2 (newbasic.s19) = 9EE5
Symbol: LB5D8 (newbasic.s19) = 9EEB
Symbol: LB5EC (newbasic.s19) = 9F03
Symbol: LB5EE (newbasic.s19) = 9F05
Symbol: LB5EF (newbasic.s19) = 9F06
Symbol: LB60F (newbasic.s19) = 9F2E
Symbol: LB62A (newbasic.s19) = 9F4C
Symbol: LB643 (newbasic.s19) = 9F68
Symbol: LB645 (newbasic.s19) = 9F6A
Symbol: LB64A (newbasic.s19) = 9F70
Symbol: LB64E (newbasic.s19) = 9F74
Symbol: LB654 (newbasic.s19) = 9F7B
Symbol: LB657 (newbasic.s19) = 9F7E
Symbol: LB659 (newbasic.s19) = 9F81
Symbol: LB66F (newbasic.s19) = 9F9A
Symbol: LB672 (newbasic.s19) = 9F9D
Symbol: LB675 (newbasic.s19) = 9FA0
Symbol: LB680 (newbasic.s19) = 9FAE
Symbol: LB683 (newbasic.s19) = 9FB1
Symbol: LB686 (newbasic.s19) = 9FB4
Symbol: LB68F (newbasic.s19) = 9FBE
Symbol: LB69B (newbasic.s19) = 9FCB
Symbol: LB69D (newbasic.s19) = 9FCD
Symbol: LB6A4 (newbasic.s19) = 9FD4
Symbol: LB6AD (newbasic.s19) = 9FDD
Symbol: LB6AE (newbasic.s19) = 9FDE
Symbol: LB6B5 (newbasic.s19) = 9FE5
Symbol: LB6DE (newbasic.s19) = A011
Symbol: LB6F5 (newbasic.s19) = A02A
Symbol: LB706 (newbasic.s19) = A03C
Symbol: LB709 (newbasic.s19) = A03F
Symbol: LB70B (newbasic.s19) = A042
Symbol: LB70E (newbasic.s19) = A045
Symbol: LB734 (newbasic.s19) = A070
Symbol: LB738 (newbasic.s19) = A075
Symbol: LB73D (newbasic.s19) = A07A
Symbol: LB740 (newbasic.s19) = A07D
Symbol: LB783 (newbasic.s19) = E222
Symbol: LB784 (newbasic.s19) = E223
Symbol: LB789 (newbasic.s19) = E229
Symbol: LB78D (newbasic.s19) = E22E
Symbol: LB797 (newbasic.s19) = E238
Symbol: LB79F (newbasic.s19) = E23B
Symbol: LB7B9 (newbasic.s19) = E258
Symbol: LB7C2 (newbasic.s19) = E261
Symbol: LB7CB (newbasic.s19) = E267
Symbol: LB7E0 (newbasic.s19) = E27C
Symbol: LB7E2 (newbasic.s19) = E27E
Symbol: LB7E6 (newbasic.s19) = E282
Symbol: LB7F1 (newbasic.s19) = E28D
Symbol: LB7F3 (newbasic.s19) = E28F
Symbol: LB801 (newbasic.s19) = E29D
Symbol: LB804 (newbasic.s19) = E2A0
Symbol: LB80A (newbasic.s19) = E2A6
Symbol: LB814 (newbasic.s19) = E2B0
Symbol: LB820 (newbasic.s19) = E2BC
Symbol: LB821 (newbasic.s19) = E2BD
Symbol: LB829 (newbasic.s19) = E2C3
Symbol: LB82D (newbasic.s19) = E2C9
Symbol: LB842 (newbasic.s19) = E2DF
Symbol: LB844 (newbasic.s19) = E2E2
Symbol: LB852 (newbasic.s19) = E2F2
Symbol: LB85A (newbasic.s19) = E2FA
Symbol: LB85C (newbasic.s19) = E2FD
Symbol: LB86B (newbasic.s19) = E30D
Symbol: LB873 (newbasic.s19) = E315
Symbol: LB87C (newbasic.s19) = E31E
Symbol: LB87E (newbasic.s19) = E321
Symbol: LB886 (newbasic.s19) = E32A
Symbol: LB88A (newbasic.s19) = E32E
Symbol: LB892 (newbasic.s19) = E336
Symbol: LB89B (newbasic.s19) = E340
Symbol: LB89D (newbasic.s19) = E343
Symbol: LB8A6 (newbasic.s19) = E34C
Symbol: LB8A8 (newbasic.s19) = E34E
Symbol: LB8C2 (newbasic.s19) = E36A
Symbol: LB8C6 (newbasic.s19) = E36E
Symbol: LB8CE (newbasic.s19) = E377
Symbol: LB8D2 (newbasic.s19) = E37B
Symbol: LB8D4 (newbasic.s19) = E37E
Symbol: LB8EA (newbasic.s19) = E396
Symbol: LB8F1 (newbasic.s19) = E39E
Symbol: LB8FE (newbasic.s19) = E3A9
Symbol: LB918 (newbasic.s19) = E3A9
Symbol: LB91B (newbasic.s19) = E3AC
Symbol: LB91D (newbasic.s19) = E3AE
Symbol: LB938 (newbasic.s19) = E3CA
Symbol: LB949 (newbasic.s19) = E3D1
Symbol: LB954 (newbasic.s19) = E3DD
Symbol: LB958 (newbasic.s19) = E3E2
Symbol: LB95C (newbasic.s19) = E3E6
Symbol: LB965 (newbasic.s19) = E3F0
Symbol: LB966 (newbasic.s19) = E3F1
Symbol: LB975 (newbasic.s19) = E402
Symbol: LB977 (newbasic.s19) = E405
Symbol: LB97E (newbasic.s19) = E40D
Symbol: LB98E (newbasic.s19) = E41E
Symbol: LB992 (newbasic.s19) = E41E
Symbol: LB997 (newbasic.s19) = E423
Symbol: LB99C (newbasic.s19) = E429
Symbol: LB99F (newbasic.s19) = E42C
Symbol: LB9A3 (newbasic.s19) = E430
Symbol: LB9AC (newbasic.s19) = E439
Symbol: LB9AF (newbasic.s19) = E43C
Symbol: LB9B1 (newbasic.s19) = E43E
Symbol: LB9B4 (newbasic.s19) = E441
Symbol: LB9B9 (newbasic.s19) = E446
Symbol: LB9BC (newbasic.s19) = E449
Symbol: LB9C2 (newbasic.s19) = E451
Symbol: LB9C5 (newbasic.s19) = E454
Symbol: LB9CD (newbasic.s19) = E45C
Symbol: LB9E2 (newbasic.s19) = E479
Symbol: LB9EC (newbasic.s19) = E483
Symbol: LB9FB (newbasic.s19) = E493
Symbol: LBA18 (newbasic.s19) = E4BD
Symbol: LBA1C (newbasic.s19) = E4C1
Symbol: LBA1D (newbasic.s19) = E4C2
Symbol: LBA39 (newbasic.s19) = E4E8
Symbol: LBA3A (newbasic.s19) = E4E9
Symbol: LBA3E (newbasic.s19) = E4EF
Symbol: LBA3F (newbasic.s19) = E4F0
Symbol: LBA44 (newbasic.s19) = E4F6
Symbol: LBA4F (newbasic.s19) = E506
Symbol: LBA5C (newbasic.s19) = E515
Symbol: LBA66 (newbasic.s19) = E521
Symbol: LBA72 (newbasic.s19) = E532
Symbol: LBA78 (newbasic.s19) = E538
Symbol: LBA79 (newbasic.s19) = E539
Symbol: LBA7B (newbasic.s19) = E53C
Symbol: LBA83 (newbasic.s19) = E548
Symbol: LBA91 (newbasic.s19) = E55A
Symbol: LBA92 (newbasic.s19) = E55B
Symbol: LBA97 (newbasic.s19) = E560
Symbol: LBA9A (newbasic.s19) = E563
Symbol: LBAAE (newbasic.s19) = E579
Symbol: LBAB8 (newbasic.s19) = E584
Symbol: LBABA (newbasic.s19) = E586
Symbol: LBAC4 (newbasic.s19) = E590
Symbol: LBAC5 (newbasic.s19) = E591
Symbol: LBACA (newbasic.s19) = E596
Symbol: LBACC (newbasic.s19) = E599
Symbol: LBAD0 (newbasic.s19) = E5A0
Symbol: LBB00 (newbasic.s19) = E5E0
Symbol: LBB02 (newbasic.s19) = E5E4
Symbol: LBB03 (newbasic.s19) = E5E5
Symbol: LBB20 (newbasic.s19) = E60E
Symbol: LBB2E (newbasic.s19) = E621
Symbol: LBB2F (newbasic.s19) = E622
Symbol: LBB48 (newbasic.s19) = E643
Symbol: LBB5C (newbasic.s19) = E65B
Symbol: LBB61 (newbasic.s19) = E661
Symbol: LBB63 (newbasic.s19) = E663
Symbol: LBB67 (newbasic.s19) = E667
Symbol: LBB6A (newbasic.s19) = E66A
Symbol: LBB7C (newbasic.s19) = E67E
Symbol: LBB7D (newbasic.s19) = E67F
Symbol: LBB82 (newbasic.s19) = E684
Symbol: LBB89 (newbasic.s19) = E68B
Symbol: LBB8F (newbasic.s19) = E692
Symbol: LBB91 (newbasic.s19) = E694
Symbol: LBBA4 (newbasic.s19) = E6AC
Symbol: LBBBD (newbasic.s19) = E6CD
Symbol: LBBCC (newbasic.s19) = E6DD
Symbol: LBBD0 (newbasic.s19) = E6E1
Symbol: LBBDE (newbasic.s19) = E6F3
Symbol: LBBF8 (newbasic.s19) = E719
Symbol: LBBFC (newbasic.s19) = E71D
Symbol: LBC06 (newbasic.s19) = E728
Symbol: LBC0B (newbasic.s19) = E72D
Symbol: LBC14 (newbasic.s19) = E73A
Symbol: LBC2A (newbasic.s19) = E755
Symbol: LBC2F (newbasic.s19) = E75A
Symbol: LBC33 (newbasic.s19) = E75E
Symbol: LBC35 (newbasic.s19) = E761
Symbol: LBC4A (newbasic.s19) = E77B
Symbol: LBC4C (newbasic.s19) = E77E
Symbol: LBC5F (newbasic.s19) = E79A
Symbol: LBC6D (newbasic.s19) = E7AE
Symbol: LBC71 (newbasic.s19) = E7B3
Symbol: LBC73 (newbasic.s19) = E7B6
Symbol: LBC79 (newbasic.s19) = E7BC
Symbol: LBC7C (newbasic.s19) = E7BF
Symbol: LBC82 (newbasic.s19) = E7C7
Symbol: LBC86 (newbasic.s19) = E7CC
Symbol: LBC96 (newbasic.s19) = E7E2
Symbol: LBCA0 (newbasic.s19) = E7ED
Symbol: LBCC3 (newbasic.s19) = E815
Symbol: LBCC8 (newbasic.s19) = E81B
Symbol: LBCD7 (newbasic.s19) = E82D
Symbol: LBCE4 (newbasic.s19) = E83B
Symbol: LBD09 (newbasic.s19) = E86A
Symbol: LBD11 (newbasic.s19) = E876
Symbol: LBD12 (newbasic.s19) = E877
Symbol: LBD25 (newbasic.s19) = E891
Symbol: LBD2D (newbasic.s19) = E89A
Symbol: LBD31 (newbasic.s19) = E89E
Symbol: LBD35 (newbasic.s19) = E8A3
Symbol: LBD53 (newbasic.s19) = E8C2
Symbol: LBD55 (newbasic.s19) = E8C5
Symbol: LBD59 (newbasic.s19) = E8CA
Symbol: LBD61 (newbasic.s19) = E8D4
Symbol: LBD65 (newbasic.s19) = E8D9
Symbol: LBD6F (newbasic.s19) = E8E6
Symbol: LBD78 (newbasic.s19) = E8F0
Symbol: LBD7F (newbasic.s19) = E8F8
Symbol: LBD86 (newbasic.s19) = E902
Symbol: LBD99 (newbasic.s19) = E918
Symbol: LBDA5 (newbasic.s19) = E924
Symbol: LBDB6 (newbasic.s19) = E938
Symbol: LBDBB (newbasic.s19) = E93D
Symbol: LBDC0 (newbasic.s19) = E942
Symbol: LBDC5 (newbasic.s19) = E947
Symbol: LBDCC (newbasic.s19) = E94F
Symbol: LBDD6 (newbasic.s19) = E95A
Symbol: LBDD9 (newbasic.s19) = E95D
Symbol: LBDDC (newbasic.s19) = E960
Symbol: LBDE4 (newbasic.s19) = E969
Symbol: LBDFF (newbasic.s19) = E987
Symbol: LBE01 (newbasic.s19) = E98A
Symbol: LBE09 (newbasic.s19) = E992
Symbol: LBE18 (newbasic.s19) = E9A2
Symbol: LBE1F (newbasic.s19) = E9AA
Symbol: LBE36 (newbasic.s19) = E9C2
Symbol: LBE4B (newbasic.s19) = E9DA
Symbol: LBE50 (newbasic.s19) = E9DF
Symbol: LBE72 (newbasic.s19) = EA09
Symbol: LBE84 (newbasic.s19) = EA1C
Symbol: LBE8C (newbasic.s19) = EA24
Symbol: LBE98 (newbasic.s19) = EA30
Symbol: LBEA3 (newbasic.s19) = EA3C
Symbol: LBEAB (newbasic.s19) = EA44
Symbol: LBEB8 (newbasic.s19) = EA51
Symbol: LBEBA (newbasic.s19) = EA53
Symbol: LBEBC (newbasic.s19) = EA55
Symbol: LBEC0 (newbasic.s19) = EA59
Symbol: LBEC5 (newbasic.s19) = EA5E
Symbol: LBEC9 (newbasic.s19) = EA62
Symbol: LBECD (newbasic.s19) = EA66
Symbol: LBED1 (newbasic.s19) = EA6A
Symbol: LBED5 (newbasic.s19) = EA6E
Symbol: LBED9 (newbasic.s19) = EA72
Symbol: LBEDD (newbasic.s19) = EA76
Symbol: LBEE1 (newbasic.s19) = EA7A
Symbol: LBEE5 (newbasic.s19) = EA7E
Symbol: LBEE9 (newbasic.s19) = EA82
Symbol: LBEEF (newbasic.s19) = EA8A
Symbol: LBEF0 (newbasic.s19) = EA8B
Symbol: LBEFC (newbasic.s19) = EA98
Symbol: LBEFF (newbasic.s19) = EA9B
Symbol: LBF01 (newbasic.s19) = EA9E
Symbol: LBF0C (newbasic.s19) = EAAC
Symbol: LBF38 (newbasic.s19) = EADB
Symbol: LBF3B (newbasic.s19) = EADE
Symbol: LBF45 (newbasic.s19) = EAEA
Symbol: LBFA6 (newbasic.s19) = EB5C
Symbol: LBFA9 (newbasic.s19) = EB5F
Symbol: LBFB7 (newbasic.s19) = EB6D
Symbol: LBFBD (newbasic.s19) = EB73
Symbol: LBFC2 (newbasic.s19) = EB78
Symbol: LBFC7 (newbasic.s19) = EB7D
Symbol: LBFC8 (newbasic.s19) = EB7E
Symbol: LBFCD (newbasic.s19) = EB83
Symbol: LBFD2 (newbasic.s19) = EB88
Symbol: LBFD7 (newbasic.s19) = EB8D
Symbol: LBFDC (newbasic.s19) = EB92
Symbol: LBFE1 (newbasic.s19) = EB97
Symbol: LBUFMX (newbasic.s19) = 00FA
Symbol: LEFT (newbasic.s19) = 9FDB
Symbol: LEN (newbasic.s19) = 9FAF
Symbol: LET (newbasic.s19) = 97E3
Symbol: LF (newbasic.s19) = 000A
Symbol: LINBUF (newbasic.s19) = 10F6
Symbol: LINE (newbasic.s19) = F93B
Symbol: LINHDR (newbasic.s19) = 10F4
Symbol: LIST (newbasic.s19) = E200
Symbol: LOG (newbasic.s19) = EC7A
Symbol: LPTCFW (newbasic.s19) = 1079
Symbol: LPTLCF (newbasic.s19) = 107A
Symbol: LPTPOS (newbasic.s19) = 107C
Symbol: LPTWID (newbasic.s19) = 107B
Symbol: LSTTXT (newbasic.s19) = 1069
Symbol: MAXLIN (newbasic.s19) = 00FA
Symbol: MBANK_0 (newbasic.s19) = FFEC
Symbol: MBANK_1 (newbasic.s19) = FFED
Symbol: MBANK_2 (newbasic.s19) = FFEE
Symbol: MBANK_3 (newbasic.s19) = FFEF
Symbol: MEM (newbasic.s19) = 9DD5
Symbol: MEMSIZ (newbasic.s19) = 102A
Symbol: MID (newbasic.s19) = A000
Symbol: NEW (newbasic.s19) = 9506
Symbol: NEWLINE (newbasic.s19) = 9022
Symbol: NEXT (newbasic.s19) = 9957
Symbol: NMIVEC (newbasic.s19) = 10A7
Symbol: NUL (newbasic.s19) = 0000
Symbol: NUM_SEC_FNS (newbasic.s19) = 001D
Symbol: OLDPTR (newbasic.s19) = 1030
Symbol: OLDTXT (newbasic.s19) = 102C
Symbol: ON (newbasic.s19) = 9790
Symbol: OPL3_BASE (newbasic.s19) = FFE0
Symbol: PEEK (newbasic.s19) = A090
Symbol: POKE (newbasic.s19) = A097
Symbol: POS (newbasic.s19) = EEF4
Symbol: PRINT (newbasic.s19) = E3A4
Symbol: PROGST (newbasic.s19) = 121A
Symbol: PUTCHR (newbasic.s19) = 900B
Symbol: PUTEND (newbasic.s19) = 9035
Symbol: READ (newbasic.s19) = 9892
Symbol: RELFLG (newbasic.s19) = 100D
Symbol: RELPTR (newbasic.s19) = 1040
Symbol: REM (newbasic.s19) = 9724
Symbol: RENUM (newbasic.s19) = F230
Symbol: RESSGN (newbasic.s19) = 1065
Symbol: RESTOR (newbasic.s19) = 960C
Symbol: RESVEC (newbasic.s19) = 9038
Symbol: RETURN (newbasic.s19) = 96FE
Symbol: RIGHT (newbasic.s19) = 9FF9
Symbol: RND (newbasic.s19) = EAC2
Symbol: RSEED (newbasic.s19) = EB23
Symbol: RSTFLG (newbasic.s19) = 1071
Symbol: RSTVEC (newbasic.s19) = 1072
Symbol: RUN (newbasic.s19) = 96AE
Symbol: RVSEED (newbasic.s19) = 10B3
Symbol: SECTOK (newbasic.s19) = 9600
Symbol: SGN (newbasic.s19) = E7BD
Symbol: SIN (newbasic.s19) = EB27
Symbol: sizeof{_DATE} (newbasic.s19) = 0014
Symbol: SKP1 (newbasic.s19) = 0021
Symbol: SKP1LD (newbasic.s19) = 0086
Symbol: SKP2 (newbasic.s19) = 008C
Symbol: SPACE (newbasic.s19) = 0020
Symbol: SQR (newbasic.s19) = ECB6
Symbol: STKBUF (newbasic.s19) = 003A
Symbol: STOP (newbasic.s19) = 9632
Symbol: STR (newbasic.s19) = 9DE7
Symbol: STRBUF (newbasic.s19) = 11F1
Symbol: STRDES (newbasic.s19) = 1059
Symbol: STRING (newbasic.s19) = EF92
Symbol: STRSTK (newbasic.s19) = 10CC
Symbol: STRTAB (newbasic.s19) = 1026
Symbol: SW2VEC (newbasic.s19) = 10A1
Symbol: SW3VEC (newbasic.s19) = 109E
Symbol: SWIVEC (newbasic.s19) = 10A4
Symbol: TAN (newbasic.s19) = EBAF
Symbol: TEMPPT (newbasic.s19) = 100E
Symbol: TEMPTR (newbasic.s19) = 1012
Symbol: TILDE (newbasic.s19) = 007E
Symbol: TINPTR (newbasic.s19) = 1032
Symbol: TMPLOC (newbasic.s19) = 1006
Symbol: TMPTR1 (newbasic.s19) = 1014
Symbol: TOK_DATA (newbasic.s19) = 0086
Symbol: TOK_ELSE (newbasic.s19) = 0084
Symbol: TOK_EQUALS (newbasic.s19) = 00AE
Symbol: TOK_FF_USR (newbasic.s19) = FF83
Symbol: TOK_FN (newbasic.s19) = 00B0
Symbol: TOK_GO (newbasic.s19) = 0081
Symbol: TOK_GREATER (newbasic.s19) = 00AD
Symbol: TOK_HIGH_EXEC (newbasic.s19) = 009E
Symbol: TOK_IF (newbasic.s19) = 0085
Symbol: TOK_INKEY (newbasic.s19) = 0098
Symbol: TOK_INPUT (newbasic.s19) = 0089
Symbol: TOK_LEFT (newbasic.s19) = 0095
Symbol: TOK_MID (newbasic.s19) = 0097
Symbol: TOK_MINUS (newbasic.s19) = 00A7
Symbol: TOK_NOT (newbasic.s19) = 00A3
Symbol: TOK_PLUS (newbasic.s19) = 00A6
Symbol: TOK_PRINT (newbasic.s19) = 0087
Symbol: TOK_REM (newbasic.s19) = 0082
Symbol: TOK_SNGL_Q (newbasic.s19) = 0083
Symbol: TOK_STEP (newbasic.s19) = 00A4
Symbol: TOK_SUB (newbasic.s19) = 00A1
Symbol: TOK_TAB (newbasic.s19) = 009F
Symbol: TOK_THEN (newbasic.s19) = 00A2
Symbol: TOK_TO (newbasic.s19) = 00A0
Symbol: TOK_USING (newbasic.s19) = 00B1
Symbol: TOK_USR (newbasic.s19) = 0083
Symbol: TOPRAM (newbasic.s19) = 1074
Symbol: TRCFLG (newbasic.s19) = 108F
Symbol: TRELFL (newbasic.s19) = 1042
Symbol: TROFF (newbasic.s19) = EEEF
Symbol: TRON (newbasic.s19) = EEEE
Symbol: TXTTAB (newbasic.s19) = 101C
Symbol: USR0 (newbasic.s19) = 10B8
Symbol: USRADR (newbasic.s19) = 1090
Symbol: USRJMP (newbasic.s19) = 10B0
Symbol: V40 (newbasic.s19) = 1043
Symbol: V41 (newbasic.s19) = 1044
Symbol: V42 (newbasic.s19) = 1045
Symbol: V43 (newbasic.s19) = 1046
Symbol: V44 (newbasic.s19) = 1047
Symbol: V45 (newbasic.s19) = 1048
Symbol: V46 (newbasic.s19) = 1049
Symbol: V47 (newbasic.s19) = 104A
Symbol: V48 (newbasic.s19) = 104B
Symbol: V4A (newbasic.s19) = 104D
Symbol: V4B (newbasic.s19) = 104E
Symbol: V4D (newbasic.s19) = 1050
Symbol: VAB (newbasic.s19) = 108B
Symbol: VAC (newbasic.s19) = 108C
Symbol: VAD (newbasic.s19) = 108D
Symbol: VAE (newbasic.s19) = 108E
Symbol: VAL (newbasic.s19) = A04E
Symbol: VALTYP (newbasic.s19) = 1009
Symbol: VARDES (newbasic.s19) = 103E
Symbol: VARNAM (newbasic.s19) = 103A
Symbol: VARPT (newbasic.s19) = EEFD
Symbol: VARPTR (newbasic.s19) = 103C
Symbol: VARTAB (newbasic.s19) = 101E
Symbol: VCF (newbasic.s19) = 1092
Symbol: VD1 (newbasic.s19) = 1094
Symbol: VD3 (newbasic.s19) = 1096
Symbol: VD5 (newbasic.s19) = 1098
Symbol: VD7 (newbasic.s19) = 109A
Symbol: VD8 (newbasic.s19) = 109B
Symbol: VD9 (newbasic.s19) = 109C
Symbol: VDA (newbasic.s19) = 109D
Symbol: VDAT (newbasic.s19) = FFE4
Symbol: VDP_BASE (newbasic.s19) = FFE4
Symbol: VIA_BASE (newbasic.s19) = FFB0
Symbol: VIND (newbasic.s19) = FFE7
Symbol: VPAL (newbasic.s19) = FFE6
Symbol: VREG (newbasic.s19) = FFE5
Symbol: XVEC15 (newbasic.s19) = F099
Symbol: XVEC19 (newbasic.s19) = F02C
Symbol: XVEC9 (newbasic.s19) = F4D4
Symbol: ZERO (newbasic.s19) = 1077
