Symbol: ABS (oldbasic.s19) = E6FA
Symbol: ARYDIS (oldbasic.s19) = 0008
Symbol: ARYEND (oldbasic.s19) = 001F
Symbol: ARYTAB (oldbasic.s19) = 001D
Symbol: ASC (oldbasic.s19) = DE47
Symbol: ATN (oldbasic.s19) = EA8B
Symbol: BACDST (oldbasic.s19) = D06B
Symbol: BAWMST (oldbasic.s19) = D0E8
Symbol: BFRQSV (oldbasic.s19) = D0EF
Symbol: BINVAL (oldbasic.s19) = 002B
Symbol: BIRQSV (oldbasic.s19) = D1E1
Symbol: BOTSTK (oldbasic.s19) = 0017
Symbol: BROMHK (oldbasic.s19) = D1E2
Symbol: BS (oldbasic.s19) = 0008
Symbol: CHARAC (oldbasic.s19) = 0001
Symbol: CHARAD (oldbasic.s19) = 0083
Symbol: CHR (oldbasic.s19) = DE33
Symbol: CLEAR (oldbasic.s19) = D617
Symbol: CMD_TAB (oldbasic.s19) = D34D
Symbol: COEFCT (oldbasic.s19) = 0055
Symbol: COEFPT (oldbasic.s19) = 0064
Symbol: COMPARISON (oldbasic.s19) = DAEB
Symbol: COMVEC (oldbasic.s19) = D110
Symbol: CONT (oldbasic.s19) = D606
Symbol: COS (oldbasic.s19) = EA53
Symbol: CR (oldbasic.s19) = 000D
Symbol: CURLIN (oldbasic.s19) = 0068
Symbol: DATA (oldbasic.s19) = D6B0
Symbol: DATPTR (oldbasic.s19) = 0033
Symbol: DATTMP (oldbasic.s19) = 0035
Symbol: DATTXT (oldbasic.s19) = 0031
Symbol: DEF (oldbasic.s19) = EF42
Symbol: DEL (oldbasic.s19) = EFFE
Symbol: DEVCFW (oldbasic.s19) = 006A
Symbol: DEVLCF (oldbasic.s19) = 006B
Symbol: DEVPOS (oldbasic.s19) = 006C
Symbol: DEVWID (oldbasic.s19) = 006D
Symbol: DIM (oldbasic.s19) = DAF5
Symbol: DIMFLG (oldbasic.s19) = 0005
Symbol: EDIT (oldbasic.s19) = EC0E
Symbol: ELSE (oldbasic.s19) = D6B3
Symbol: END (oldbasic.s19) = D5DD
Symbol: ENDCHR (oldbasic.s19) = 0002
Symbol: ENDFLG (oldbasic.s19) = 0000
Symbol: ESC (oldbasic.s19) = 001B
Symbol: EXEC (oldbasic.s19) = D1AF
Symbol: EXECJP (oldbasic.s19) = 007A
Symbol: EXP (oldbasic.s19) = EBCD
Symbol: FIX (oldbasic.s19) = EBFF
Symbol: FOR (oldbasic.s19) = D50B
Symbol: FP0EXP (oldbasic.s19) = 004F
Symbol: FP0SGN (oldbasic.s19) = 0054
Symbol: FP1EXP (oldbasic.s19) = 005C
Symbol: FP1SGN (oldbasic.s19) = 0061
Symbol: FPA0 (oldbasic.s19) = 0050
Symbol: FPA1 (oldbasic.s19) = 005D
Symbol: FPA2 (oldbasic.s19) = 0013
Symbol: FPCARY (oldbasic.s19) = 005B
Symbol: FPSBYT (oldbasic.s19) = 0063
Symbol: FRESPC (oldbasic.s19) = 0025
Symbol: FRETOP (oldbasic.s19) = 0021
Symbol: FRQVEC (oldbasic.s19) = 00AA
Symbol: FUNC_TAB (oldbasic.s19) = D1F1
Symbol: GARBFL (oldbasic.s19) = 0007
Symbol: GETCCH (oldbasic.s19) = 0082
Symbol: GETNCH (oldbasic.s19) = 007C
Symbol: GIVABF (oldbasic.s19) = DC9B
Symbol: GO (oldbasic.s19) = D656
Symbol: HEXDOL (oldbasic.s19) = F259
Symbol: IF (oldbasic.s19) = D6E4
Symbol: IFCTR (oldbasic.s19) = 0004
Symbol: IKEYIM (oldbasic.s19) = 0073
Symbol: INKEY (oldbasic.s19) = D1BD
Symbol: INPFLG (oldbasic.s19) = 0009
Symbol: INPUT (oldbasic.s19) = D7BF
Symbol: INSTR (oldbasic.s19) = EE4F
Symbol: INT (oldbasic.s19) = E755
Symbol: INTCNV (oldbasic.s19) = DB94
Symbol: IOPORT (oldbasic.s19) = E050
Symbol: IRQVEC (oldbasic.s19) = 00A7
Symbol: KEYIN (oldbasic.s19) = D005
Symbol: KEYWAIT (oldbasic.s19) = D000
Symbol: L8031 (oldbasic.s19) = D0C0
Symbol: L8032 (oldbasic.s19) = D0C5
Symbol: L8033 (oldbasic.s19) = D0CE
Symbol: L837E (oldbasic.s19) = EA59
Symbol: L83A3 (oldbasic.s19) = EA7E
Symbol: L83A6 (oldbasic.s19) = EA81
Symbol: L83AB (oldbasic.s19) = EA86
Symbol: L83B8 (oldbasic.s19) = EA93
Symbol: L83C5 (oldbasic.s19) = EAA0
Symbol: L83D7 (oldbasic.s19) = EAB2
Symbol: L83DC (oldbasic.s19) = EAB7
Symbol: L83DF (oldbasic.s19) = EABA
Symbol: L83E0 (oldbasic.s19) = EABB
Symbol: L83E1 (oldbasic.s19) = EABC
Symbol: L83E6 (oldbasic.s19) = EAC1
Symbol: L83EB (oldbasic.s19) = EAC6
Symbol: L83F0 (oldbasic.s19) = EACB
Symbol: L83F5 (oldbasic.s19) = EAD0
Symbol: L83FA (oldbasic.s19) = EAD5
Symbol: L83FF (oldbasic.s19) = EADA
Symbol: L8404 (oldbasic.s19) = EADF
Symbol: L8409 (oldbasic.s19) = EAE4
Symbol: L840E (oldbasic.s19) = EAE9
Symbol: L8413 (oldbasic.s19) = EAEE
Symbol: L8418 (oldbasic.s19) = EAF3
Symbol: L841D (oldbasic.s19) = EAF8
Symbol: L841E (oldbasic.s19) = EAF9
Symbol: L8423 (oldbasic.s19) = EAFE
Symbol: L8428 (oldbasic.s19) = EB03
Symbol: L842D (oldbasic.s19) = EB08
Symbol: L8432 (oldbasic.s19) = EB0D
Symbol: L8437 (oldbasic.s19) = EB12
Symbol: L843C (oldbasic.s19) = EB17
Symbol: L8441 (oldbasic.s19) = EB1C
Symbol: L8489 (oldbasic.s19) = EB64
Symbol: L8491 (oldbasic.s19) = EB6C
Symbol: L84AC (oldbasic.s19) = EB87
Symbol: L84C4 (oldbasic.s19) = EB9F
Symbol: L84C9 (oldbasic.s19) = EBA4
Symbol: L84CA (oldbasic.s19) = EBA5
Symbol: L84CF (oldbasic.s19) = EBAA
Symbol: L84D4 (oldbasic.s19) = EBAF
Symbol: L84D9 (oldbasic.s19) = EBB4
Symbol: L84DE (oldbasic.s19) = EBB9
Symbol: L84E3 (oldbasic.s19) = EBBE
Symbol: L84E8 (oldbasic.s19) = EBC3
Symbol: L84ED (oldbasic.s19) = EBC8
Symbol: L8501 (oldbasic.s19) = EBDC
Symbol: L8504 (oldbasic.s19) = EBDF
Symbol: L8529 (oldbasic.s19) = EC04
Symbol: L852C (oldbasic.s19) = EC07
Symbol: L8538 (oldbasic.s19) = EC13
Symbol: L854D (oldbasic.s19) = EC28
Symbol: L855C (oldbasic.s19) = EC37
Symbol: L855D (oldbasic.s19) = EC38
Symbol: L8570 (oldbasic.s19) = EC4B
Symbol: L857D (oldbasic.s19) = EC58
Symbol: L8581 (oldbasic.s19) = EC5C
Symbol: L858A (oldbasic.s19) = EC65
Symbol: L858C (oldbasic.s19) = EC67
Symbol: L8592 (oldbasic.s19) = EC6D
Symbol: L859D (oldbasic.s19) = EC78
Symbol: L85AB (oldbasic.s19) = EC86
Symbol: L85AF (oldbasic.s19) = EC8A
Symbol: L85B3 (oldbasic.s19) = EC8E
Symbol: L85B4 (oldbasic.s19) = EC8F
Symbol: L85B6 (oldbasic.s19) = EC91
Symbol: L85C2 (oldbasic.s19) = EC9D
Symbol: L85C3 (oldbasic.s19) = EC9E
Symbol: L85C7 (oldbasic.s19) = ECA2
Symbol: L85D1 (oldbasic.s19) = ECAC
Symbol: L85D5 (oldbasic.s19) = ECB0
Symbol: L85DE (oldbasic.s19) = ECB9
Symbol: L85F3 (oldbasic.s19) = ECCE
Symbol: L85F5 (oldbasic.s19) = ECD0
Symbol: L860F (oldbasic.s19) = ECEA
Symbol: L8613 (oldbasic.s19) = ECEE
Symbol: L861E (oldbasic.s19) = ECF9
Symbol: L8625 (oldbasic.s19) = ED00
Symbol: L8626 (oldbasic.s19) = ED01
Symbol: L862E (oldbasic.s19) = ED09
Symbol: L8630 (oldbasic.s19) = ED0B
Symbol: L8634 (oldbasic.s19) = ED0F
Symbol: L8646 (oldbasic.s19) = ED21
Symbol: L864A (oldbasic.s19) = ED25
Symbol: L8650 (oldbasic.s19) = ED2B
Symbol: L8659 (oldbasic.s19) = ED34
Symbol: L865C (oldbasic.s19) = ED37
Symbol: L8665 (oldbasic.s19) = ED40
Symbol: L866B (oldbasic.s19) = ED46
Symbol: L8679 (oldbasic.s19) = ED54
Symbol: L867C (oldbasic.s19) = ED57
Symbol: L8685 (oldbasic.s19) = ED60
Symbol: L8687 (oldbasic.s19) = ED62
Symbol: L8694 (oldbasic.s19) = ED6F
Symbol: L86A6 (oldbasic.s19) = ED81
Symbol: L86D6 (oldbasic.s19) = EDA7
Symbol: L86EB (oldbasic.s19) = EDBC
Symbol: L86FD (oldbasic.s19) = EDCE
Symbol: L870E (oldbasic.s19) = EDDF
Symbol: L8724 (oldbasic.s19) = EDF5
Symbol: L8727 (oldbasic.s19) = EDF8
Symbol: L872E (oldbasic.s19) = EDFF
Symbol: L873F (oldbasic.s19) = EE10
Symbol: L8746 (oldbasic.s19) = EE17
Symbol: L8748 (oldbasic.s19) = EE19
Symbol: L8768 (oldbasic.s19) = EE39
Symbol: L876B (oldbasic.s19) = EE3C
Symbol: L8776 (oldbasic.s19) = EE47
Symbol: L877B (oldbasic.s19) = EE4C
Symbol: L879C (oldbasic.s19) = EE6D
Symbol: L87BE (oldbasic.s19) = EE8F
Symbol: L87CD (oldbasic.s19) = EE9E
Symbol: L87D6 (oldbasic.s19) = EEA7
Symbol: L87D8 (oldbasic.s19) = EEA9
Symbol: L87D9 (oldbasic.s19) = EEAA
Symbol: L87DF (oldbasic.s19) = EEB0
Symbol: L87EB (oldbasic.s19) = EEBC
Symbol: L8800 (oldbasic.s19) = EED1
Symbol: L880A (oldbasic.s19) = EEDB
Symbol: L880C (oldbasic.s19) = EEDD
Symbol: L880E (oldbasic.s19) = EEDF
Symbol: L881F (oldbasic.s19) = EEF0
Symbol: L882E (oldbasic.s19) = EEFF
Symbol: L8834 (oldbasic.s19) = EF05
Symbol: L8845 (oldbasic.s19) = EF16
Symbol: L8862 (oldbasic.s19) = EF33
Symbol: L8866 (oldbasic.s19) = EF37
Symbol: L886E (oldbasic.s19) = EF3F
Symbol: L88A1 (oldbasic.s19) = EF72
Symbol: L88B1 (oldbasic.s19) = EF82
Symbol: L88B4 (oldbasic.s19) = EF85
Symbol: L88D9 (oldbasic.s19) = EFAA
Symbol: L88EF (oldbasic.s19) = EFC0
Symbol: L890B (oldbasic.s19) = D3BD
Symbol: L890D (oldbasic.s19) = D3BF
Symbol: L890F (oldbasic.s19) = EFC1
Symbol: L891C (oldbasic.s19) = EFCE
Symbol: L8927 (oldbasic.s19) = EFD9
Symbol: L892C (oldbasic.s19) = EFDE
Symbol: L8943 (oldbasic.s19) = EFF5
Symbol: L8944 (oldbasic.s19) = EFF6
Symbol: L898C (oldbasic.s19) = F01A
Symbol: L8990 (oldbasic.s19) = F01E
Symbol: L8992 (oldbasic.s19) = F020
Symbol: L8993 (oldbasic.s19) = F021
Symbol: L899F (oldbasic.s19) = F02D
Symbol: L89AE (oldbasic.s19) = F03C
Symbol: L89B4 (oldbasic.s19) = F042
Symbol: L89B8 (oldbasic.s19) = F046
Symbol: L89BF (oldbasic.s19) = F04D
Symbol: L89C0 (oldbasic.s19) = F04E
Symbol: L89D2 (oldbasic.s19) = F053
Symbol: L89E1 (oldbasic.s19) = F062
Symbol: L89FC (oldbasic.s19) = F07B
Symbol: L8A02 (oldbasic.s19) = F081
Symbol: L8A04 (oldbasic.s19) = F083
Symbol: L8A20 (oldbasic.s19) = F09F
Symbol: L8A2D (oldbasic.s19) = F0AC
Symbol: L8A3A (oldbasic.s19) = F0B9
Symbol: L8A3D (oldbasic.s19) = F0BC
Symbol: L8A67 (oldbasic.s19) = F0E6
Symbol: L8A68 (oldbasic.s19) = F0E7
Symbol: L8A71 (oldbasic.s19) = F0F0
Symbol: L8A77 (oldbasic.s19) = F0F6
Symbol: L8A83 (oldbasic.s19) = F102
Symbol: L8A86 (oldbasic.s19) = F105
Symbol: L8A90 (oldbasic.s19) = F10F
Symbol: L8A91 (oldbasic.s19) = F110
Symbol: L8A95 (oldbasic.s19) = F114
Symbol: L8A99 (oldbasic.s19) = F118
Symbol: L8A9B (oldbasic.s19) = F11A
Symbol: L8AAC (oldbasic.s19) = F12B
Symbol: L8AB2 (oldbasic.s19) = F131
Symbol: L8AB9 (oldbasic.s19) = F138
Symbol: L8AC0 (oldbasic.s19) = F13F
Symbol: L8AC7 (oldbasic.s19) = F146
Symbol: L8AD3 (oldbasic.s19) = F152
Symbol: L8ADD (oldbasic.s19) = F15C
Symbol: L8AE1 (oldbasic.s19) = F160
Symbol: L8AE5 (oldbasic.s19) = F164
Symbol: L8AE9 (oldbasic.s19) = F168
Symbol: L8AEB (oldbasic.s19) = F16A
Symbol: L8AED (oldbasic.s19) = F16C
Symbol: L8AEF (oldbasic.s19) = F16E
Symbol: L8B13 (oldbasic.s19) = F18F
Symbol: L8B17 (oldbasic.s19) = F193
Symbol: L8B1B (oldbasic.s19) = F197
Symbol: L8B24 (oldbasic.s19) = F1A0
Symbol: L8B41 (oldbasic.s19) = F1BD
Symbol: L8B55 (oldbasic.s19) = F1D1
Symbol: L8B67 (oldbasic.s19) = F1E3
Symbol: L8B71 (oldbasic.s19) = F1ED
Symbol: L8B7B (oldbasic.s19) = F1F7
Symbol: L8B7F (oldbasic.s19) = F1FB
Symbol: L8B8A (oldbasic.s19) = F206
Symbol: L8B8C (oldbasic.s19) = F208
Symbol: L8BAE (oldbasic.s19) = F22A
Symbol: L8BBE (oldbasic.s19) = F23A
Symbol: L8BC9 (oldbasic.s19) = F245
Symbol: L8BD9 (oldbasic.s19) = F255
Symbol: L8BE5 (oldbasic.s19) = F261
Symbol: L8BEA (oldbasic.s19) = F266
Symbol: L8BFF (oldbasic.s19) = F27B
Symbol: L8C07 (oldbasic.s19) = F283
Symbol: L8C0B (oldbasic.s19) = F287
Symbol: L8E37 (oldbasic.s19) = F294
Symbol: L8E3B (oldbasic.s19) = F298
Symbol: L8E5F (oldbasic.s19) = F2BC
Symbol: L8E69 (oldbasic.s19) = F2C6
Symbol: L8E71 (oldbasic.s19) = F2CE
Symbol: L8E82 (oldbasic.s19) = F2DF
Symbol: L8E88 (oldbasic.s19) = F2E5
Symbol: L8E95 (oldbasic.s19) = F2F2
Symbol: L8EA8 (oldbasic.s19) = F305
Symbol: L8EAE (oldbasic.s19) = F30B
Symbol: L8EB4 (oldbasic.s19) = F311
Symbol: L8EB7 (oldbasic.s19) = F314
Symbol: L8EB9 (oldbasic.s19) = F316
Symbol: L8EBB (oldbasic.s19) = F318
Symbol: L8ED2 (oldbasic.s19) = F32F
Symbol: L8ED8 (oldbasic.s19) = F335
Symbol: L8EDD (oldbasic.s19) = F33A
Symbol: L8EE2 (oldbasic.s19) = F33F
Symbol: L8EEF (oldbasic.s19) = F34C
Symbol: L8EFB (oldbasic.s19) = F358
Symbol: L8F1A (oldbasic.s19) = F377
Symbol: L8F20 (oldbasic.s19) = F37D
Symbol: L8F24 (oldbasic.s19) = F381
Symbol: L8F26 (oldbasic.s19) = F383
Symbol: L8F41 (oldbasic.s19) = F39E
Symbol: L8F4F (oldbasic.s19) = F3AC
Symbol: L8F5A (oldbasic.s19) = F3B7
Symbol: L8F74 (oldbasic.s19) = F3D1
Symbol: L8F8F (oldbasic.s19) = F3EC
Symbol: L8F96 (oldbasic.s19) = F3F3
Symbol: L8FB3 (oldbasic.s19) = F410
Symbol: L8FC4 (oldbasic.s19) = F421
Symbol: L8FC6 (oldbasic.s19) = F423
Symbol: L8FD8 (oldbasic.s19) = F435
Symbol: L8FE3 (oldbasic.s19) = F440
Symbol: L8FE5 (oldbasic.s19) = F442
Symbol: L8FF2 (oldbasic.s19) = F44F
Symbol: L8FFA (oldbasic.s19) = F457
Symbol: L9011 (oldbasic.s19) = F46E
Symbol: L9015 (oldbasic.s19) = F472
Symbol: L9023 (oldbasic.s19) = F480
Symbol: L902C (oldbasic.s19) = F489
Symbol: L9050 (oldbasic.s19) = F4AD
Symbol: L9054 (oldbasic.s19) = F4B1
Symbol: L9060 (oldbasic.s19) = F4BD
Symbol: L9065 (oldbasic.s19) = F4C2
Symbol: L907C (oldbasic.s19) = F4D9
Symbol: L9096 (oldbasic.s19) = F4F3
Symbol: L909E (oldbasic.s19) = F4FB
Symbol: L90A9 (oldbasic.s19) = F506
Symbol: L90AA (oldbasic.s19) = F507
Symbol: L90B2 (oldbasic.s19) = F50F
Symbol: L90B3 (oldbasic.s19) = F510
Symbol: L90B8 (oldbasic.s19) = F515
Symbol: L90BD (oldbasic.s19) = F51A
Symbol: L90BF (oldbasic.s19) = F51C
Symbol: L90CB (oldbasic.s19) = F528
Symbol: L90E2 (oldbasic.s19) = F53F
Symbol: L90EA (oldbasic.s19) = F547
Symbol: L90EE (oldbasic.s19) = F54B
Symbol: L90FF (oldbasic.s19) = F55C
Symbol: L9108 (oldbasic.s19) = F565
Symbol: L910D (oldbasic.s19) = F56A
Symbol: L9116 (oldbasic.s19) = F573
Symbol: L911B (oldbasic.s19) = F578
Symbol: L9129 (oldbasic.s19) = F586
Symbol: L9130 (oldbasic.s19) = F58D
Symbol: L913C (oldbasic.s19) = F599
Symbol: L9141 (oldbasic.s19) = F59E
Symbol: L915A (oldbasic.s19) = F5B7
Symbol: L9167 (oldbasic.s19) = F5C4
Symbol: L916F (oldbasic.s19) = F5CC
Symbol: L9177 (oldbasic.s19) = F5D4
Symbol: L9185 (oldbasic.s19) = F5E2
Symbol: L919E (oldbasic.s19) = F5FB
Symbol: L91A0 (oldbasic.s19) = F5FD
Symbol: L91B6 (oldbasic.s19) = F613
Symbol: L91BA (oldbasic.s19) = F617
Symbol: L91C4 (oldbasic.s19) = F621
Symbol: L91CC (oldbasic.s19) = F629
Symbol: L91CD (oldbasic.s19) = F62A
Symbol: L91D0 (oldbasic.s19) = F62D
Symbol: L91E4 (oldbasic.s19) = F641
Symbol: L91E9 (oldbasic.s19) = F646
Symbol: L91F1 (oldbasic.s19) = F64E
Symbol: L9200 (oldbasic.s19) = F65D
Symbol: L9202 (oldbasic.s19) = F65F
Symbol: L9211 (oldbasic.s19) = F66E
Symbol: L9213 (oldbasic.s19) = F670
Symbol: L9235 (oldbasic.s19) = F692
Symbol: L9249 (oldbasic.s19) = F6A6
Symbol: L924D (oldbasic.s19) = F6AA
Symbol: L9256 (oldbasic.s19) = F6B3
Symbol: L9262 (oldbasic.s19) = F6BF
Symbol: L9263 (oldbasic.s19) = F6C0
Symbol: L926A (oldbasic.s19) = F6C7
Symbol: L927A (oldbasic.s19) = F6D7
Symbol: L927B (oldbasic.s19) = F6D8
Symbol: L9281 (oldbasic.s19) = F6DE
Symbol: L928E (oldbasic.s19) = F6EB
Symbol: LA00E (oldbasic.s19) = D04C
Symbol: LA077 (oldbasic.s19) = D072
Symbol: LA084 (oldbasic.s19) = D07F
Symbol: LA093 (oldbasic.s19) = D08E
Symbol: LA0F3 (oldbasic.s19) = D0EC
Symbol: LA10D (oldbasic.s19) = D0F0
Symbol: LA123 (oldbasic.s19) = D0FC
Symbol: LA147 (oldbasic.s19) = D126
Symbol: LA156 (oldbasic.s19) = D150
Symbol: LA165 (oldbasic.s19) = D152
Symbol: LA35F (oldbasic.s19) = D153
Symbol: LA37C (oldbasic.s19) = D159
Symbol: LA38D (oldbasic.s19) = D161
Symbol: LA390 (oldbasic.s19) = D161
Symbol: LA39A (oldbasic.s19) = D168
Symbol: LA3B4 (oldbasic.s19) = D176
Symbol: LA3B8 (oldbasic.s19) = D17A
Symbol: LA3C2 (oldbasic.s19) = D184
Symbol: LA3C8 (oldbasic.s19) = D18A
Symbol: LA3CC (oldbasic.s19) = D18E
Symbol: LA3CD (oldbasic.s19) = D18F
Symbol: LA3D9 (oldbasic.s19) = D19B
Symbol: LA3E8 (oldbasic.s19) = D1AA
Symbol: LA545 (oldbasic.s19) = D1B6
Symbol: LA549 (oldbasic.s19) = D1BA
Symbol: LA56B (oldbasic.s19) = D1C4
Symbol: LA59A (oldbasic.s19) = D1D1
Symbol: LA5A1 (oldbasic.s19) = D1D8
Symbol: LA5C4 (oldbasic.s19) = D1D9
Symbol: LA5C7 (oldbasic.s19) = D1DA
Symbol: LA5C9 (oldbasic.s19) = D1DC
Symbol: LA5E8 (oldbasic.s19) = ED8B
Symbol: LA9C5 (oldbasic.s19) = D1E1
Symbol: LAA24 (oldbasic.s19) = D1EC
Symbol: LAA28 (oldbasic.s19) = D1F0
Symbol: LAA29 (oldbasic.s19) = D1F1
Symbol: LAA51 (oldbasic.s19) = D22B
Symbol: LAA66 (oldbasic.s19) = D240
Symbol: LAB1A (oldbasic.s19) = D2E0
Symbol: LAB67 (oldbasic.s19) = D34D
Symbol: LABAF (oldbasic.s19) = D38B
Symbol: LABE1 (oldbasic.s19) = D3C1
Symbol: LABE8 (oldbasic.s19) = D3C8
Symbol: LABED (oldbasic.s19) = D3CD
Symbol: LABEE (oldbasic.s19) = D3CE
Symbol: LABF2 (oldbasic.s19) = D3D2
Symbol: LABF9 (oldbasic.s19) = D3D9
Symbol: LABFB (oldbasic.s19) = D3DB
Symbol: LAC16 (oldbasic.s19) = D3F6
Symbol: LAC1A (oldbasic.s19) = D3FA
Symbol: LAC1E (oldbasic.s19) = D3FE
Symbol: LAC20 (oldbasic.s19) = D400
Symbol: LAC28 (oldbasic.s19) = D408
Symbol: LAC32 (oldbasic.s19) = D412
Symbol: LAC33 (oldbasic.s19) = D413
Symbol: LAC37 (oldbasic.s19) = D417
Symbol: LAC44 (oldbasic.s19) = D424
Symbol: LAC46 (oldbasic.s19) = D426
Symbol: LAC60 (oldbasic.s19) = D432
Symbol: LAC68 (oldbasic.s19) = D43A
Symbol: LAC73 (oldbasic.s19) = D445
Symbol: LAC7C (oldbasic.s19) = D44E
Symbol: LACA0 (oldbasic.s19) = D466
Symbol: LACA5 (oldbasic.s19) = D46B
Symbol: LACA8 (oldbasic.s19) = D46E
Symbol: LACC0 (oldbasic.s19) = D485
Symbol: LACC8 (oldbasic.s19) = D48D
Symbol: LACDD (oldbasic.s19) = D4A1
Symbol: LACE9 (oldbasic.s19) = D4AD
Symbol: LACEF (oldbasic.s19) = D4B3
Symbol: LACF1 (oldbasic.s19) = D4B5
Symbol: LACF7 (oldbasic.s19) = D4BB
Symbol: LAD01 (oldbasic.s19) = D4C5
Symbol: LAD05 (oldbasic.s19) = D4C9
Symbol: LAD12 (oldbasic.s19) = D4D6
Symbol: LAD14 (oldbasic.s19) = D4D8
Symbol: LAD16 (oldbasic.s19) = D4DA
Symbol: LAD19 (oldbasic.s19) = D4DD
Symbol: LAD21 (oldbasic.s19) = D4E5
Symbol: LAD26 (oldbasic.s19) = D4EA
Symbol: LAD33 (oldbasic.s19) = D4F7
Symbol: LAD59 (oldbasic.s19) = D51D
Symbol: LAD7F (oldbasic.s19) = D543
Symbol: LAD90 (oldbasic.s19) = D554
Symbol: LAD9E (oldbasic.s19) = D562
Symbol: LADB1 (oldbasic.s19) = D572
Symbol: LADB4 (oldbasic.s19) = D575
Symbol: LADC0 (oldbasic.s19) = D594
Symbol: LADC6 (oldbasic.s19) = D59A
Symbol: LADD4 (oldbasic.s19) = D5AC
Symbol: LADE8 (oldbasic.s19) = D5C3
Symbol: LADEA (oldbasic.s19) = D5C5
Symbol: LADEB (oldbasic.s19) = D5C6
Symbol: LADF0 (oldbasic.s19) = D5CB
Symbol: LADFA (oldbasic.s19) = D5D5
Symbol: LADFB (oldbasic.s19) = D5D6
Symbol: LAE0B (oldbasic.s19) = D5E3
Symbol: LAE11 (oldbasic.s19) = D5E9
Symbol: LAE15 (oldbasic.s19) = D5ED
Symbol: LAE22 (oldbasic.s19) = D5FA
Symbol: LAE40 (oldbasic.s19) = D616
Symbol: LAE5A (oldbasic.s19) = D630
Symbol: LAE6F (oldbasic.s19) = D645
Symbol: LAE72 (oldbasic.s19) = D648
Symbol: LAE88 (oldbasic.s19) = D658
Symbol: LAE9F (oldbasic.s19) = D66F
Symbol: LAEA4 (oldbasic.s19) = D674
Symbol: LAEB6 (oldbasic.s19) = D686
Symbol: LAEBB (oldbasic.s19) = D68B
Symbol: LAEBF (oldbasic.s19) = D68F
Symbol: LAED2 (oldbasic.s19) = D6A2
Symbol: LAED7 (oldbasic.s19) = D6A7
Symbol: LAEDA (oldbasic.s19) = D6AA
Symbol: LAEE7 (oldbasic.s19) = D6B7
Symbol: LAEE8 (oldbasic.s19) = D6B8
Symbol: LAEEA (oldbasic.s19) = D6BA
Symbol: LAEEB (oldbasic.s19) = D6BB
Symbol: LAEF1 (oldbasic.s19) = D6C1
Symbol: LAEF7 (oldbasic.s19) = D6C7
Symbol: LAF0C (oldbasic.s19) = D6DC
Symbol: LAF22 (oldbasic.s19) = D6F2
Symbol: LAF28 (oldbasic.s19) = D6F8
Symbol: LAF39 (oldbasic.s19) = D709
Symbol: LAF52 (oldbasic.s19) = D722
Symbol: LAF54 (oldbasic.s19) = D724
Symbol: LAF5D (oldbasic.s19) = D72D
Symbol: LAF67 (oldbasic.s19) = D737
Symbol: LAF6B (oldbasic.s19) = D73B
Symbol: LAFA4 (oldbasic.s19) = D774
Symbol: LAFB1 (oldbasic.s19) = D781
Symbol: LAFBE (oldbasic.s19) = D78E
Symbol: LAFCE (oldbasic.s19) = D79E
Symbol: LAFCF (oldbasic.s19) = D79F
Symbol: LAFD6 (oldbasic.s19) = D7A6
Symbol: LAFDC (oldbasic.s19) = D7A6
Symbol: LAFDF (oldbasic.s19) = D7A9
Symbol: LAFEA (oldbasic.s19) = D7B4
Symbol: LASTPT (oldbasic.s19) = 000D
Symbol: LB00F (oldbasic.s19) = D7CA
Symbol: LB01E (oldbasic.s19) = D7D9
Symbol: LB02F (oldbasic.s19) = D7E6
Symbol: LB035 (oldbasic.s19) = D7EC
Symbol: LB03F (oldbasic.s19) = D7F6
Symbol: LB049 (oldbasic.s19) = D7FC
Symbol: LB04E (oldbasic.s19) = D801
Symbol: LB069 (oldbasic.s19) = D819
Symbol: LB08B (oldbasic.s19) = D837
Symbol: LB098 (oldbasic.s19) = D844
Symbol: LB09E (oldbasic.s19) = D84A
Symbol: LB0A8 (oldbasic.s19) = D854
Symbol: LB0B9 (oldbasic.s19) = D865
Symbol: LB0CD (oldbasic.s19) = D879
Symbol: LB0D5 (oldbasic.s19) = D881
Symbol: LB0E7 (oldbasic.s19) = D893
Symbol: LB0E8 (oldbasic.s19) = D894
Symbol: LB0FE (oldbasic.s19) = D8AA
Symbol: LB101 (oldbasic.s19) = D8AD
Symbol: LB10A (oldbasic.s19) = D8B6
Symbol: LB10C (oldbasic.s19) = D8B8
Symbol: LB131 (oldbasic.s19) = D8DD
Symbol: LB134 (oldbasic.s19) = D8E0
Symbol: LB141 (oldbasic.s19) = D8ED
Symbol: LB143 (oldbasic.s19) = D8EF
Symbol: LB145 (oldbasic.s19) = D8F1
Symbol: LB146 (oldbasic.s19) = D8F2
Symbol: LB148 (oldbasic.s19) = D8F4
Symbol: LB14F (oldbasic.s19) = D8FB
Symbol: LB153 (oldbasic.s19) = D8FF
Symbol: LB156 (oldbasic.s19) = D902
Symbol: LB158 (oldbasic.s19) = D904
Symbol: LB15A (oldbasic.s19) = D906
Symbol: LB168 (oldbasic.s19) = D914
Symbol: LB16A (oldbasic.s19) = D916
Symbol: LB181 (oldbasic.s19) = D92D
Symbol: LB19F (oldbasic.s19) = D94B
Symbol: LB1A7 (oldbasic.s19) = D953
Symbol: LB1B8 (oldbasic.s19) = D964
Symbol: LB1C6 (oldbasic.s19) = D972
Symbol: LB1CB (oldbasic.s19) = D977
Symbol: LB1CC (oldbasic.s19) = D978
Symbol: LB1CE (oldbasic.s19) = D97A
Symbol: LB1D4 (oldbasic.s19) = D980
Symbol: LB1DF (oldbasic.s19) = D98B
Symbol: LB1E2 (oldbasic.s19) = D98E
Symbol: LB1E6 (oldbasic.s19) = D992
Symbol: LB1EA (oldbasic.s19) = D996
Symbol: LB1F4 (oldbasic.s19) = D9A0
Symbol: LB1FA (oldbasic.s19) = D9A6
Symbol: LB201 (oldbasic.s19) = D9AD
Symbol: LB203 (oldbasic.s19) = D9AF
Symbol: LB220 (oldbasic.s19) = D9CC
Symbol: LB222 (oldbasic.s19) = D9CE
Symbol: LB223 (oldbasic.s19) = D9CF
Symbol: LB22C (oldbasic.s19) = D9D8
Symbol: LB22F (oldbasic.s19) = D9DB
Symbol: LB244 (oldbasic.s19) = D9F0
Symbol: LB249 (oldbasic.s19) = D9F5
Symbol: LB24E (oldbasic.s19) = D9FA
Symbol: LB25F (oldbasic.s19) = DA0B
Symbol: LB262 (oldbasic.s19) = DA0E
Symbol: LB267 (oldbasic.s19) = DA13
Symbol: LB26A (oldbasic.s19) = DA16
Symbol: LB26D (oldbasic.s19) = DA19
Symbol: LB26F (oldbasic.s19) = DA1B
Symbol: LB277 (oldbasic.s19) = DA23
Symbol: LB27C (oldbasic.s19) = DA28
Symbol: LB284 (oldbasic.s19) = DA30
Symbol: LB287 (oldbasic.s19) = DA33
Symbol: LB290 (oldbasic.s19) = DA3C
Symbol: LB29F (oldbasic.s19) = DA4A
Symbol: LB2C7 (oldbasic.s19) = DA6E
Symbol: LB2C9 (oldbasic.s19) = DA70
Symbol: LB2CE (oldbasic.s19) = DA75
Symbol: LB2D4 (oldbasic.s19) = DA7B
Symbol: LB2D5 (oldbasic.s19) = DA7C
Symbol: LB2ED (oldbasic.s19) = DA94
Symbol: LB2F1 (oldbasic.s19) = DA98
Symbol: LB2F4 (oldbasic.s19) = DA9B
Symbol: LB309 (oldbasic.s19) = DAB0
Symbol: LB328 (oldbasic.s19) = DACF
Symbol: LB32D (oldbasic.s19) = DAD4
Symbol: LB334 (oldbasic.s19) = DADB
Symbol: LB33F (oldbasic.s19) = DAE6
Symbol: LB348 (oldbasic.s19) = DAEF
Symbol: LB34B (oldbasic.s19) = DAF2
Symbol: LB357 (oldbasic.s19) = DAFE
Symbol: LB35A (oldbasic.s19) = DB01
Symbol: LB35C (oldbasic.s19) = DB03
Symbol: LB371 (oldbasic.s19) = DB18
Symbol: LB373 (oldbasic.s19) = DB1A
Symbol: LB37B (oldbasic.s19) = DB22
Symbol: LB385 (oldbasic.s19) = DB2C
Symbol: LB395 (oldbasic.s19) = DB3C
Symbol: LB3A2 (oldbasic.s19) = DB49
Symbol: LB3AA (oldbasic.s19) = DB51
Symbol: LB3AB (oldbasic.s19) = DB52
Symbol: LB3DC (oldbasic.s19) = DB83
Symbol: LB3DE (oldbasic.s19) = DB85
Symbol: LB3DF (oldbasic.s19) = DB86
Symbol: LB3E4 (oldbasic.s19) = DB8B
Symbol: LB3E6 (oldbasic.s19) = DB8D
Symbol: LB3E9 (oldbasic.s19) = DB90
Symbol: LB3FE (oldbasic.s19) = DBA5
Symbol: LB404 (oldbasic.s19) = DBAB
Symbol: LB40A (oldbasic.s19) = DBB1
Symbol: LB42A (oldbasic.s19) = DBD1
Symbol: LB43B (oldbasic.s19) = DBE2
Symbol: LB447 (oldbasic.s19) = DBEE
Symbol: LB44A (oldbasic.s19) = DBF1
Symbol: LB44C (oldbasic.s19) = DBF3
Symbol: LB44F (oldbasic.s19) = DBF6
Symbol: LB461 (oldbasic.s19) = DC08
Symbol: LB46D (oldbasic.s19) = DC14
Symbol: LB48C (oldbasic.s19) = DC33
Symbol: LB4A0 (oldbasic.s19) = DC47
Symbol: LB4A6 (oldbasic.s19) = DC4D
Symbol: LB4B9 (oldbasic.s19) = DC60
Symbol: LB4CD (oldbasic.s19) = DC74
Symbol: LB4CE (oldbasic.s19) = DC75
Symbol: LB4D8 (oldbasic.s19) = DC7F
Symbol: LB4E6 (oldbasic.s19) = DC8D
Symbol: LB4EB (oldbasic.s19) = DC92
Symbol: LB4F3 (oldbasic.s19) = DC9A
Symbol: LB50D (oldbasic.s19) = DCB4
Symbol: LB50F (oldbasic.s19) = DCB6
Symbol: LB511 (oldbasic.s19) = DCB8
Symbol: LB516 (oldbasic.s19) = DCBD
Symbol: LB518 (oldbasic.s19) = DCBF
Symbol: LB51A (oldbasic.s19) = DCC3
Symbol: LB51E (oldbasic.s19) = DCC5
Symbol: LB526 (oldbasic.s19) = DCCD
Symbol: LB533 (oldbasic.s19) = DCDA
Symbol: LB537 (oldbasic.s19) = DCDE
Symbol: LB539 (oldbasic.s19) = DCE0
Symbol: LB543 (oldbasic.s19) = DCEA
Symbol: LB54C (oldbasic.s19) = DCF3
Symbol: LB555 (oldbasic.s19) = DCFC
Symbol: LB558 (oldbasic.s19) = DCFF
Symbol: LB56D (oldbasic.s19) = DD14
Symbol: LB56F (oldbasic.s19) = DD16
Symbol: LB585 (oldbasic.s19) = DD2C
Symbol: LB591 (oldbasic.s19) = DD38
Symbol: LB593 (oldbasic.s19) = DD3A
Symbol: LB5A0 (oldbasic.s19) = DD47
Symbol: LB5A8 (oldbasic.s19) = DD4F
Symbol: LB5AA (oldbasic.s19) = DD51
Symbol: LB5B2 (oldbasic.s19) = DD59
Symbol: LB5B4 (oldbasic.s19) = DD5B
Symbol: LB5B6 (oldbasic.s19) = DD5D
Symbol: LB5CA (oldbasic.s19) = DD71
Symbol: LB5D2 (oldbasic.s19) = DD79
Symbol: LB5D8 (oldbasic.s19) = DD7F
Symbol: LB5EC (oldbasic.s19) = DD93
Symbol: LB5EE (oldbasic.s19) = DD95
Symbol: LB5EF (oldbasic.s19) = DD96
Symbol: LB60F (oldbasic.s19) = DDB6
Symbol: LB62A (oldbasic.s19) = DDD1
Symbol: LB643 (oldbasic.s19) = DDEA
Symbol: LB645 (oldbasic.s19) = DDEC
Symbol: LB64A (oldbasic.s19) = DDF1
Symbol: LB64E (oldbasic.s19) = DDF5
Symbol: LB654 (oldbasic.s19) = DDFB
Symbol: LB657 (oldbasic.s19) = DDFE
Symbol: LB659 (oldbasic.s19) = DE00
Symbol: LB66F (oldbasic.s19) = DE16
Symbol: LB672 (oldbasic.s19) = DE19
Symbol: LB675 (oldbasic.s19) = DE1C
Symbol: LB680 (oldbasic.s19) = DE27
Symbol: LB683 (oldbasic.s19) = DE2A
Symbol: LB686 (oldbasic.s19) = DE2D
Symbol: LB68F (oldbasic.s19) = DE36
Symbol: LB69B (oldbasic.s19) = DE42
Symbol: LB69D (oldbasic.s19) = DE44
Symbol: LB6A4 (oldbasic.s19) = DE4B
Symbol: LB6AD (oldbasic.s19) = DE54
Symbol: LB6AE (oldbasic.s19) = DE55
Symbol: LB6B5 (oldbasic.s19) = DE5C
Symbol: LB6DE (oldbasic.s19) = DE85
Symbol: LB6F5 (oldbasic.s19) = DE9C
Symbol: LB706 (oldbasic.s19) = DEAD
Symbol: LB709 (oldbasic.s19) = DEB0
Symbol: LB70B (oldbasic.s19) = DEB2
Symbol: LB70E (oldbasic.s19) = DEB5
Symbol: LB734 (oldbasic.s19) = DEDB
Symbol: LB738 (oldbasic.s19) = DEDF
Symbol: LB73D (oldbasic.s19) = DEE4
Symbol: LB740 (oldbasic.s19) = DEE7
Symbol: LB783 (oldbasic.s19) = E21F
Symbol: LB784 (oldbasic.s19) = E220
Symbol: LB789 (oldbasic.s19) = E225
Symbol: LB78D (oldbasic.s19) = E229
Symbol: LB797 (oldbasic.s19) = E233
Symbol: LB79F (oldbasic.s19) = E236
Symbol: LB7B9 (oldbasic.s19) = E250
Symbol: LB7C2 (oldbasic.s19) = E259
Symbol: LB7CB (oldbasic.s19) = E25F
Symbol: LB7E0 (oldbasic.s19) = E274
Symbol: LB7E2 (oldbasic.s19) = E276
Symbol: LB7E6 (oldbasic.s19) = E27A
Symbol: LB7F1 (oldbasic.s19) = E285
Symbol: LB7F3 (oldbasic.s19) = E287
Symbol: LB801 (oldbasic.s19) = E295
Symbol: LB804 (oldbasic.s19) = E298
Symbol: LB80A (oldbasic.s19) = E29E
Symbol: LB814 (oldbasic.s19) = E2A8
Symbol: LB820 (oldbasic.s19) = E2B4
Symbol: LB821 (oldbasic.s19) = E2B5
Symbol: LB829 (oldbasic.s19) = E2BA
Symbol: LB82D (oldbasic.s19) = E2BE
Symbol: LB842 (oldbasic.s19) = E2D3
Symbol: LB844 (oldbasic.s19) = E2D5
Symbol: LB852 (oldbasic.s19) = E2E3
Symbol: LB85A (oldbasic.s19) = E2EB
Symbol: LB85C (oldbasic.s19) = E2ED
Symbol: LB86B (oldbasic.s19) = E2FC
Symbol: LB873 (oldbasic.s19) = E304
Symbol: LB87C (oldbasic.s19) = E30D
Symbol: LB87E (oldbasic.s19) = E30F
Symbol: LB886 (oldbasic.s19) = E317
Symbol: LB88A (oldbasic.s19) = E31B
Symbol: LB892 (oldbasic.s19) = E323
Symbol: LB89B (oldbasic.s19) = E32C
Symbol: LB89D (oldbasic.s19) = E32E
Symbol: LB8A6 (oldbasic.s19) = E337
Symbol: LB8A8 (oldbasic.s19) = E339
Symbol: LB8C2 (oldbasic.s19) = E353
Symbol: LB8C6 (oldbasic.s19) = E357
Symbol: LB8CE (oldbasic.s19) = E35F
Symbol: LB8D2 (oldbasic.s19) = E363
Symbol: LB8D4 (oldbasic.s19) = E365
Symbol: LB8EA (oldbasic.s19) = E37B
Symbol: LB8F1 (oldbasic.s19) = E382
Symbol: LB8FE (oldbasic.s19) = E38D
Symbol: LB918 (oldbasic.s19) = E38D
Symbol: LB91B (oldbasic.s19) = E390
Symbol: LB91D (oldbasic.s19) = E392
Symbol: LB938 (oldbasic.s19) = E3AD
Symbol: LB949 (oldbasic.s19) = E3B4
Symbol: LB954 (oldbasic.s19) = E3BF
Symbol: LB958 (oldbasic.s19) = E3C3
Symbol: LB95C (oldbasic.s19) = E3C7
Symbol: LB965 (oldbasic.s19) = E3D0
Symbol: LB966 (oldbasic.s19) = E3D1
Symbol: LB975 (oldbasic.s19) = E3E0
Symbol: LB977 (oldbasic.s19) = E3E2
Symbol: LB97E (oldbasic.s19) = E3E9
Symbol: LB98E (oldbasic.s19) = E3F9
Symbol: LB992 (oldbasic.s19) = E3F9
Symbol: LB997 (oldbasic.s19) = E3FE
Symbol: LB99C (oldbasic.s19) = E403
Symbol: LB99F (oldbasic.s19) = E406
Symbol: LB9A3 (oldbasic.s19) = E40A
Symbol: LB9AC (oldbasic.s19) = E413
Symbol: LB9AF (oldbasic.s19) = E416
Symbol: LB9B1 (oldbasic.s19) = E418
Symbol: LB9B4 (oldbasic.s19) = E41B
Symbol: LB9B9 (oldbasic.s19) = E420
Symbol: LB9BC (oldbasic.s19) = E423
Symbol: LB9C2 (oldbasic.s19) = E429
Symbol: LB9C5 (oldbasic.s19) = E42C
Symbol: LB9CD (oldbasic.s19) = E434
Symbol: LB9E2 (oldbasic.s19) = E449
Symbol: LB9EC (oldbasic.s19) = E453
Symbol: LB9FB (oldbasic.s19) = E462
Symbol: LBA18 (oldbasic.s19) = E47F
Symbol: LBA1C (oldbasic.s19) = E483
Symbol: LBA1D (oldbasic.s19) = E484
Symbol: LBA39 (oldbasic.s19) = E4A0
Symbol: LBA3A (oldbasic.s19) = E4A1
Symbol: LBA3E (oldbasic.s19) = E4A5
Symbol: LBA3F (oldbasic.s19) = E4A6
Symbol: LBA44 (oldbasic.s19) = E4AB
Symbol: LBA4F (oldbasic.s19) = E4B6
Symbol: LBA5C (oldbasic.s19) = E4C3
Symbol: LBA66 (oldbasic.s19) = E4CD
Symbol: LBA72 (oldbasic.s19) = E4D9
Symbol: LBA78 (oldbasic.s19) = E4DF
Symbol: LBA79 (oldbasic.s19) = E4E0
Symbol: LBA7B (oldbasic.s19) = E4E2
Symbol: LBA83 (oldbasic.s19) = E4EA
Symbol: LBA91 (oldbasic.s19) = E4F8
Symbol: LBA92 (oldbasic.s19) = E4F9
Symbol: LBA97 (oldbasic.s19) = E4FE
Symbol: LBA9A (oldbasic.s19) = E501
Symbol: LBAAE (oldbasic.s19) = E515
Symbol: LBAB8 (oldbasic.s19) = E51F
Symbol: LBABA (oldbasic.s19) = E521
Symbol: LBAC4 (oldbasic.s19) = E52B
Symbol: LBAC5 (oldbasic.s19) = E52C
Symbol: LBACA (oldbasic.s19) = E531
Symbol: LBACC (oldbasic.s19) = E533
Symbol: LBAD0 (oldbasic.s19) = E537
Symbol: LBB00 (oldbasic.s19) = E567
Symbol: LBB02 (oldbasic.s19) = E569
Symbol: LBB03 (oldbasic.s19) = E56A
Symbol: LBB20 (oldbasic.s19) = E587
Symbol: LBB2E (oldbasic.s19) = E595
Symbol: LBB2F (oldbasic.s19) = E596
Symbol: LBB48 (oldbasic.s19) = E5AF
Symbol: LBB5C (oldbasic.s19) = E5C3
Symbol: LBB61 (oldbasic.s19) = E5C8
Symbol: LBB63 (oldbasic.s19) = E5CA
Symbol: LBB67 (oldbasic.s19) = E5CE
Symbol: LBB6A (oldbasic.s19) = E5D1
Symbol: LBB7C (oldbasic.s19) = E5E3
Symbol: LBB7D (oldbasic.s19) = E5E4
Symbol: LBB82 (oldbasic.s19) = E5E9
Symbol: LBB89 (oldbasic.s19) = E5F0
Symbol: LBB8F (oldbasic.s19) = E5F6
Symbol: LBB91 (oldbasic.s19) = E5F8
Symbol: LBBA4 (oldbasic.s19) = E60B
Symbol: LBBBD (oldbasic.s19) = E624
Symbol: LBBCC (oldbasic.s19) = E633
Symbol: LBBD0 (oldbasic.s19) = E637
Symbol: LBBDE (oldbasic.s19) = E645
Symbol: LBBF8 (oldbasic.s19) = E65F
Symbol: LBBFC (oldbasic.s19) = E663
Symbol: LBC06 (oldbasic.s19) = E66D
Symbol: LBC0B (oldbasic.s19) = E672
Symbol: LBC14 (oldbasic.s19) = E67B
Symbol: LBC2A (oldbasic.s19) = E691
Symbol: LBC2F (oldbasic.s19) = E696
Symbol: LBC33 (oldbasic.s19) = E69A
Symbol: LBC35 (oldbasic.s19) = E69C
Symbol: LBC4A (oldbasic.s19) = E6B1
Symbol: LBC4C (oldbasic.s19) = E6B3
Symbol: LBC5F (oldbasic.s19) = E6C6
Symbol: LBC6D (oldbasic.s19) = E6D4
Symbol: LBC71 (oldbasic.s19) = E6D8
Symbol: LBC73 (oldbasic.s19) = E6DA
Symbol: LBC79 (oldbasic.s19) = E6E0
Symbol: LBC7C (oldbasic.s19) = E6E3
Symbol: LBC82 (oldbasic.s19) = E6E9
Symbol: LBC86 (oldbasic.s19) = E6ED
Symbol: LBC96 (oldbasic.s19) = E6FD
Symbol: LBCA0 (oldbasic.s19) = E707
Symbol: LBCC3 (oldbasic.s19) = E72A
Symbol: LBCC8 (oldbasic.s19) = E72F
Symbol: LBCD7 (oldbasic.s19) = E73E
Symbol: LBCE4 (oldbasic.s19) = E74B
Symbol: LBD09 (oldbasic.s19) = E770
Symbol: LBD11 (oldbasic.s19) = E778
Symbol: LBD12 (oldbasic.s19) = E779
Symbol: LBD25 (oldbasic.s19) = E78C
Symbol: LBD2D (oldbasic.s19) = E794
Symbol: LBD31 (oldbasic.s19) = E798
Symbol: LBD35 (oldbasic.s19) = E79C
Symbol: LBD53 (oldbasic.s19) = E7BA
Symbol: LBD55 (oldbasic.s19) = E7BC
Symbol: LBD59 (oldbasic.s19) = E7C0
Symbol: LBD61 (oldbasic.s19) = E7C8
Symbol: LBD65 (oldbasic.s19) = E7CC
Symbol: LBD6F (oldbasic.s19) = E7D6
Symbol: LBD78 (oldbasic.s19) = E7DF
Symbol: LBD7F (oldbasic.s19) = E7E6
Symbol: LBD86 (oldbasic.s19) = E7ED
Symbol: LBD99 (oldbasic.s19) = E800
Symbol: LBDA5 (oldbasic.s19) = E80C
Symbol: LBDB6 (oldbasic.s19) = E81D
Symbol: LBDBB (oldbasic.s19) = E822
Symbol: LBDC0 (oldbasic.s19) = E827
Symbol: LBDC5 (oldbasic.s19) = E82C
Symbol: LBDCC (oldbasic.s19) = E833
Symbol: LBDD6 (oldbasic.s19) = E83D
Symbol: LBDD9 (oldbasic.s19) = E840
Symbol: LBDDC (oldbasic.s19) = E843
Symbol: LBDE4 (oldbasic.s19) = E84B
Symbol: LBDFF (oldbasic.s19) = E866
Symbol: LBE01 (oldbasic.s19) = E868
Symbol: LBE09 (oldbasic.s19) = E870
Symbol: LBE18 (oldbasic.s19) = E87F
Symbol: LBE1F (oldbasic.s19) = E886
Symbol: LBE36 (oldbasic.s19) = E89D
Symbol: LBE4B (oldbasic.s19) = E8B2
Symbol: LBE50 (oldbasic.s19) = E8B7
Symbol: LBE72 (oldbasic.s19) = E8D9
Symbol: LBE84 (oldbasic.s19) = E8EB
Symbol: LBE8C (oldbasic.s19) = E8F3
Symbol: LBE98 (oldbasic.s19) = E8FF
Symbol: LBEA3 (oldbasic.s19) = E90A
Symbol: LBEAB (oldbasic.s19) = E912
Symbol: LBEB8 (oldbasic.s19) = E91F
Symbol: LBEBA (oldbasic.s19) = E921
Symbol: LBEBC (oldbasic.s19) = E923
Symbol: LBEC0 (oldbasic.s19) = E927
Symbol: LBEC5 (oldbasic.s19) = E92C
Symbol: LBEC9 (oldbasic.s19) = E930
Symbol: LBECD (oldbasic.s19) = E934
Symbol: LBED1 (oldbasic.s19) = E938
Symbol: LBED5 (oldbasic.s19) = E93C
Symbol: LBED9 (oldbasic.s19) = E940
Symbol: LBEDD (oldbasic.s19) = E944
Symbol: LBEE1 (oldbasic.s19) = E948
Symbol: LBEE5 (oldbasic.s19) = E94C
Symbol: LBEE9 (oldbasic.s19) = E950
Symbol: LBEEF (oldbasic.s19) = E956
Symbol: LBEF0 (oldbasic.s19) = E957
Symbol: LBEFC (oldbasic.s19) = E963
Symbol: LBEFF (oldbasic.s19) = E966
Symbol: LBF01 (oldbasic.s19) = E968
Symbol: LBF0C (oldbasic.s19) = E973
Symbol: LBF38 (oldbasic.s19) = E99F
Symbol: LBF3B (oldbasic.s19) = E9A2
Symbol: LBF45 (oldbasic.s19) = E9AA
Symbol: LBFA6 (oldbasic.s19) = EA09
Symbol: LBFA9 (oldbasic.s19) = EA0C
Symbol: LBFB7 (oldbasic.s19) = EA1A
Symbol: LBFBD (oldbasic.s19) = EA20
Symbol: LBFC2 (oldbasic.s19) = EA25
Symbol: LBFC7 (oldbasic.s19) = EA2A
Symbol: LBFC8 (oldbasic.s19) = EA2B
Symbol: LBFCD (oldbasic.s19) = EA30
Symbol: LBFD2 (oldbasic.s19) = EA35
Symbol: LBFD7 (oldbasic.s19) = EA3A
Symbol: LBFDC (oldbasic.s19) = EA3F
Symbol: LBFE1 (oldbasic.s19) = EA44
Symbol: LBFF0 (oldbasic.s19) = FFF0
Symbol: LBFF2 (oldbasic.s19) = FFF2
Symbol: LBFF4 (oldbasic.s19) = FFF4
Symbol: LBFF6 (oldbasic.s19) = FFF6
Symbol: LBFF8 (oldbasic.s19) = FFF8
Symbol: LBFFA (oldbasic.s19) = FFFA
Symbol: LBFFC (oldbasic.s19) = FFFC
Symbol: LBFFE (oldbasic.s19) = FFFE
Symbol: LBUFMX (oldbasic.s19) = 00FA
Symbol: LEFT (oldbasic.s19) = DE52
Symbol: LEN (oldbasic.s19) = DE28
Symbol: LET (oldbasic.s19) = D759
Symbol: LF (oldbasic.s19) = 000A
Symbol: LINBUF (oldbasic.s19) = 00F3
Symbol: LINE (oldbasic.s19) = F6EC
Symbol: LINHDR (oldbasic.s19) = 00F1
Symbol: LIST (oldbasic.s19) = E200
Symbol: LOG (oldbasic.s19) = EB21
Symbol: LPTCFW (oldbasic.s19) = 0076
Symbol: LPTLCF (oldbasic.s19) = 0077
Symbol: LPTPOS (oldbasic.s19) = 0079
Symbol: LPTWID (oldbasic.s19) = 0078
Symbol: LSTTXT (oldbasic.s19) = 0066
Symbol: MAXLIN (oldbasic.s19) = 00FA
Symbol: MEM (oldbasic.s19) = DC95
Symbol: MEMSIZ (oldbasic.s19) = 0027
Symbol: MID (oldbasic.s19) = DE76
Symbol: NEW (oldbasic.s19) = D4DB
Symbol: NEWLINE (oldbasic.s19) = D02A
Symbol: NEXT (oldbasic.s19) = D8A4
Symbol: NMIVEC (oldbasic.s19) = 00A4
Symbol: NOCHAR (oldbasic.s19) = D015
Symbol: NUM_SEC_FNS (oldbasic.s19) = 001D
Symbol: OLDPTR (oldbasic.s19) = 002D
Symbol: OLDTXT (oldbasic.s19) = 0029
Symbol: ON (oldbasic.s19) = D712
Symbol: PEEK (oldbasic.s19) = DEF7
Symbol: POKE (oldbasic.s19) = DEFE
Symbol: POS (oldbasic.s19) = ED87
Symbol: PRINT (oldbasic.s19) = E388
Symbol: PROGST (oldbasic.s19) = 0217
Symbol: PUTCHR (oldbasic.s19) = D017
Symbol: PUTEND (oldbasic.s19) = D03A
Symbol: READ (oldbasic.s19) = D7F9
Symbol: RELFLG (oldbasic.s19) = 000A
Symbol: RELPTR (oldbasic.s19) = 003D
Symbol: REM (oldbasic.s19) = D6B3
Symbol: RENUM (oldbasic.s19) = F088
Symbol: RESSGN (oldbasic.s19) = 0062
Symbol: RESTOR (oldbasic.s19) = D5BF
Symbol: RESVEC (oldbasic.s19) = D04C
Symbol: RETURN (oldbasic.s19) = D690
Symbol: RIGHT (oldbasic.s19) = DE6F
Symbol: RND (oldbasic.s19) = E986
Symbol: RSEED (oldbasic.s19) = E9D7
Symbol: RSTFLG (oldbasic.s19) = 006E
Symbol: RSTVEC (oldbasic.s19) = 006F
Symbol: RTS_LOW (oldbasic.s19) = 0095
Symbol: RUN (oldbasic.s19) = D64B
Symbol: RVSEED (oldbasic.s19) = 00B0
Symbol: SCCA_INIT (oldbasic.s19) = F6F5
Symbol: SCCA_TBL (oldbasic.s19) = F70A
Symbol: SECTOK (oldbasic.s19) = D5B4
Symbol: SGN (oldbasic.s19) = E6E1
Symbol: SIN (oldbasic.s19) = E9DB
Symbol: SKP1 (oldbasic.s19) = 0021
Symbol: SKP1LD (oldbasic.s19) = 0086
Symbol: SKP2 (oldbasic.s19) = 008C
Symbol: SPACE (oldbasic.s19) = 0020
Symbol: SQR (oldbasic.s19) = EB5B
Symbol: STKBUF (oldbasic.s19) = 003A
Symbol: STOP (oldbasic.s19) = D5E1
Symbol: STR (oldbasic.s19) = DCA4
Symbol: STRBUF (oldbasic.s19) = 01EE
Symbol: STRDES (oldbasic.s19) = 0056
Symbol: STRING (oldbasic.s19) = EE1F
Symbol: STRSTK (oldbasic.s19) = 00C9
Symbol: STRTAB (oldbasic.s19) = 0023
Symbol: SW2VEC (oldbasic.s19) = 009E
Symbol: SW3VEC (oldbasic.s19) = 009B
Symbol: SWIVEC (oldbasic.s19) = 00A1
Symbol: SYSCFG (oldbasic.s19) = E040
Symbol: T0?_F6FB (oldbasic.s19) = F6FB
Symbol: T1?_F700 (oldbasic.s19) = F700
Symbol: TAN (oldbasic.s19) = EA5C
Symbol: TEMPPT (oldbasic.s19) = 000B
Symbol: TEMPTR (oldbasic.s19) = 000F
Symbol: TINPTR (oldbasic.s19) = 002F
Symbol: TMPLOC (oldbasic.s19) = 0003
Symbol: TMPTR1 (oldbasic.s19) = 0011
Symbol: TOK_DATA (oldbasic.s19) = 0086
Symbol: TOK_ELSE (oldbasic.s19) = 0084
Symbol: TOK_EQUALS (oldbasic.s19) = 00AE
Symbol: TOK_FF_USR (oldbasic.s19) = FF83
Symbol: TOK_FN (oldbasic.s19) = 00B0
Symbol: TOK_GO (oldbasic.s19) = 0081
Symbol: TOK_GREATER (oldbasic.s19) = 00AD
Symbol: TOK_HIGH_EXEC (oldbasic.s19) = 009E
Symbol: TOK_IF (oldbasic.s19) = 0085
Symbol: TOK_INKEY (oldbasic.s19) = 0098
Symbol: TOK_INPUT (oldbasic.s19) = 0089
Symbol: TOK_LEFT (oldbasic.s19) = 0095
Symbol: TOK_MID (oldbasic.s19) = 0097
Symbol: TOK_MINUS (oldbasic.s19) = 00A7
Symbol: TOK_NOT (oldbasic.s19) = 00A3
Symbol: TOK_PLUS (oldbasic.s19) = 00A6
Symbol: TOK_PRINT (oldbasic.s19) = 0087
Symbol: TOK_REM (oldbasic.s19) = 0082
Symbol: TOK_SNGL_Q (oldbasic.s19) = 0083
Symbol: TOK_STEP (oldbasic.s19) = 00A4
Symbol: TOK_SUB (oldbasic.s19) = 00A1
Symbol: TOK_TAB (oldbasic.s19) = 009F
Symbol: TOK_THEN (oldbasic.s19) = 00A2
Symbol: TOK_TO (oldbasic.s19) = 00A0
Symbol: TOK_USING (oldbasic.s19) = 00B1
Symbol: TOK_USR (oldbasic.s19) = 0083
Symbol: TOPRAM (oldbasic.s19) = 0071
Symbol: TRCFLG (oldbasic.s19) = 008C
Symbol: TRELFL (oldbasic.s19) = 003F
Symbol: TROFF (oldbasic.s19) = ED83
Symbol: TRON (oldbasic.s19) = ED82
Symbol: TXTTAB (oldbasic.s19) = 0019
Symbol: USR0 (oldbasic.s19) = 00B5
Symbol: USRADR (oldbasic.s19) = 008D
Symbol: USRJMP (oldbasic.s19) = 00AD
Symbol: V40 (oldbasic.s19) = 0040
Symbol: V41 (oldbasic.s19) = 0041
Symbol: V42 (oldbasic.s19) = 0042
Symbol: V43 (oldbasic.s19) = 0043
Symbol: V44 (oldbasic.s19) = 0044
Symbol: V45 (oldbasic.s19) = 0045
Symbol: V46 (oldbasic.s19) = 0046
Symbol: V47 (oldbasic.s19) = 0047
Symbol: V48 (oldbasic.s19) = 0048
Symbol: V4A (oldbasic.s19) = 004A
Symbol: V4B (oldbasic.s19) = 004B
Symbol: V4D (oldbasic.s19) = 004D
Symbol: V_FIRQ (oldbasic.s19) = FFF6
Symbol: V_IRQ (oldbasic.s19) = FFF8
Symbol: V_NMI (oldbasic.s19) = FFFC
Symbol: V_RESET (oldbasic.s19) = FFFE
Symbol: V_SWI (oldbasic.s19) = FFFA
Symbol: V_SWI2 (oldbasic.s19) = FFF4
Symbol: V_SWI3 (oldbasic.s19) = FFF2
Symbol: VAB (oldbasic.s19) = 0088
Symbol: VAC (oldbasic.s19) = 0089
Symbol: VAD (oldbasic.s19) = 008A
Symbol: VAE (oldbasic.s19) = 008B
Symbol: VAL (oldbasic.s19) = DEBD
Symbol: VALTYP (oldbasic.s19) = 0006
Symbol: VARDES (oldbasic.s19) = 003B
Symbol: VARNAM (oldbasic.s19) = 0037
Symbol: VARPT (oldbasic.s19) = ED8F
Symbol: VARPTR (oldbasic.s19) = 0039
Symbol: VARTAB (oldbasic.s19) = 001B
Symbol: VCF (oldbasic.s19) = 008F
Symbol: VD1 (oldbasic.s19) = 0091
Symbol: VD3 (oldbasic.s19) = 0093
Symbol: VD5 (oldbasic.s19) = 0095
Symbol: VD7 (oldbasic.s19) = 0097
Symbol: VD8 (oldbasic.s19) = 0098
Symbol: VD9 (oldbasic.s19) = 0099
Symbol: VDA (oldbasic.s19) = 009A
Symbol: WAITACIA (oldbasic.s19) = D03D
Symbol: WRWAIT (oldbasic.s19) = D03F
Symbol: XVEC15 (oldbasic.s19) = EF17
Symbol: XVEC19 (oldbasic.s19) = EEB6
Symbol: XVEC9 (oldbasic.s19) = F2ED
Symbol: ZERO (oldbasic.s19) = 0074
Symbol: ZSCCAC (oldbasic.s19) = E012
Symbol: ZSCCAD (oldbasic.s19) = E013
